06-02 14:44:17.207 11156 11156 I Telecom : DefaultDialerCache: Refreshing default dialer for user 0: now null: DDC.oR@AJ8
06-02 14:44:17.213 11156 11172 D AutofillUI: destroySaveUiUiThread(): already destroyed
06-02 14:44:17.213 11156 11170 D AutofillManagerServiceImpl: Reset component for user 0
06-02 14:44:17.214 11156 11170 W VoiceInteractionManagerService: no available voice recognition services found for user 0
06-02 14:44:25.584 11156 11167 I ActivityManager: START u0 {flg=0x10804000 cmp=com.android.systemui/.recents.RecentsActivity} from uid 10022
06-02 14:44:25.673 11156 11176 D AutofillManagerService: Close system dialogs
06-02 14:44:27.444 11156 11176 D AutofillManagerService: Close system dialogs
06-02 14:44:27.460 11156 21805 I ActivityManager: Killing 15217:com.android.documentsui/u0a4 (adj 902): remove task
06-02 14:44:27.464 11156 11167 I ActivityManager: START u0 {act=android.intent.action.MAIN cat=[android.intent.category.HOME] flg=0x10200000 cmp=cn.inbot.padbotlauncher/.MainActivity} from uid 10022
06-02 14:44:27.498 11156 12924 D AutofillManagerServiceImpl: Reset component for user 0
06-02 14:44:27.546 11156 21805 I ActivityManager: Killing 15267:com.android.webview:sandboxed_process0/u0a41i3 (adj 0): isolated not needed
06-02 14:44:27.578 11156 11174 D KernelUidCpuTimeReader: Removing uids 99003-99003
06-02 14:44:27.655 11156 11377 I WindowManager: WIN DEATH: Window{cd8574d u0 com.android.documentsui/com.android.documentsui.files.FilesActivity}
06-02 14:44:27.668 11156 11178 W ActivityManager: setHasOverlayUi called on unknown pid: 15217
06-02 14:44:29.055 11156 23620 I ActivityManager: START u0 {act=android.intent.action.MAIN cat=[android.intent.category.LAUNCHER] flg=0x10000000 cmp=com.robotgui.gotu/com.robotgui.MainActivity} from uid 10045
06-02 14:44:29.102 11156 23620 I ActivityManager: Start proc 16459:com.robotgui.gotu/u0a59 for activity com.robotgui.gotu/com.robotgui.MainActivity
06-02 14:45:10.626 11156 11167 I ActivityManager: START u0 {act=android.content.pm.action.REQUEST_PERMISSIONS pkg=com.android.packageinstaller cmp=com.android.packageinstaller/.permission.ui.GrantPermissionsActivity (has extras)} from uid 10059
06-02 14:45:10.704 16459 16459 E AndroidRuntime: FATAL EXCEPTION: main
06-02 14:45:10.704 16459 16459 E AndroidRuntime: Process: com.robotgui.gotu, PID: 16459
06-02 14:45:10.704 16459 16459 E AndroidRuntime: java.lang.RuntimeException: Failure delivering result ResultInfo{who=@android:requestPermissions:, request=1001, result=-1, data=Intent { act=android.content.pm.action.REQUEST_PERMISSIONS (has extras) }} to activity {com.robotgui.gotu/com.robotgui.MainActivity}: java.lang.NullPointerException: Attempt to invoke virtual method 'com.facebook.react.ReactInstanceManager com.facebook.react.ReactNativeHost.getReactInstanceManager()' on a null object reference
06-02 14:45:10.704 16459 16459 E AndroidRuntime: 	at android.app.ActivityThread.deliverResults(ActivityThread.java:4268)
06-02 14:45:10.704 16459 16459 E AndroidRuntime: 	at android.app.ActivityThread.handleSendResult(ActivityThread.java:4312)
06-02 14:45:10.704 16459 16459 E AndroidRuntime: 	at android.app.ActivityThread.-wrap19(Unknown Source:0)
06-02 14:45:10.704 16459 16459 E AndroidRuntime: 	at android.app.ActivityThread$H.handleMessage(ActivityThread.java:1644)
06-02 14:45:10.704 16459 16459 E AndroidRuntime: 	at android.os.Handler.dispatchMessage(Handler.java:106)
06-02 14:45:10.704 16459 16459 E AndroidRuntime: 	at android.os.Looper.loop(Looper.java:164)
06-02 14:45:10.704 16459 16459 E AndroidRuntime: 	at android.app.ActivityThread.main(ActivityThread.java:6494)
06-02 14:45:10.704 16459 16459 E AndroidRuntime: 	at java.lang.reflect.Method.invoke(Native Method)
06-02 14:45:10.704 16459 16459 E AndroidRuntime: 	at com.android.internal.os.RuntimeInit$MethodAndArgsCaller.run(RuntimeInit.java:438)
06-02 14:45:10.704 16459 16459 E AndroidRuntime: 	at com.android.internal.os.ZygoteInit.main(ZygoteInit.java:807)
06-02 14:45:10.704 16459 16459 E AndroidRuntime: Caused by: java.lang.NullPointerException: Attempt to invoke virtual method 'com.facebook.react.ReactInstanceManager com.facebook.react.ReactNativeHost.getReactInstanceManager()' on a null object reference
06-02 14:45:10.704 16459 16459 E AndroidRuntime: 	at com.facebook.react.ReactDelegate.getReactInstanceManager(ReactDelegate.java:377)
06-02 14:45:10.704 16459 16459 E AndroidRuntime: 	at com.facebook.react.ReactActivityDelegate.getReactInstanceManager(ReactActivityDelegate.java:109)
06-02 14:45:10.704 16459 16459 E AndroidRuntime: 	at com.facebook.react.ReactActivity.getReactInstanceManager(ReactActivity.java:156)
06-02 14:45:10.704 16459 16459 E AndroidRuntime: 	at com.robotgui.MainActivity.onRequestPermissionsResult(MainActivity.kt:49)
06-02 14:45:10.704 16459 16459 E AndroidRuntime: 	at android.app.Activity.dispatchRequestPermissionsResult(Activity.java:7456)
06-02 14:45:10.704 16459 16459 E AndroidRuntime: 	at android.app.Activity.dispatchActivityResult(Activity.java:7307)
06-02 14:45:10.704 16459 16459 E AndroidRuntime: 	at android.app.ActivityThread.deliverResults(ActivityThread.java:4264)
06-02 14:45:10.704 16459 16459 E AndroidRuntime: 	... 9 more
06-02 14:45:10.710 11156 11167 W ActivityManager:   Force finishing activity com.robotgui.gotu/com.robotgui.MainActivity
06-02 14:45:10.716 11156 11172 I ActivityManager: Showing crash dialog for package com.robotgui.gotu u0
06-02 14:45:11.214 11156 11171 W ActivityManager: Activity pause timeout for ActivityRecord{dba448c u0 com.robotgui.gotu/com.robotgui.MainActivity t29 f}
06-02 14:45:11.337 11156 11172 W Looper  : Dispatch took 112ms on android.ui, h=Handler (com.android.server.am.ActivityManagerService$UiHandler) {9a3e2ad} cb=null msg=31
06-02 14:45:12.611 11156 11167 W ActivityManager:   Force finishing activity com.robotgui.gotu/com.robotgui.MainActivity
06-02 14:45:12.649 11156 11167 I ActivityManager: Killing 16459:com.robotgui.gotu/u0a59 (adj 900): crash
06-02 14:45:12.757 11156 11178 W ActivityManager: setHasOverlayUi called on unknown pid: 16459
06-02 14:45:12.829 11156 11208 W AppOps  : Finishing op nesting under-run: uid 1000 pkg android code 24 time=0 duration=0 nesting=0
06-02 14:45:13.419 11156 11377 I ActivityManager: START u0 {act=android.intent.action.MAIN cat=[android.intent.category.LAUNCHER] flg=0x10000000 cmp=com.android.documentsui/.LauncherActivity} from uid 10045
06-02 14:45:13.457 11156 23620 I ActivityManager: Start proc 16841:com.android.documentsui/u0a4 for activity com.android.documentsui/.LauncherActivity
06-02 14:45:13.552 11156 11377 I ActivityManager: START u0 {dat=//com.android.documentsui.launchControl flg=0x10000000 cmp=com.android.documentsui/.files.FilesActivity (has extras)} from uid 10004
06-02 14:45:16.918 11156 23620 I ActivityManager: START u0 {act=android.intent.action.VIEW dat=content://com.android.providers.downloads.documents/document/raw:/storage/emulated/0/Download/GoTu/debug_log.txt typ=text/plain flg=0x3 cmp=android/com.android.internal.app.ResolverActivity} from uid 10004
06-02 14:45:18.331 11156 11810 I PackageManager: Setting last chosen activity com.android.htmlviewer/.HTMLViewerActivity for user 0:
06-02 14:45:18.335 11156 11810 I ActivityManager: START u0 {act=android.intent.action.VIEW dat=content://com.android.providers.downloads.documents/document/raw:/storage/emulated/0/Download/GoTu/debug_log.txt typ=text/plain flg=0x3000003 cmp=com.android.htmlviewer/.HTMLViewerActivity} from uid 10004
06-02 14:45:18.479 11156 11810 I ActivityManager: Start proc 16895:com.android.webview:sandboxed_process0/u0i4 for webview_service com.android.htmlviewer/org.chromium.content.app.SandboxedProcessService0
06-02 14:49:38.126  9742 13373 D StorageManager: probeEmmc find /sys/block/mmcblk1rpmb
06-02 14:49:40.536 11156 11171 I ActivityManager: Force stopping com.robotgui.gotu appid=10059 user=-1: installPackageLI
06-02 14:49:40.585 11156 11186 I PackageManager: Package com.robotgui.gotu codePath changed from /data/app/com.robotgui.gotu-MlEjDQBGr-jkMqs98PB7Cw== to /data/app/com.robotgui.gotu-UHP2rTDw44wpTee7BasGMw==; Retaining data and using new
06-02 14:49:40.585 11156 11186 W PackageManager: Code path for com.robotgui.gotu changing from /data/app/com.robotgui.gotu-MlEjDQBGr-jkMqs98PB7Cw== to /data/app/com.robotgui.gotu-UHP2rTDw44wpTee7BasGMw==
06-02 14:49:40.585 11156 11186 W PackageManager: Resource path for com.robotgui.gotu changing from /data/app/com.robotgui.gotu-MlEjDQBGr-jkMqs98PB7Cw== to /data/app/com.robotgui.gotu-UHP2rTDw44wpTee7BasGMw==
06-02 14:49:40.617 11156 11186 I PackageManager: Un-granting permission android.permission.MOUNT_UNMOUNT_FILESYSTEMS from package cn.inbot.padbotsystemsettings (protectionLevel=18 flags=0x3888be44)
06-02 14:49:40.617 11156 11186 I PackageManager: Un-granting permission android.permission.WRITE_SETTINGS from package cn.inbot.padbotsystemsettings (protectionLevel=1218 flags=0x3888be44)
06-02 14:49:40.617 11156 11186 I PackageManager: Un-granting permission android.permission.WRITE_APN_SETTINGS from package cn.inbot.padbotsystemsettings (protectionLevel=18 flags=0x3888be44)
06-02 14:49:40.655 11156 11186 D PackageManager: Ephemeral installer not found with new action; try old one
06-02 14:49:40.655 11156 11186 D PackageManager: Clear ephemeral installer activity
06-02 14:49:40.729 11156 11186 I ActivityManager: Force stopping com.robotgui.gotu appid=10059 user=0: pkg removed
06-02 14:49:40.742 11156 11171 W BroadcastQueue: Background execution not allowed: receiving Intent { act=android.intent.action.PACKAGE_REMOVED dat=package:com.robotgui.gotu flg=0x4000010 (has extras) } to cn.inbot.padbotsettings/.broadcast.AppManagerBroadcastReceiver
06-02 14:49:40.743 11156 11171 W BroadcastQueue: Background execution not allowed: receiving Intent { act=android.intent.action.PACKAGE_REMOVED dat=package:com.robotgui.gotu flg=0x4000010 (has extras) } to com.android.gallery3d/.app.PackagesMonitor
06-02 14:49:40.752 11156 11171 W BroadcastQueue: Background execution not allowed: receiving Intent { act=android.intent.action.PACKAGE_REMOVED dat=package:com.robotgui.gotu flg=0x4000010 (has extras) } to com.android.musicfx/.Compatibility$Receiver
06-02 14:49:40.753 11156 11171 W BroadcastQueue: Background execution not allowed: receiving Intent { act=android.intent.action.PACKAGE_ADDED dat=package:com.robotgui.gotu flg=0x4000010 (has extras) } to cn.inbot.padbotlauncher/.receiver.PackageBroadcastReceiver
06-02 14:49:40.754 11156 11171 W BroadcastQueue: Background execution not allowed: receiving Intent { act=android.intent.action.PACKAGE_ADDED dat=package:com.robotgui.gotu flg=0x4000010 (has extras) } to cn.inbot.padbotsettings/.broadcast.AppManagerBroadcastReceiver
06-02 14:49:40.754 11156 11171 W BroadcastQueue: Background execution not allowed: receiving Intent { act=android.intent.action.PACKAGE_ADDED dat=package:com.robotgui.gotu flg=0x4000010 (has extras) } to com.android.gallery3d/.app.PackagesMonitor
06-02 14:49:40.755 11156 11171 W BroadcastQueue: Background execution not allowed: receiving Intent { act=android.intent.action.PACKAGE_ADDED dat=package:com.robotgui.gotu flg=0x4000010 (has extras) } to com.android.musicfx/.Compatibility$Receiver
06-02 14:49:40.756 11156 11171 W BroadcastQueue: Background execution not allowed: receiving Intent { act=android.intent.action.PACKAGE_ADDED dat=package:com.robotgui.gotu flg=0x4000010 (has extras) } to com.svox.pico/.VoiceDataInstallerReceiver
06-02 14:49:40.756 11156 11171 W BroadcastQueue: Background execution not allowed: receiving Intent { act=android.intent.action.PACKAGE_REPLACED dat=package:com.robotgui.gotu flg=0x4000010 (has extras) } to cn.inbot.padbotlauncher/.receiver.PackageBroadcastReceiver
06-02 14:49:40.757 11156 11171 W BroadcastQueue: Background execution not allowed: receiving Intent { act=android.intent.action.PACKAGE_REPLACED dat=package:com.robotgui.gotu flg=0x4000010 (has extras) } to com.android.musicfx/.Compatibility$Receiver
06-02 14:49:40.779 11156 11156 I Telecom : DefaultDialerCache: Refreshing default dialer for user 0: now null: DDC.oR@AKk
06-02 14:49:40.808 11156 11170 D AutofillManagerServiceImpl: Reset component for user 0
06-02 14:49:40.808 11156 11172 D AutofillUI: destroySaveUiUiThread(): already destroyed
06-02 14:49:40.809 11156 11170 W VoiceInteractionManagerService: no available voice recognition services found for user 0
06-02 14:49:53.273 11156 11377 I ActivityManager: START u0 {flg=0x10804000 cmp=com.android.systemui/.recents.RecentsActivity} from uid 10022
06-02 14:49:53.353 11156 11176 D AutofillManagerService: Close system dialogs
06-02 14:49:54.966 11325 11325 V DeadZone: consuming errant click: (520.3221,38.01953)
06-02 14:49:55.021 11156 11176 D AutofillManagerService: Close system dialogs
06-02 14:49:56.448 11156 23620 I ActivityManager: START u0 {flg=0x10804000 cmp=com.android.systemui/.recents.RecentsActivity} from uid 10022
06-02 14:49:56.531 11156 11176 D AutofillManagerService: Close system dialogs
06-02 14:49:57.838 11156 11176 D AutofillManagerService: Close system dialogs
06-02 14:49:57.854 11156 11377 I ActivityManager: Killing 16841:com.android.documentsui/u0a4 (adj 902): remove task
06-02 14:49:57.855 11156 26586 I ActivityManager: START u0 {act=android.intent.action.MAIN cat=[android.intent.category.HOME] flg=0x10200000 cmp=cn.inbot.padbotlauncher/.MainActivity} from uid 10022
06-02 14:49:57.899 11156 23620 D AutofillManagerServiceImpl: Reset component for user 0
06-02 14:49:57.945 11156 26586 I ActivityManager: Killing 16895:com.android.webview:sandboxed_process0/u0a41i4 (adj 0): isolated not needed
06-02 14:49:57.989 11156 11167 I WindowManager: WIN DEATH: Window{96ea02a u0 com.android.documentsui/com.android.documentsui.files.FilesActivity}
06-02 14:49:57.994 11156 11174 D KernelUidCpuTimeReader: Removing uids 99004-99004
06-02 14:49:58.000 11156 11178 W ActivityManager: setHasOverlayUi called on unknown pid: 16841
06-02 14:49:59.142 11156  9729 I ActivityManager: START u0 {act=android.intent.action.MAIN cat=[android.intent.category.LAUNCHER] flg=0x10000000 cmp=com.robotgui.gotu/com.robotgui.MainActivity} from uid 10045
06-02 14:49:59.189 11156  9729 I ActivityManager: Start proc 18107:com.robotgui.gotu/u0a59 for activity com.robotgui.gotu/com.robotgui.MainActivity
06-02 14:50:12.797 11156 11167 I ActivityManager: START u0 {act=android.content.pm.action.REQUEST_PERMISSIONS pkg=com.android.packageinstaller cmp=com.android.packageinstaller/.permission.ui.GrantPermissionsActivity (has extras)} from uid 10059
06-02 14:50:12.863 18107 18107 E AndroidRuntime: FATAL EXCEPTION: main
06-02 14:50:12.863 18107 18107 E AndroidRuntime: Process: com.robotgui.gotu, PID: 18107
06-02 14:50:12.863 18107 18107 E AndroidRuntime: java.lang.RuntimeException: Failure delivering result ResultInfo{who=@android:requestPermissions:, request=1001, result=-1, data=Intent { act=android.content.pm.action.REQUEST_PERMISSIONS (has extras) }} to activity {com.robotgui.gotu/com.robotgui.MainActivity}: java.lang.NullPointerException: Attempt to invoke virtual method 'com.facebook.react.ReactInstanceManager com.facebook.react.ReactNativeHost.getReactInstanceManager()' on a null object reference
06-02 14:50:12.863 18107 18107 E AndroidRuntime: 	at android.app.ActivityThread.deliverResults(ActivityThread.java:4268)
06-02 14:50:12.863 18107 18107 E AndroidRuntime: 	at android.app.ActivityThread.handleSendResult(ActivityThread.java:4312)
06-02 14:50:12.863 18107 18107 E AndroidRuntime: 	at android.app.ActivityThread.-wrap19(Unknown Source:0)
06-02 14:50:12.863 18107 18107 E AndroidRuntime: 	at android.app.ActivityThread$H.handleMessage(ActivityThread.java:1644)
06-02 14:50:12.863 18107 18107 E AndroidRuntime: 	at android.os.Handler.dispatchMessage(Handler.java:106)
06-02 14:50:12.863 18107 18107 E AndroidRuntime: 	at android.os.Looper.loop(Looper.java:164)
06-02 14:50:12.863 18107 18107 E AndroidRuntime: 	at android.app.ActivityThread.main(ActivityThread.java:6494)
06-02 14:50:12.863 18107 18107 E AndroidRuntime: 	at java.lang.reflect.Method.invoke(Native Method)
06-02 14:50:12.863 18107 18107 E AndroidRuntime: 	at com.android.internal.os.RuntimeInit$MethodAndArgsCaller.run(RuntimeInit.java:438)
06-02 14:50:12.863 18107 18107 E AndroidRuntime: 	at com.android.internal.os.ZygoteInit.main(ZygoteInit.java:807)
06-02 14:50:12.863 18107 18107 E AndroidRuntime: Caused by: java.lang.NullPointerException: Attempt to invoke virtual method 'com.facebook.react.ReactInstanceManager com.facebook.react.ReactNativeHost.getReactInstanceManager()' on a null object reference
06-02 14:50:12.863 18107 18107 E AndroidRuntime: 	at com.facebook.react.ReactDelegate.getReactInstanceManager(ReactDelegate.java:377)
06-02 14:50:12.863 18107 18107 E AndroidRuntime: 	at com.facebook.react.ReactActivityDelegate.getReactInstanceManager(ReactActivityDelegate.java:109)
06-02 14:50:12.863 18107 18107 E AndroidRuntime: 	at com.facebook.react.ReactActivity.getReactInstanceManager(ReactActivity.java:156)
06-02 14:50:12.863 18107 18107 E AndroidRuntime: 	at com.robotgui.MainActivity.onRequestPermissionsResult(MainActivity.kt:49)
06-02 14:50:12.863 18107 18107 E AndroidRuntime: 	at android.app.Activity.dispatchRequestPermissionsResult(Activity.java:7456)
06-02 14:50:12.863 18107 18107 E AndroidRuntime: 	at android.app.Activity.dispatchActivityResult(Activity.java:7307)
06-02 14:50:12.863 18107 18107 E AndroidRuntime: 	at android.app.ActivityThread.deliverResults(ActivityThread.java:4264)
06-02 14:50:12.863 18107 18107 E AndroidRuntime: 	... 9 more
06-02 14:50:12.868 11156 13657 W ActivityManager:   Force finishing activity com.robotgui.gotu/com.robotgui.MainActivity
06-02 14:50:12.878 11156 11172 I ActivityManager: Showing crash dialog for package com.robotgui.gotu u0
06-02 14:50:13.374 11156 11171 W ActivityManager: Activity pause timeout for ActivityRecord{5afec1a u0 com.robotgui.gotu/com.robotgui.MainActivity t32 f}
06-02 14:50:13.498 11156 11172 W Looper  : Dispatch took 113ms on android.ui, h=Handler (com.android.server.am.ActivityManagerService$UiHandler) {9a3e2ad} cb=null msg=31
06-02 14:50:14.127 11156 13657 W ActivityManager:   Force finishing activity com.robotgui.gotu/com.robotgui.MainActivity
06-02 14:50:14.127 11156 13657 I ActivityManager: Killing 18107:com.robotgui.gotu/u0a59 (adj 199): crash
06-02 14:50:14.170 11156 13657 W InputMethodManagerService: Got RemoteException sending setActive(false) notification to pid 18107 uid 10059
06-02 14:50:14.216 11156 13868 I WindowManager: WIN DEATH: Window{32ca32b u0 com.robotgui.gotu/com.robotgui.MainActivity}
06-02 14:50:14.217 11156 11178 W ActivityManager: setHasOverlayUi called on unknown pid: 18107
06-02 14:50:14.326 11156 11208 W AppOps  : Finishing op nesting under-run: uid 1000 pkg android code 24 time=0 duration=0 nesting=0
06-02 14:50:15.060 11156 13868 I ActivityManager: START u0 {act=android.intent.action.MAIN cat=[android.intent.category.LAUNCHER] flg=0x10000000 cmp=com.android.documentsui/.LauncherActivity} from uid 10045
06-02 14:50:15.102 11156 13657 I ActivityManager: Start proc 18464:com.android.documentsui/u0a4 for activity com.android.documentsui/.LauncherActivity
06-02 14:50:15.211 11156 13868 I ActivityManager: START u0 {dat=//com.android.documentsui.launchControl flg=0x10000000 cmp=com.android.documentsui/.files.FilesActivity (has extras)} from uid 10004
06-02 14:50:18.699 11156 14317 I ActivityManager: START u0 {act=android.intent.action.VIEW dat=content://com.android.providers.downloads.documents/document/raw:/storage/emulated/0/Download/GoTu/debug_log.txt typ=text/plain flg=0x3 cmp=android/com.android.internal.app.ResolverActivity} from uid 10004
06-02 14:50:20.060 11156 13868 I PackageManager: Setting last chosen activity com.android.htmlviewer/.HTMLViewerActivity for user 0:
06-02 14:50:20.062 11156 13657 I ActivityManager: START u0 {act=android.intent.action.VIEW dat=content://com.android.providers.downloads.documents/document/raw:/storage/emulated/0/Download/GoTu/debug_log.txt typ=text/plain flg=0x3000003 cmp=com.android.htmlviewer/.HTMLViewerActivity} from uid 10004
06-02 14:50:20.178 11156 13657 I ActivityManager: Start proc 18515:com.android.webview:sandboxed_process0/u0i5 for webview_service com.android.htmlviewer/org.chromium.content.app.SandboxedProcessService0
06-02 14:52:31.278  9742  9755 D StorageManager: probeEmmc find /sys/block/mmcblk1rpmb
06-02 14:52:33.807 11156 11171 I ActivityManager: Force stopping com.robotgui.gotu appid=10059 user=-1: installPackageLI
06-02 14:52:33.839 11156 11186 I PackageManager: Package com.robotgui.gotu codePath changed from /data/app/com.robotgui.gotu-UHP2rTDw44wpTee7BasGMw== to /data/app/com.robotgui.gotu-99dcqCvG3jc-jO7V_le4Yg==; Retaining data and using new
06-02 14:52:33.840 11156 11186 W PackageManager: Code path for com.robotgui.gotu changing from /data/app/com.robotgui.gotu-UHP2rTDw44wpTee7BasGMw== to /data/app/com.robotgui.gotu-99dcqCvG3jc-jO7V_le4Yg==
06-02 14:52:33.840 11156 11186 W PackageManager: Resource path for com.robotgui.gotu changing from /data/app/com.robotgui.gotu-UHP2rTDw44wpTee7BasGMw== to /data/app/com.robotgui.gotu-99dcqCvG3jc-jO7V_le4Yg==
06-02 14:52:33.872 11156 11186 I PackageManager: Un-granting permission android.permission.MOUNT_UNMOUNT_FILESYSTEMS from package cn.inbot.padbotsystemsettings (protectionLevel=18 flags=0x3888be44)
06-02 14:52:33.872 11156 11186 I PackageManager: Un-granting permission android.permission.WRITE_SETTINGS from package cn.inbot.padbotsystemsettings (protectionLevel=1218 flags=0x3888be44)
06-02 14:52:33.872 11156 11186 I PackageManager: Un-granting permission android.permission.WRITE_APN_SETTINGS from package cn.inbot.padbotsystemsettings (protectionLevel=18 flags=0x3888be44)
06-02 14:52:33.908 11156 11186 D PackageManager: Ephemeral installer not found with new action; try old one
06-02 14:52:33.908 11156 11186 D PackageManager: Clear ephemeral installer activity
06-02 14:52:34.010 11156 11186 I ActivityManager: Force stopping com.robotgui.gotu appid=10059 user=0: pkg removed
06-02 14:52:34.020 11156 11171 W BroadcastQueue: Background execution not allowed: receiving Intent { act=android.intent.action.PACKAGE_REMOVED dat=package:com.robotgui.gotu flg=0x4000010 (has extras) } to cn.inbot.padbotsettings/.broadcast.AppManagerBroadcastReceiver
06-02 14:52:34.029 11156 11171 W BroadcastQueue: Background execution not allowed: receiving Intent { act=android.intent.action.PACKAGE_REMOVED dat=package:com.robotgui.gotu flg=0x4000010 (has extras) } to com.android.gallery3d/.app.PackagesMonitor
06-02 14:52:34.030 11156 11171 W BroadcastQueue: Background execution not allowed: receiving Intent { act=android.intent.action.PACKAGE_REMOVED dat=package:com.robotgui.gotu flg=0x4000010 (has extras) } to com.android.musicfx/.Compatibility$Receiver
06-02 14:52:34.034 11156 11171 W BroadcastQueue: Background execution not allowed: receiving Intent { act=android.intent.action.PACKAGE_ADDED dat=package:com.robotgui.gotu flg=0x4000010 (has extras) } to cn.inbot.padbotlauncher/.receiver.PackageBroadcastReceiver
06-02 14:52:34.034 11156 11171 W BroadcastQueue: Background execution not allowed: receiving Intent { act=android.intent.action.PACKAGE_ADDED dat=package:com.robotgui.gotu flg=0x4000010 (has extras) } to cn.inbot.padbotsettings/.broadcast.AppManagerBroadcastReceiver
06-02 14:52:34.039 11156 11171 W BroadcastQueue: Background execution not allowed: receiving Intent { act=android.intent.action.PACKAGE_ADDED dat=package:com.robotgui.gotu flg=0x4000010 (has extras) } to com.android.gallery3d/.app.PackagesMonitor
06-02 14:52:34.040 11156 11171 W BroadcastQueue: Background execution not allowed: receiving Intent { act=android.intent.action.PACKAGE_ADDED dat=package:com.robotgui.gotu flg=0x4000010 (has extras) } to com.android.musicfx/.Compatibility$Receiver
06-02 14:52:34.048 11156 11171 W BroadcastQueue: Background execution not allowed: receiving Intent { act=android.intent.action.PACKAGE_ADDED dat=package:com.robotgui.gotu flg=0x4000010 (has extras) } to com.svox.pico/.VoiceDataInstallerReceiver
06-02 14:52:34.048 11156 11171 W BroadcastQueue: Background execution not allowed: receiving Intent { act=android.intent.action.PACKAGE_REPLACED dat=package:com.robotgui.gotu flg=0x4000010 (has extras) } to cn.inbot.padbotlauncher/.receiver.PackageBroadcastReceiver
06-02 14:52:34.049 11156 11171 W BroadcastQueue: Background execution not allowed: receiving Intent { act=android.intent.action.PACKAGE_REPLACED dat=package:com.robotgui.gotu flg=0x4000010 (has extras) } to com.android.musicfx/.Compatibility$Receiver
06-02 14:52:34.064 11156 11156 I Telecom : DefaultDialerCache: Refreshing default dialer for user 0: now null: DDC.oR@ALc
06-02 14:52:34.092 11156 11172 D AutofillUI: destroySaveUiUiThread(): already destroyed
06-02 14:52:34.092 11156 11170 D AutofillManagerServiceImpl: Reset component for user 0
06-02 14:52:34.092 11156 11170 W VoiceInteractionManagerService: no available voice recognition services found for user 0
06-02 14:52:42.379 11156 13657 I ActivityManager: START u0 {flg=0x10804000 cmp=com.android.systemui/.recents.RecentsActivity} from uid 10022
06-02 14:52:42.460 11156 11176 D AutofillManagerService: Close system dialogs
06-02 14:52:43.836 11156 13657 I ActivityManager: Killing 18464:com.android.documentsui/u0a4 (adj 902): remove task
06-02 14:52:43.863 11156 13657 D AutofillManagerServiceImpl: Reset component for user 0
06-02 14:52:43.910 11156 13657 I ActivityManager: Killing 18515:com.android.webview:sandboxed_process0/u0a41i5 (adj 0): isolated not needed
06-02 14:52:43.957 11156 11174 D KernelUidCpuTimeReader: Removing uids 99005-99005
06-02 14:52:43.995 11156 11178 W ActivityManager: setHasOverlayUi called on unknown pid: 18464
06-02 14:52:44.233 11156 11176 D AutofillManagerService: Close system dialogs
06-02 14:52:44.236 11156 13868 I ActivityManager: START u0 {act=android.intent.action.MAIN cat=[android.intent.category.HOME] flg=0x10200000 cmp=cn.inbot.padbotlauncher/.MainActivity} from uid 10022
06-02 14:52:45.506 11156 11517 I ActivityManager: START u0 {act=android.intent.action.MAIN cat=[android.intent.category.LAUNCHER] flg=0x10000000 cmp=com.robotgui.gotu/com.robotgui.MainActivity} from uid 10045
06-02 14:52:45.544 11156 11517 I ActivityManager: Start proc 19163:com.robotgui.gotu/u0a59 for activity com.robotgui.gotu/com.robotgui.MainActivity
06-02 14:52:58.651 11156 11517 I ActivityManager: START u0 {act=android.content.pm.action.REQUEST_PERMISSIONS pkg=com.android.packageinstaller cmp=com.android.packageinstaller/.permission.ui.GrantPermissionsActivity (has extras)} from uid 10059
06-02 14:52:58.763 19163 19163 E AndroidRuntime: FATAL EXCEPTION: main
06-02 14:52:58.763 19163 19163 E AndroidRuntime: Process: com.robotgui.gotu, PID: 19163
06-02 14:52:58.763 19163 19163 E AndroidRuntime: java.lang.RuntimeException: Failure delivering result ResultInfo{who=@android:requestPermissions:, request=1001, result=-1, data=Intent { act=android.content.pm.action.REQUEST_PERMISSIONS (has extras) }} to activity {com.robotgui.gotu/com.robotgui.MainActivity}: java.lang.NullPointerException: Attempt to invoke virtual method 'com.facebook.react.ReactInstanceManager com.facebook.react.ReactNativeHost.getReactInstanceManager()' on a null object reference
06-02 14:52:58.763 19163 19163 E AndroidRuntime: 	at android.app.ActivityThread.deliverResults(ActivityThread.java:4268)
06-02 14:52:58.763 19163 19163 E AndroidRuntime: 	at android.app.ActivityThread.handleSendResult(ActivityThread.java:4312)
06-02 14:52:58.763 19163 19163 E AndroidRuntime: 	at android.app.ActivityThread.-wrap19(Unknown Source:0)
06-02 14:52:58.763 19163 19163 E AndroidRuntime: 	at android.app.ActivityThread$H.handleMessage(ActivityThread.java:1644)
06-02 14:52:58.763 19163 19163 E AndroidRuntime: 	at android.os.Handler.dispatchMessage(Handler.java:106)
06-02 14:52:58.763 19163 19163 E AndroidRuntime: 	at android.os.Looper.loop(Looper.java:164)
06-02 14:52:58.763 19163 19163 E AndroidRuntime: 	at android.app.ActivityThread.main(ActivityThread.java:6494)
06-02 14:52:58.763 19163 19163 E AndroidRuntime: 	at java.lang.reflect.Method.invoke(Native Method)
06-02 14:52:58.763 19163 19163 E AndroidRuntime: 	at com.android.internal.os.RuntimeInit$MethodAndArgsCaller.run(RuntimeInit.java:438)
06-02 14:52:58.763 19163 19163 E AndroidRuntime: 	at com.android.internal.os.ZygoteInit.main(ZygoteInit.java:807)
06-02 14:52:58.763 19163 19163 E AndroidRuntime: Caused by: java.lang.NullPointerException: Attempt to invoke virtual method 'com.facebook.react.ReactInstanceManager com.facebook.react.ReactNativeHost.getReactInstanceManager()' on a null object reference
06-02 14:52:58.763 19163 19163 E AndroidRuntime: 	at com.facebook.react.ReactDelegate.getReactInstanceManager(ReactDelegate.java:377)
06-02 14:52:58.763 19163 19163 E AndroidRuntime: 	at com.facebook.react.ReactActivityDelegate.getReactInstanceManager(ReactActivityDelegate.java:109)
06-02 14:52:58.763 19163 19163 E AndroidRuntime: 	at com.facebook.react.ReactActivity.getReactInstanceManager(ReactActivity.java:156)
06-02 14:52:58.763 19163 19163 E AndroidRuntime: 	at com.robotgui.MainActivity.onRequestPermissionsResult(MainActivity.kt:49)
06-02 14:52:58.763 19163 19163 E AndroidRuntime: 	at android.app.Activity.dispatchRequestPermissionsResult(Activity.java:7456)
06-02 14:52:58.763 19163 19163 E AndroidRuntime: 	at android.app.Activity.dispatchActivityResult(Activity.java:7307)
06-02 14:52:58.763 19163 19163 E AndroidRuntime: 	at android.app.ActivityThread.deliverResults(ActivityThread.java:4264)
06-02 14:52:58.763 19163 19163 E AndroidRuntime: 	... 9 more
06-02 14:52:58.770 11156 11168 W ActivityManager:   Force finishing activity com.robotgui.gotu/com.robotgui.MainActivity
06-02 14:52:58.775 11156 11172 I ActivityManager: Showing crash dialog for package com.robotgui.gotu u0
06-02 14:52:59.272 11156 11171 W ActivityManager: Activity pause timeout for ActivityRecord{e9713f4 u0 com.robotgui.gotu/com.robotgui.MainActivity t35 f}
06-02 14:52:59.397 11156 11172 W Looper  : Dispatch took 114ms on android.ui, h=Handler (com.android.server.am.ActivityManagerService$UiHandler) {9a3e2ad} cb=null msg=31
06-02 14:52:59.681 11156 11168 W ActivityManager:   Force finishing activity com.robotgui.gotu/com.robotgui.MainActivity
06-02 14:52:59.682 11156 11168 I ActivityManager: Killing 19163:com.robotgui.gotu/u0a59 (adj 199): crash
06-02 14:52:59.720 11156 13868 W InputMethodManagerService: Got RemoteException sending setActive(false) notification to pid 19163 uid 10059
06-02 14:52:59.767 11156 11495 I WindowManager: WIN DEATH: Window{c1357fd u0 com.robotgui.gotu/com.robotgui.MainActivity}
06-02 14:52:59.782 11156 11178 W ActivityManager: setHasOverlayUi called on unknown pid: 19163
06-02 14:52:59.880 11156 11208 W AppOps  : Finishing op nesting under-run: uid 1000 pkg android code 24 time=0 duration=0 nesting=0
06-02 14:53:00.759 11156 14317 I ActivityManager: START u0 {act=android.intent.action.MAIN cat=[android.intent.category.LAUNCHER] flg=0x10000000 cmp=com.android.documentsui/.LauncherActivity} from uid 10045
06-02 14:53:00.802 11156 26393 I ActivityManager: Start proc 19259:com.android.documentsui/u0a4 for activity com.android.documentsui/.LauncherActivity
06-02 14:53:00.901 11156 26393 I ActivityManager: START u0 {dat=//com.android.documentsui.launchControl flg=0x10000000 cmp=com.android.documentsui/.files.FilesActivity (has extras)} from uid 10004
06-02 14:53:04.201 11156 11810 I ActivityManager: START u0 {act=android.intent.action.VIEW dat=content://com.android.providers.downloads.documents/document/raw:/storage/emulated/0/Download/GoTu/debug_log.txt typ=text/plain flg=0x3 cmp=android/com.android.internal.app.ResolverActivity} from uid 10004
06-02 14:53:05.735 11156 14317 I PackageManager: Setting last chosen activity com.android.htmlviewer/.HTMLViewerActivity for user 0:
06-02 14:53:05.737 11156 11810 I ActivityManager: START u0 {act=android.intent.action.VIEW dat=content://com.android.providers.downloads.documents/document/raw:/storage/emulated/0/Download/GoTu/debug_log.txt typ=text/plain flg=0x3000003 cmp=com.android.htmlviewer/.HTMLViewerActivity} from uid 10004
06-02 14:53:05.878 11156 11810 I ActivityManager: Start proc 19571:com.android.webview:sandboxed_process0/u0i6 for webview_service com.android.htmlviewer/org.chromium.content.app.SandboxedProcessService0
06-02 14:56:34.925  9742 13373 D StorageManager: probeEmmc find /sys/block/mmcblk1rpmb
06-02 14:56:37.335 11156 11171 I ActivityManager: Force stopping com.robotgui.gotu appid=10059 user=-1: installPackageLI
06-02 14:56:37.369 11156 11186 I PackageManager: Package com.robotgui.gotu codePath changed from /data/app/com.robotgui.gotu-99dcqCvG3jc-jO7V_le4Yg== to /data/app/com.robotgui.gotu-augkvx6zxe-_EGepja-TQQ==; Retaining data and using new
06-02 14:56:37.370 11156 11186 W PackageManager: Code path for com.robotgui.gotu changing from /data/app/com.robotgui.gotu-99dcqCvG3jc-jO7V_le4Yg== to /data/app/com.robotgui.gotu-augkvx6zxe-_EGepja-TQQ==
06-02 14:56:37.370 11156 11186 W PackageManager: Resource path for com.robotgui.gotu changing from /data/app/com.robotgui.gotu-99dcqCvG3jc-jO7V_le4Yg== to /data/app/com.robotgui.gotu-augkvx6zxe-_EGepja-TQQ==
06-02 14:56:37.407 11156 11186 I PackageManager: Un-granting permission android.permission.MOUNT_UNMOUNT_FILESYSTEMS from package cn.inbot.padbotsystemsettings (protectionLevel=18 flags=0x3888be44)
06-02 14:56:37.407 11156 11186 I PackageManager: Un-granting permission android.permission.WRITE_SETTINGS from package cn.inbot.padbotsystemsettings (protectionLevel=1218 flags=0x3888be44)
06-02 14:56:37.407 11156 11186 I PackageManager: Un-granting permission android.permission.WRITE_APN_SETTINGS from package cn.inbot.padbotsystemsettings (protectionLevel=18 flags=0x3888be44)
06-02 14:56:37.449 11156 11186 D PackageManager: Ephemeral installer not found with new action; try old one
06-02 14:56:37.449 11156 11186 D PackageManager: Clear ephemeral installer activity
06-02 14:56:37.526 11156 11186 I ActivityManager: Force stopping com.robotgui.gotu appid=10059 user=0: pkg removed
06-02 14:56:37.536 11156 11171 W BroadcastQueue: Background execution not allowed: receiving Intent { act=android.intent.action.PACKAGE_REMOVED dat=package:com.robotgui.gotu flg=0x4000010 (has extras) } to cn.inbot.padbotsettings/.broadcast.AppManagerBroadcastReceiver
06-02 14:56:37.549 11156 11171 W BroadcastQueue: Background execution not allowed: receiving Intent { act=android.intent.action.PACKAGE_REMOVED dat=package:com.robotgui.gotu flg=0x4000010 (has extras) } to com.android.gallery3d/.app.PackagesMonitor
06-02 14:56:37.549 11156 11171 W BroadcastQueue: Background execution not allowed: receiving Intent { act=android.intent.action.PACKAGE_REMOVED dat=package:com.robotgui.gotu flg=0x4000010 (has extras) } to com.android.musicfx/.Compatibility$Receiver
06-02 14:56:37.552 11156 11171 W BroadcastQueue: Background execution not allowed: receiving Intent { act=android.intent.action.PACKAGE_ADDED dat=package:com.robotgui.gotu flg=0x4000010 (has extras) } to cn.inbot.padbotlauncher/.receiver.PackageBroadcastReceiver
06-02 14:56:37.553 11156 11171 W BroadcastQueue: Background execution not allowed: receiving Intent { act=android.intent.action.PACKAGE_ADDED dat=package:com.robotgui.gotu flg=0x4000010 (has extras) } to cn.inbot.padbotsettings/.broadcast.AppManagerBroadcastReceiver
06-02 14:56:37.555 11156 11171 W BroadcastQueue: Background execution not allowed: receiving Intent { act=android.intent.action.PACKAGE_ADDED dat=package:com.robotgui.gotu flg=0x4000010 (has extras) } to com.android.gallery3d/.app.PackagesMonitor
06-02 14:56:37.555 11156 11171 W BroadcastQueue: Background execution not allowed: receiving Intent { act=android.intent.action.PACKAGE_ADDED dat=package:com.robotgui.gotu flg=0x4000010 (has extras) } to com.android.musicfx/.Compatibility$Receiver
06-02 14:56:37.556 11156 11171 W BroadcastQueue: Background execution not allowed: receiving Intent { act=android.intent.action.PACKAGE_ADDED dat=package:com.robotgui.gotu flg=0x4000010 (has extras) } to com.svox.pico/.VoiceDataInstallerReceiver
06-02 14:56:37.571 11156 11171 W BroadcastQueue: Background execution not allowed: receiving Intent { act=android.intent.action.PACKAGE_REPLACED dat=package:com.robotgui.gotu flg=0x4000010 (has extras) } to cn.inbot.padbotlauncher/.receiver.PackageBroadcastReceiver
06-02 14:56:37.571 11156 11171 W BroadcastQueue: Background execution not allowed: receiving Intent { act=android.intent.action.PACKAGE_REPLACED dat=package:com.robotgui.gotu flg=0x4000010 (has extras) } to com.android.musicfx/.Compatibility$Receiver
06-02 14:56:37.579 11156 11156 I Telecom : DefaultDialerCache: Refreshing default dialer for user 0: now null: DDC.oR@AME
06-02 14:56:37.613 11156 11172 D AutofillUI: destroySaveUiUiThread(): already destroyed
06-02 14:56:37.613 11156 11170 D AutofillManagerServiceImpl: Reset component for user 0
06-02 14:56:37.614 11156 11170 W VoiceInteractionManagerService: no available voice recognition services found for user 0
06-02 14:56:45.172 11156 13868 I ActivityManager: START u0 {flg=0x10804000 cmp=com.android.systemui/.recents.RecentsActivity} from uid 10022
06-02 14:56:45.253 11156 11176 D AutofillManagerService: Close system dialogs
06-02 14:56:46.673 11156 11495 I ActivityManager: Killing 9668:com.android.settings/1000 (adj 906): empty for 1875s
06-02 14:56:46.677 11156 11495 I ActivityManager: Killing 19259:com.android.documentsui/u0a4 (adj 902): remove task
06-02 14:56:46.725 11156 11495 D AutofillManagerServiceImpl: Reset component for user 0
06-02 14:56:46.786 11156 11495 I ActivityManager: Killing 19571:com.android.webview:sandboxed_process0/u0a41i6 (adj 0): isolated not needed
06-02 14:56:46.844 11156 11174 D KernelUidCpuTimeReader: Removing uids 99006-99006
06-02 14:56:46.872 11156 11178 W ActivityManager: setHasOverlayUi called on unknown pid: 9668
06-02 14:56:46.892 11156 11308 I WindowManager: WIN DEATH: Window{ed6630f u0 com.android.documentsui/com.android.documentsui.files.FilesActivity}
06-02 14:56:46.901 11156 11178 W ActivityManager: setHasOverlayUi called on unknown pid: 19259
06-02 14:56:47.546 11156 11176 D AutofillManagerService: Close system dialogs
06-02 14:56:47.549 11156 11308 I ActivityManager: START u0 {act=android.intent.action.MAIN cat=[android.intent.category.HOME] flg=0x10200000 cmp=cn.inbot.padbotlauncher/.MainActivity} from uid 10022
06-02 14:56:48.834 11156 26393 I ActivityManager: START u0 {act=android.intent.action.MAIN cat=[android.intent.category.LAUNCHER] flg=0x10000000 cmp=com.robotgui.gotu/com.robotgui.MainActivity} from uid 10045
06-02 14:56:48.879 11156 26393 I ActivityManager: Start proc 20499:com.robotgui.gotu/u0a59 for activity com.robotgui.gotu/com.robotgui.MainActivity
06-02 14:57:07.120 11156 11308 I ActivityManager: START u0 {act=android.content.pm.action.REQUEST_PERMISSIONS pkg=com.android.packageinstaller cmp=com.android.packageinstaller/.permission.ui.GrantPermissionsActivity (has extras)} from uid 10059
06-02 14:57:07.190 20499 20499 E AndroidRuntime: FATAL EXCEPTION: main
06-02 14:57:07.190 20499 20499 E AndroidRuntime: Process: com.robotgui.gotu, PID: 20499
06-02 14:57:07.190 20499 20499 E AndroidRuntime: java.lang.RuntimeException: Failure delivering result ResultInfo{who=@android:requestPermissions:, request=1001, result=-1, data=Intent { act=android.content.pm.action.REQUEST_PERMISSIONS (has extras) }} to activity {com.robotgui.gotu/com.robotgui.MainActivity}: java.lang.NullPointerException: Attempt to invoke virtual method 'com.facebook.react.ReactInstanceManager com.facebook.react.ReactNativeHost.getReactInstanceManager()' on a null object reference
06-02 14:57:07.190 20499 20499 E AndroidRuntime: 	at android.app.ActivityThread.deliverResults(ActivityThread.java:4268)
06-02 14:57:07.190 20499 20499 E AndroidRuntime: 	at android.app.ActivityThread.handleSendResult(ActivityThread.java:4312)
06-02 14:57:07.190 20499 20499 E AndroidRuntime: 	at android.app.ActivityThread.-wrap19(Unknown Source:0)
06-02 14:57:07.190 20499 20499 E AndroidRuntime: 	at android.app.ActivityThread$H.handleMessage(ActivityThread.java:1644)
06-02 14:57:07.190 20499 20499 E AndroidRuntime: 	at android.os.Handler.dispatchMessage(Handler.java:106)
06-02 14:57:07.190 20499 20499 E AndroidRuntime: 	at android.os.Looper.loop(Looper.java:164)
06-02 14:57:07.190 20499 20499 E AndroidRuntime: 	at android.app.ActivityThread.main(ActivityThread.java:6494)
06-02 14:57:07.190 20499 20499 E AndroidRuntime: 	at java.lang.reflect.Method.invoke(Native Method)
06-02 14:57:07.190 20499 20499 E AndroidRuntime: 	at com.android.internal.os.RuntimeInit$MethodAndArgsCaller.run(RuntimeInit.java:438)
06-02 14:57:07.190 20499 20499 E AndroidRuntime: 	at com.android.internal.os.ZygoteInit.main(ZygoteInit.java:807)
06-02 14:57:07.190 20499 20499 E AndroidRuntime: Caused by: java.lang.NullPointerException: Attempt to invoke virtual method 'com.facebook.react.ReactInstanceManager com.facebook.react.ReactNativeHost.getReactInstanceManager()' on a null object reference
06-02 14:57:07.190 20499 20499 E AndroidRuntime: 	at com.facebook.react.ReactDelegate.getReactInstanceManager(ReactDelegate.java:377)
06-02 14:57:07.190 20499 20499 E AndroidRuntime: 	at com.facebook.react.ReactActivityDelegate.getReactInstanceManager(ReactActivityDelegate.java:109)
06-02 14:57:07.190 20499 20499 E AndroidRuntime: 	at com.facebook.react.ReactActivity.getReactInstanceManager(ReactActivity.java:156)
06-02 14:57:07.190 20499 20499 E AndroidRuntime: 	at com.robotgui.MainActivity.onRequestPermissionsResult(MainActivity.kt:49)
06-02 14:57:07.190 20499 20499 E AndroidRuntime: 	at android.app.Activity.dispatchRequestPermissionsResult(Activity.java:7456)
06-02 14:57:07.190 20499 20499 E AndroidRuntime: 	at android.app.Activity.dispatchActivityResult(Activity.java:7307)
06-02 14:57:07.190 20499 20499 E AndroidRuntime: 	at android.app.ActivityThread.deliverResults(ActivityThread.java:4264)
06-02 14:57:07.190 20499 20499 E AndroidRuntime: 	... 9 more
06-02 14:57:07.193 11156 26393 W ActivityManager:   Force finishing activity com.robotgui.gotu/com.robotgui.MainActivity
06-02 14:57:07.198 11156 11172 I ActivityManager: Showing crash dialog for package com.robotgui.gotu u0
06-02 14:57:07.694 11156 11171 W ActivityManager: Activity pause timeout for ActivityRecord{db520ae u0 com.robotgui.gotu/com.robotgui.MainActivity t38 f}
06-02 14:57:09.214 11156 26393 W ActivityManager:   Force finishing activity com.robotgui.gotu/com.robotgui.MainActivity
06-02 14:57:09.250 11156 26393 I ActivityManager: Killing 20499:com.robotgui.gotu/u0a59 (adj 900): crash
06-02 14:57:09.338 11156 11178 W ActivityManager: setHasOverlayUi called on unknown pid: 20499
06-02 14:57:09.438 11156 11208 W AppOps  : Finishing op nesting under-run: uid 1000 pkg android code 24 time=0 duration=0 nesting=0
06-02 14:57:09.986 11156  9384 I ActivityManager: START u0 {act=android.intent.action.MAIN cat=[android.intent.category.LAUNCHER] flg=0x10000000 cmp=com.android.documentsui/.LauncherActivity} from uid 10045
06-02 14:57:10.023 11156 11377 I ActivityManager: Start proc 20867:com.android.documentsui/u0a4 for activity com.android.documentsui/.LauncherActivity
06-02 14:57:10.134 11156  9384 I ActivityManager: START u0 {dat=//com.android.documentsui.launchControl flg=0x10000000 cmp=com.android.documentsui/.files.FilesActivity (has extras)} from uid 10004
06-02 14:57:13.162 11156  9384 I ActivityManager: START u0 {act=android.intent.action.VIEW dat=content://com.android.providers.downloads.documents/document/raw:/storage/emulated/0/Download/GoTu/debug_log.txt typ=text/plain flg=0x3 cmp=android/com.android.internal.app.ResolverActivity} from uid 10004
06-02 14:57:14.426 11156 13657 I PackageManager: Setting last chosen activity com.android.htmlviewer/.HTMLViewerActivity for user 0:
06-02 14:57:14.430 11156  9729 I ActivityManager: START u0 {act=android.intent.action.VIEW dat=content://com.android.providers.downloads.documents/document/raw:/storage/emulated/0/Download/GoTu/debug_log.txt typ=text/plain flg=0x3000003 cmp=com.android.htmlviewer/.HTMLViewerActivity} from uid 10004
06-02 14:57:14.590 11156  9384 I ActivityManager: Start proc 20919:com.android.webview:sandboxed_process0/u0i7 for webview_service com.android.htmlviewer/org.chromium.content.app.SandboxedProcessService0
06-02 14:59:45.647 11156 11174 E BatteryExternalStatsWorker: no controller energy info supplied for bluetooth
06-02 14:59:45.657 11156 11174 E BatteryExternalStatsWorker: modem info is invalid: ModemActivityInfo{ mTimestamp=0 mSleepTimeMs=0 mIdleTimeMs=0 mTxTimeMs[]=[0, 0, 0, 0, 0] mRxTimeMs=0 mEnergyUsed=0}
06-02 15:00:06.660 11156 11170 I UsageStatsService: User[0] Flushing usage stats to disk
06-02 15:00:58.923  9742  9755 D StorageManager: probeEmmc find /sys/block/mmcblk1rpmb
06-02 15:01:01.493 11156 11171 I ActivityManager: Force stopping com.robotgui.gotu appid=10059 user=-1: installPackageLI
06-02 15:01:01.529 11156 11186 I PackageManager: Package com.robotgui.gotu codePath changed from /data/app/com.robotgui.gotu-augkvx6zxe-_EGepja-TQQ== to /data/app/com.robotgui.gotu-BtnE5Ck1XLSj-VCetWsMWg==; Retaining data and using new
06-02 15:01:01.530 11156 11186 W PackageManager: Code path for com.robotgui.gotu changing from /data/app/com.robotgui.gotu-augkvx6zxe-_EGepja-TQQ== to /data/app/com.robotgui.gotu-BtnE5Ck1XLSj-VCetWsMWg==
06-02 15:01:01.530 11156 11186 W PackageManager: Resource path for com.robotgui.gotu changing from /data/app/com.robotgui.gotu-augkvx6zxe-_EGepja-TQQ== to /data/app/com.robotgui.gotu-BtnE5Ck1XLSj-VCetWsMWg==
06-02 15:01:01.563 11156 11186 I PackageManager: Un-granting permission android.permission.MOUNT_UNMOUNT_FILESYSTEMS from package cn.inbot.padbotsystemsettings (protectionLevel=18 flags=0x3888be44)
06-02 15:01:01.563 11156 11186 I PackageManager: Un-granting permission android.permission.WRITE_SETTINGS from package cn.inbot.padbotsystemsettings (protectionLevel=1218 flags=0x3888be44)
06-02 15:01:01.564 11156 11186 I PackageManager: Un-granting permission android.permission.WRITE_APN_SETTINGS from package cn.inbot.padbotsystemsettings (protectionLevel=18 flags=0x3888be44)
06-02 15:01:01.602 11156 11186 D PackageManager: Ephemeral installer not found with new action; try old one
06-02 15:01:01.602 11156 11186 D PackageManager: Clear ephemeral installer activity
06-02 15:01:01.678 11156 11186 I ActivityManager: Force stopping com.robotgui.gotu appid=10059 user=0: pkg removed
06-02 15:01:01.695 11156 11171 W BroadcastQueue: Background execution not allowed: receiving Intent { act=android.intent.action.PACKAGE_REMOVED dat=package:com.robotgui.gotu flg=0x4000010 (has extras) } to cn.inbot.padbotsettings/.broadcast.AppManagerBroadcastReceiver
06-02 15:01:01.707 11156 11171 W BroadcastQueue: Background execution not allowed: receiving Intent { act=android.intent.action.PACKAGE_REMOVED dat=package:com.robotgui.gotu flg=0x4000010 (has extras) } to com.android.gallery3d/.app.PackagesMonitor
06-02 15:01:01.707 11156 11171 W BroadcastQueue: Background execution not allowed: receiving Intent { act=android.intent.action.PACKAGE_REMOVED dat=package:com.robotgui.gotu flg=0x4000010 (has extras) } to com.android.musicfx/.Compatibility$Receiver
06-02 15:01:01.707 11156 11171 W BroadcastQueue: Background execution not allowed: receiving Intent { act=android.intent.action.PACKAGE_ADDED dat=package:com.robotgui.gotu flg=0x4000010 (has extras) } to cn.inbot.padbotlauncher/.receiver.PackageBroadcastReceiver
06-02 15:01:01.707 11156 11171 W BroadcastQueue: Background execution not allowed: receiving Intent { act=android.intent.action.PACKAGE_ADDED dat=package:com.robotgui.gotu flg=0x4000010 (has extras) } to cn.inbot.padbotsettings/.broadcast.AppManagerBroadcastReceiver
06-02 15:01:01.707 11156 11171 W BroadcastQueue: Background execution not allowed: receiving Intent { act=android.intent.action.PACKAGE_ADDED dat=package:com.robotgui.gotu flg=0x4000010 (has extras) } to com.android.gallery3d/.app.PackagesMonitor
06-02 15:01:01.707 11156 11171 W BroadcastQueue: Background execution not allowed: receiving Intent { act=android.intent.action.PACKAGE_ADDED dat=package:com.robotgui.gotu flg=0x4000010 (has extras) } to com.android.musicfx/.Compatibility$Receiver
06-02 15:01:01.708 11156 11171 W BroadcastQueue: Background execution not allowed: receiving Intent { act=android.intent.action.PACKAGE_ADDED dat=package:com.robotgui.gotu flg=0x4000010 (has extras) } to com.svox.pico/.VoiceDataInstallerReceiver
06-02 15:01:01.708 11156 11171 W BroadcastQueue: Background execution not allowed: receiving Intent { act=android.intent.action.PACKAGE_REPLACED dat=package:com.robotgui.gotu flg=0x4000010 (has extras) } to cn.inbot.padbotlauncher/.receiver.PackageBroadcastReceiver
06-02 15:01:01.708 11156 11156 I Telecom : DefaultDialerCache: Refreshing default dialer for user 0: now null: DDC.oR@AMo
06-02 15:01:01.715 11156 11171 W BroadcastQueue: Background execution not allowed: receiving Intent { act=android.intent.action.PACKAGE_REPLACED dat=package:com.robotgui.gotu flg=0x4000010 (has extras) } to com.android.musicfx/.Compatibility$Receiver
06-02 15:01:01.748 11156 11172 D AutofillUI: destroySaveUiUiThread(): already destroyed
06-02 15:01:01.748 11156 11170 D AutofillManagerServiceImpl: Reset component for user 0
06-02 15:01:01.748 11156 11170 W VoiceInteractionManagerService: no available voice recognition services found for user 0
06-02 15:01:10.186 11156 13087 I ActivityManager: START u0 {flg=0x10804000 cmp=com.android.systemui/.recents.RecentsActivity} from uid 10022
06-02 15:01:10.277 11156 11176 D AutofillManagerService: Close system dialogs
06-02 15:01:11.816 11156 13087 I ActivityManager: Killing 20867:com.android.documentsui/u0a4 (adj 902): remove task
