06-02 15:41:23.274 11156 18104 I ActivityManager: START u0 {act=android.intent.action.MAIN cat=[android.intent.category.HOME] flg=0x10200000 cmp=cn.inbot.padbotlauncher/.MainActivity} from uid 10022
06-02 15:41:24.509 11156 14317 I ActivityManager: START u0 {act=android.intent.action.MAIN cat=[android.intent.category.LAUNCHER] flg=0x10000000 cmp=com.robotgui.gotu/com.robotgui.MainActivity} from uid 10045
06-02 15:41:24.545 11156 14317 I ActivityManager: Start proc 2007:com.robotgui.gotu/u0a59 for activity com.robotgui.gotu/com.robotgui.MainActivity
06-02 15:41:40.952 11156 14317 I ActivityManager: START u0 {act=android.content.pm.action.REQUEST_PERMISSIONS pkg=com.android.packageinstaller cmp=com.android.packageinstaller/.permission.ui.GrantPermissionsActivity (has extras)} from uid 10059
06-02 15:41:41.053  2007  2007 E AndroidRuntime: FATAL EXCEPTION: main
06-02 15:41:41.053  2007  2007 E AndroidRuntime: Process: com.robotgui.gotu, PID: 2007
06-02 15:41:41.053  2007  2007 E AndroidRuntime: java.lang.RuntimeException: Failure delivering result ResultInfo{who=@android:requestPermissions:, request=1001, result=-1, data=Intent { act=android.content.pm.action.REQUEST_PERMISSIONS (has extras) }} to activity {com.robotgui.gotu/com.robotgui.MainActivity}: java.lang.NullPointerException: Attempt to invoke virtual method 'com.facebook.react.ReactInstanceManager com.facebook.react.ReactNativeHost.getReactInstanceManager()' on a null object reference
06-02 15:41:41.053  2007  2007 E AndroidRuntime: 	at android.app.ActivityThread.deliverResults(ActivityThread.java:4268)
06-02 15:41:41.053  2007  2007 E AndroidRuntime: 	at android.app.ActivityThread.handleSendResult(ActivityThread.java:4312)
06-02 15:41:41.053  2007  2007 E AndroidRuntime: 	at android.app.ActivityThread.-wrap19(Unknown Source:0)
06-02 15:41:41.053  2007  2007 E AndroidRuntime: 	at android.app.ActivityThread$H.handleMessage(ActivityThread.java:1644)
06-02 15:41:41.053  2007  2007 E AndroidRuntime: 	at android.os.Handler.dispatchMessage(Handler.java:106)
06-02 15:41:41.053  2007  2007 E AndroidRuntime: 	at android.os.Looper.loop(Looper.java:164)
06-02 15:41:41.053  2007  2007 E AndroidRuntime: 	at android.app.ActivityThread.main(ActivityThread.java:6494)
06-02 15:41:41.053  2007  2007 E AndroidRuntime: 	at java.lang.reflect.Method.invoke(Native Method)
06-02 15:41:41.053  2007  2007 E AndroidRuntime: 	at com.android.internal.os.RuntimeInit$MethodAndArgsCaller.run(RuntimeInit.java:438)
06-02 15:41:41.053  2007  2007 E AndroidRuntime: 	at com.android.internal.os.ZygoteInit.main(ZygoteInit.java:807)
06-02 15:41:41.053  2007  2007 E AndroidRuntime: Caused by: java.lang.NullPointerException: Attempt to invoke virtual method 'com.facebook.react.ReactInstanceManager com.facebook.react.ReactNativeHost.getReactInstanceManager()' on a null object reference
06-02 15:41:41.053  2007  2007 E AndroidRuntime: 	at com.facebook.react.ReactDelegate.getReactInstanceManager(ReactDelegate.java:377)
06-02 15:41:41.053  2007  2007 E AndroidRuntime: 	at com.facebook.react.ReactActivityDelegate.getReactInstanceManager(ReactActivityDelegate.java:109)
06-02 15:41:41.053  2007  2007 E AndroidRuntime: 	at com.facebook.react.ReactActivity.getReactInstanceManager(ReactActivity.java:156)
06-02 15:41:41.053  2007  2007 E AndroidRuntime: 	at com.robotgui.MainActivity.onRequestPermissionsResult(MainActivity.kt:49)
06-02 15:41:41.053  2007  2007 E AndroidRuntime: 	at android.app.Activity.dispatchRequestPermissionsResult(Activity.java:7456)
06-02 15:41:41.053  2007  2007 E AndroidRuntime: 	at android.app.Activity.dispatchActivityResult(Activity.java:7307)
06-02 15:41:41.053  2007  2007 E AndroidRuntime: 	at android.app.ActivityThread.deliverResults(ActivityThread.java:4264)
06-02 15:41:41.053  2007  2007 E AndroidRuntime: 	... 9 more
06-02 15:41:41.061 11156 11810 W ActivityManager:   Force finishing activity com.robotgui.gotu/com.robotgui.MainActivity
06-02 15:41:41.071 11156 11172 I ActivityManager: Showing crash dialog for package com.robotgui.gotu u0
06-02 15:41:41.565 11156 11171 W ActivityManager: Activity pause timeout for ActivityRecord{e78a963 u0 com.robotgui.gotu/com.robotgui.MainActivity t54 f}
06-02 15:41:42.841 11156 11810 W ActivityManager:   Force finishing activity com.robotgui.gotu/com.robotgui.MainActivity
06-02 15:41:42.877 11156 11810 I ActivityManager: Killing 2007:com.robotgui.gotu/u0a59 (adj 900): crash
06-02 15:41:42.919 11156 11810 W InputMethodManagerService: Got RemoteException sending setActive(false) notification to pid 2007 uid 10059
06-02 15:41:42.957 11156 11178 W ActivityManager: setHasOverlayUi called on unknown pid: 2007
06-02 15:41:43.060 11156 11208 W AppOps  : Finishing op nesting under-run: uid 1000 pkg android code 24 time=0 duration=0 nesting=0
06-02 15:41:43.740 11156 21805 I ActivityManager: START u0 {act=android.intent.action.MAIN cat=[android.intent.category.LAUNCHER] flg=0x10000000 cmp=com.android.documentsui/.LauncherActivity} from uid 10045
06-02 15:41:43.776 11156 11810 I ActivityManager: Start proc 2108:com.android.documentsui/u0a4 for activity com.android.documentsui/.LauncherActivity
06-02 15:41:43.884 11156 21805 I ActivityManager: START u0 {dat=//com.android.documentsui.launchControl flg=0x10000000 cmp=com.android.documentsui/.files.FilesActivity (has extras)} from uid 10004
06-02 15:41:47.972 11156 21805 I ActivityManager: START u0 {act=android.intent.action.VIEW dat=content://com.android.providers.downloads.documents/document/raw:/storage/emulated/0/Download/GoTu/debug_log.txt typ=text/plain flg=0x3 cmp=android/com.android.internal.app.ResolverActivity} from uid 10004
06-02 15:41:50.893 11156 11167 I PackageManager: Setting last chosen activity com.android.htmlviewer/.HTMLViewerActivity for user 0:
06-02 15:41:50.895 11156 21805 I ActivityManager: START u0 {act=android.intent.action.VIEW dat=content://com.android.providers.downloads.documents/document/raw:/storage/emulated/0/Download/GoTu/debug_log.txt typ=text/plain flg=0x3000003 cmp=com.android.htmlviewer/.HTMLViewerActivity} from uid 10004
06-02 15:41:51.012 11156 11167 I ActivityManager: Start proc 2161:com.android.webview:sandboxed_process0/u0i12 for webview_service com.android.htmlviewer/org.chromium.content.app.SandboxedProcessService0
06-02 15:44:45.873 11156 11170 I UsageStatsService: User[0] Flushing usage stats to disk
06-02 15:46:09.490 11091 11091 W wificond: Scan is not started. Ignore abort request
06-02 15:46:09.556 11091 11091 I wificond: Fail RSSI polling because wifi is not associated.
06-02 15:46:11.805 11091 11091 I wificond: Received external scan result notification from kernel.
06-02 15:46:12.576 11091 11091 I wificond: Fail RSSI polling because wifi is not associated.
06-02 15:46:13.281 11156 11250 D ConnectivityService: NetworkAgentInfo [WIFI () - 101] EVENT_NETWORK_INFO_CHANGED, going from CONNECTED to DISCONNECTED
06-02 15:46:13.281 11156 11250 D ConnectivityService: NetworkAgentInfo [WIFI () - 101] got DISCONNECTED, was satisfying 7
06-02 15:46:13.350 11156 11174 E BatteryExternalStatsWorker: no controller energy info supplied for wifi
06-02 15:46:13.352 11156 11250 D ConnectivityService: Sending DISCONNECTED broadcast for type 1 NetworkAgentInfo [WIFI () - 101] isDefaultNetwork=true
06-02 15:46:13.357 11156 11250 D ConnectivityService: Switching to new default network: NetworkAgentInfo{ ni{[type: Ethernet[], state: CONNECTED/CONNECTED, reason: (unspecified), extra: 06:a9:ad:9b:6e:92, failover: false, available: true, roaming: false]}  network{100}  nethandle{429513165534}  lp{{InterfaceName: eth0 LinkAddresses: [fe80::d248:e859:b11b:4a1b/64,192.168.11.223/24,]  Routes: [fe80::/64 -> :: eth0,192.168.11.0/24 -> 0.0.0.0 eth0,0.0.0.0/0 -> 192.168.11.101 eth0,] DnsAddresses: [192.168.11.101,] Domains: lan MTU: 0 TcpBufferSizes: 524288,1048576,3145728,524288,1048576,2097152}}  nc{[ Transports: ETHERNET Capabilities: INTERNET&NOT_RESTRICTED&TRUSTED&NOT_VPN&VALIDATED&FOREGROUND LinkUpBandwidth>=100000Kbps LinkDnBandwidth>=100000Kbps]}  Score{0}  everValidated{true}  lastValidated{true}  created{true} lingering{false} explicitlySelected{false} acceptUnvalidated{false} everCaptivePortalDetected{false} lastCaptivePortalDetected{false} clat{null} }
06-02 15:46:13.369 11156 11250 D ConnectivityService: Sending CONNECTED broadcast for type 9 NetworkAgentInfo [Ethernet () - 100] isDefaultNetwork=true
06-02 15:46:13.373 12046 12046 W ContextImpl: Calling a method in the system process without a qualified user: android.app.ContextImpl.startService:1476 android.content.ContextWrapper.startService:650 android.content.ContextWrapper.startService:650 android.rockchip.update.service.RKUpdateReceiver.onReceive:101 android.app.ActivityThread.handleReceiver:3187 
06-02 15:46:13.395 12046 12046 W ContextImpl: Calling a method in the system process without a qualified user: android.app.ContextImpl.startService:1476 android.content.ContextWrapper.startService:650 android.content.ContextWrapper.startService:650 android.rockchip.update.service.RKUpdateReceiver.onReceive:101 android.app.ActivityThread.handleReceiver:3187 
06-02 15:46:16.117 11091 11091 W wificond: Scan is not started. Ignore abort request
06-02 15:46:23.930 11091 11091 I wificond: Received external scan result notification from kernel.
06-02 15:46:25.254 11091 11091 I wificond: Received external scan result notification from kernel.
06-02 15:46:25.675 11156 11245 D ConnectivityService: registerNetworkAgent NetworkAgentInfo{ ni{[type: WIFI[], state: CONNECTING/CONNECTING, reason: (unspecified), extra: "VEI_GUEST88", failover: false, available: true, roaming: false]}  network{102}  nethandle{438103100126}  lp{{LinkAddresses: []  Routes: [] DnsAddresses: [] Domains: null MTU: 0}}  nc{[ Transports: WIFI Capabilities: NOT_METERED&INTERNET&NOT_RESTRICTED&TRUSTED&NOT_VPN LinkUpBandwidth>=1048576Kbps LinkDnBandwidth>=1048576Kbps]}  Score{1}  everValidated{false}  lastValidated{false}  created{false} lingering{false} explicitlySelected{false} acceptUnvalidated{false} everCaptivePortalDetected{false} lastCaptivePortalDetected{false} clat{null} }
06-02 15:46:25.675 11156 11250 D ConnectivityService: NetworkAgentInfo [WIFI () - 102] EVENT_NETWORK_INFO_CHANGED, going from null to CONNECTING
06-02 15:46:25.866 11156 11250 D ConnectivityService: NetworkAgentInfo [WIFI () - 102] EVENT_NETWORK_INFO_CHANGED, going from CONNECTING to CONNECTED
06-02 15:46:25.868 11156 11250 D ConnectivityService: Adding iface wlan0 to network 102
06-02 15:46:25.886 11156 11250 D ConnectivityService: Setting DNS servers for network 102 to [/172.16.96.12, /172.16.96.13]
06-02 15:46:25.914 11156 11250 D ConnectivityService: Switching to new default network: NetworkAgentInfo{ ni{[type: WIFI[], state: CONNECTED/CONNECTED, reason: (unspecified), extra: "VEI_GUEST88", failover: false, available: true, roaming: false]}  network{102}  nethandle{438103100126}  lp{{InterfaceName: wlan0 LinkAddresses: [fe80::b288:85ab:202f:f2a/64,172.16.98.110/19,]  Routes: [fe80::/64 -> :: wlan0,172.16.96.0/19 -> 0.0.0.0 wlan0,0.0.0.0/0 -> 172.16.96.1 wlan0,] DnsAddresses: [172.16.96.12,172.16.96.13,] Domains: tap-group.com.cn MTU: 0 TcpBufferSizes: 524288,1048576,2097152,262144,524288,1048576}}  nc{[ Transports: WIFI Capabilities: NOT_METERED&INTERNET&NOT_RESTRICTED&TRUSTED&NOT_VPN&FOREGROUND LinkUpBandwidth>=1048576Kbps LinkDnBandwidth>=1048576Kbps SignalStrength: -55]}  Score{1}  everValidated{false}  lastValidated{false}  created{true} lingering{false} explicitlySelected{false} acceptUnvalidated{false} everCaptivePortalDetected{false} lastCaptivePortalDetected{false} clat{null} }
06-02 15:46:25.923 11156 11250 D ConnectivityService: Lingering NetworkAgentInfo [Ethernet () - 100] for 30000ms
06-02 15:46:25.923 11156 11250 D ConnectivityService: Sending DISCONNECTED broadcast for type 9 NetworkAgentInfo [Ethernet () - 100] isDefaultNetwork=true
06-02 15:46:25.925 11156 11250 D ConnectivityService: Sending CONNECTED broadcast for type 1 NetworkAgentInfo [WIFI () - 102] isDefaultNetwork=true
06-02 15:46:25.929 11156 11250 D ConnectivityService: NetworkAgentInfo [WIFI () - 102] validation passed
06-02 15:46:25.932 12046 12046 W ContextImpl: Calling a method in the system process without a qualified user: android.app.ContextImpl.startService:1476 android.content.ContextWrapper.startService:650 android.content.ContextWrapper.startService:650 android.rockchip.update.service.RKUpdateReceiver.onReceive:101 android.app.ActivityThread.handleReceiver:3187 
06-02 15:46:25.946 12046 12046 W ContextImpl: Calling a method in the system process without a qualified user: android.app.ContextImpl.startService:1476 android.content.ContextWrapper.startService:650 android.content.ContextWrapper.startService:650 android.rockchip.update.service.RKUpdateReceiver.onReceive:101 android.app.ActivityThread.handleReceiver:3187 
06-02 15:46:55.912 11156 11250 D ConnectivityService: handleLingerComplete for NetworkAgentInfo [Ethernet () - 100]
06-02 15:46:55.912 11156 11250 D ConnectivityService: Skip teardownUnneededNetwork: NetworkAgentInfo [Ethernet () - 100]
06-02 15:55:12.521 11156 13868 I ActivityManager: START u0 {flg=0x10804000 cmp=com.android.systemui/.recents.RecentsActivity} from uid 10022
06-02 15:55:12.612 11156 11176 D AutofillManagerService: Close system dialogs
06-02 15:55:13.915 11156 24099 I ActivityManager: START u0 {act=android.intent.action.MAIN cat=[android.intent.category.LAUNCHER] flg=0x10100000 cmp=com.robotgui.gotu/com.robotgui.MainActivity} from uid 10045
06-02 15:55:13.933 11156 11176 D AutofillManagerService: Close system dialogs
06-02 15:55:13.972 11156 24099 I ActivityManager: Start proc 6145:com.robotgui.gotu/u0a59 for activity com.robotgui.gotu/com.robotgui.MainActivity
06-02 15:55:15.275 11156 24099 I ActivityManager: START u0 {flg=0x10804000 cmp=com.android.systemui/.recents.RecentsActivity} from uid 10022
06-02 15:55:15.334 11156 11176 D AutofillManagerService: Close system dialogs
06-02 15:55:16.819 11156 24099 I ActivityManager: Killing 6145:com.robotgui.gotu/u0a59 (adj 900): remove task
06-02 15:55:16.903 11156 18104 I WindowManager: WIN DEATH: Window{6453b73 u0 com.robotgui.gotu/com.robotgui.MainActivity}
06-02 15:55:16.907 11156 14317 I WindowManager: WIN DEATH: Window{1cd53a u0 com.robotgui.gotu/com.robotgui.MainActivity}
06-02 15:55:16.917 11156 11178 W ActivityManager: setHasOverlayUi called on unknown pid: 6145
06-02 15:55:17.281 11156 11176 D AutofillManagerService: Close system dialogs
06-02 15:55:17.293 11156 14317 I ActivityManager: Killing 2108:com.android.documentsui/u0a4 (adj 902): remove task
06-02 15:55:17.296 11156 13868 I ActivityManager: START u0 {act=android.intent.action.MAIN cat=[android.intent.category.HOME] flg=0x10200000 cmp=cn.inbot.padbotlauncher/.MainActivity} from uid 10022
06-02 15:55:17.363 11156 14317 I ActivityManager: Killing 2161:com.android.webview:sandboxed_process0/u0a41i12 (adj 0): isolated not needed
06-02 15:55:17.401 11156 11174 D KernelUidCpuTimeReader: Removing uids 99012-99012
06-02 15:55:17.505 11156 11178 W ActivityManager: setHasOverlayUi called on unknown pid: 2108
06-02 15:56:20.934 11156 11156 I EntropyMixer: Writing entropy...
06-02 15:56:22.528 11156 11170 I ProcessStatsService: Pruning old procstats: /data/system/procstats/state-2025-06-01-14-41-35.bin
06-02 15:56:32.582 11156 12924 I ActivityManager: START u0 {act=android.intent.action.MAIN cat=[android.intent.category.LAUNCHER] flg=0x10000000 cmp=cn.inbot.padbotsettings/.SettingsActivity} from uid 10045
06-02 15:56:32.621 11156 18104 I ActivityManager: Start proc 6509:cn.inbot.padbotsettings/u0a52 for activity cn.inbot.padbotsettings/.SettingsActivity
06-02 15:56:34.075 11156 14317 I ActivityManager: START u0 {act=android.settings.WIFI_SETTINGS cmp=com.android.settings/.Settings$WifiSettingsActivity} from uid 10052
06-02 15:56:34.107 11156 14317 I ActivityManager: Start proc 6545:com.android.settings/1000 for activity com.android.settings/.Settings$WifiSettingsActivity
06-02 15:56:34.344 11156 11250 D ConnectivityService: Reaping NetworkAgentInfo [Ethernet () - 100]
06-02 15:56:34.345 11156 11250 D ConnectivityService: Skip teardownUnneededNetwork: NetworkAgentInfo [Ethernet () - 100]
06-02 15:56:35.543 11156 14317 I ActivityManager: START u0 {act=android.intent.action.MAIN cmp=com.android.settings/.SubSettings (has extras)} from uid 1000
06-02 15:56:35.672 11156 11250 D ConnectivityService: Reaping NetworkAgentInfo [Ethernet () - 100]
06-02 15:56:35.672 11156 11250 D ConnectivityService: Skip teardownUnneededNetwork: NetworkAgentInfo [Ethernet () - 100]
--------- beginning of main
06-02 15:56:37.142 13872 13884 D #base_sdk_binary_r: 接收到hex数据:4D4114030031FF202523020A04FEFFFFFF00000D
06-02 15:56:37.295   253   358 I [Gralloc]: leave: prime_fd=54,share_attr_fd=55
06-02 15:56:37.634 11910 11980 D #SerialPort: port1,in hex:4D4114030031FF202424020A04FEFFFFFF00000B
06-02 15:56:37.638 13872 13884 D #base_sdk_binary_r: 接收到hex数据:4D4114030031FF202424020A04FEFFFFFF00000B
06-02 15:56:37.861 11156 11250 D ConnectivityService: Reaping NetworkAgentInfo [Ethernet () - 100]
06-02 15:56:37.861 11156 11250 D ConnectivityService: Skip teardownUnneededNetwork: NetworkAgentInfo [Ethernet () - 100]
06-02 15:56:37.987   258   258 I WifiHAL : Got channel list with 13 channels
06-02 15:56:37.988   258   258 I WifiHAL : Got channel list with 9 channels
06-02 15:56:37.989   258   258 I WifiHAL : Got channel list with 4 channels
06-02 15:56:37.991 11302 11302 I GoogleInputMethodService: GoogleInputMethodService.onFinishInput():3340 
06-02 15:56:37.992 11302 11302 I GoogleInputMethodService: GoogleInputMethodService.onStartInput():1929 
06-02 15:56:38.069  6545  6567 I [Gralloc]: Got handle 3 for fd 79
06-02 15:56:38.069  6545  6567 I [Gralloc]: leave, w : 800, h : 1280, format : 0x1,internal_format : 0x1, usage : 0xb00. size=4096000,pixel_stride=800,byte_stride=3200
06-02 15:56:38.069  6545  6567 I [Gralloc]: leave: prime_fd=79,share_attr_fd=80
06-02 15:56:38.089   261   923 I chatty  : uid=1000(system) Binder:261_4 expire 21 lines
06-02 15:56:38.090  6545  6567 I [Gralloc]: Got handle 4 for fd 82
06-02 15:56:38.090  6545  6567 I [Gralloc]: leave, w : 800, h : 1280, format : 0x1,internal_format : 0x1, usage : 0xb00. size=4096000,pixel_stride=800,byte_stride=3200
06-02 15:56:38.090  6545  6567 I [Gralloc]: leave: prime_fd=82,share_attr_fd=89
06-02 15:56:38.097  6545  6545 D WifiSettings: Did not force update APs due to existing APs displayed
06-02 15:56:38.111  6545  6567 I [Gralloc]: Got handle 7 for fd 91
06-02 15:56:38.111  6545  6567 I [Gralloc]: leave, w : 800, h : 1280, format : 0x1,internal_format : 0x1, usage : 0xb00. size=4096000,pixel_stride=800,byte_stride=3200
06-02 15:56:38.111  6545  6567 I [Gralloc]: leave: prime_fd=91,share_attr_fd=92
06-02 15:56:38.123  6545  6567 W libEGL  : EGLNativeWindowType 0x7949491010 disconnect failed
06-02 15:56:38.123  6545  6567 D OpenGLRenderer: endAllActiveAnimators on 0x791b59dc00 (RippleDrawable) with handle 0x792e57e3e0
06-02 15:56:38.130 11910 11980 D #SerialPort: port1,in hex:4D4114030031FF222723020A04FEFFFFFF00000D
06-02 15:56:38.132 13872 13884 D #base_sdk_binary_r: 接收到hex数据:4D4114030031FF222723020A04FEFFFFFF00000D
06-02 15:56:38.135  6545  6567 I [Gralloc]: Got handle 1 for fd 72
06-02 15:56:38.135  6545  6567 I [Gralloc]: leave, w : 800, h : 1280, format : 0x1,internal_format : 0x1, usage : 0xb00. size=4096000,pixel_stride=800,byte_stride=3200
06-02 15:56:38.135  6545  6567 I [Gralloc]: leave: prime_fd=72,share_attr_fd=73
06-02 15:56:38.173   253   358 I [Gralloc]: Got handle 9 for fd 60
06-02 15:56:38.173   253   358 I [Gralloc]: leave, w : 800, h : 1280, format : 0x1,internal_format : 0x1, usage : 0xb00. size=4096000,pixel_stride=800,byte_stride=3200
06-02 15:56:38.173   253   358 I [Gralloc]: leave: prime_fd=60,share_attr_fd=61
06-02 15:56:38.191   253   358 I [Gralloc]: Got handle 13 for fd 62
06-02 15:56:38.191   253   358 I [Gralloc]: leave, w : 800, h : 1280, format : 0x1,internal_format : 0x1, usage : 0xb00. size=4096000,pixel_stride=800,byte_stride=3200
06-02 15:56:38.191   253   358 I [Gralloc]: leave: prime_fd=62,share_attr_fd=64
06-02 15:56:38.209   253   358 I [Gralloc]: Got handle 14 for fd 79
06-02 15:56:38.209   253   358 I [Gralloc]: leave, w : 800, h : 1280, format : 0x1,internal_format : 0x1, usage : 0xb00. size=4096000,pixel_stride=800,byte_stride=3200
06-02 15:56:38.209   253   358 I [Gralloc]: leave: prime_fd=79,share_attr_fd=80
06-02 15:56:38.226   253   358 I [Gralloc]: Got handle 15 for fd 82
06-02 15:56:38.227   253   358 I [Gralloc]: leave, w : 800, h : 1280, format : 0x1,internal_format : 0x1, usage : 0xb00. size=4096000,pixel_stride=800,byte_stride=3200
06-02 15:56:38.227   253   358 I [Gralloc]: leave: prime_fd=82,share_attr_fd=85
06-02 15:56:38.643 11910 11980 D #SerialPort: port1,in hex:4D4114030031FF2A2423020A04FEFFFFFF000006
06-02 15:56:38.647 13872 13884 D #base_sdk_binary_r: 接收到hex数据:4D4114030031FF2A2423020A04FEFFFFFF000006
06-02 15:56:38.653 11845 11857 I chatty  : uid=10045(cn.inbot.padbotlauncher) Binder:11845_1 expire 114 lines
06-02 15:56:38.983 11659 11659 I wpa_supplicant: wlan0: GAS-QUERY-DONE addr=d2:60:f9:a4:9b:78 dialog_token=107 freq=2417 status_code=0 result=TIMEOUT
06-02 15:56:38.983 11659 11659 I wpa_supplicant: wlan0: ANQP-QUERY-DONE addr=d2:60:f9:a4:9b:78 result=FAILURE
06-02 15:56:39.139 11910 11980 D #SerialPort: port1,in hex:4D4114030031FF212723020A04FEFFFFFF00000E
06-02 15:56:39.146 13872 13884 D #base_sdk_binary_r: 接收到hex数据:4D4114030031FF212723020A04FEFFFFFF00000E
06-02 15:56:39.151 12434 12446 I chatty  : uid=10064(cn.inbot.x2communication) Binder:12434_1 expire 167 lines
06-02 15:56:39.549 12396 12396 I chatty  : uid=10058(cn.inbot.padbotapplauncher) expire 10 lines
06-02 15:56:39.581  6545  6550 I zygote64: Do full code cache collection, code=125KB, data=102KB
06-02 15:56:39.582  6545  6550 I zygote64: After code cache collection, code=113KB, data=64KB
06-02 15:56:39.617 11156 11244 D WifiService: New client listening to asynchronous messages
06-02 15:56:39.619 11156 11244 D WifiService: CONNECT  nid=-1 uid=1000 name=android.uid.system:1000
06-02 15:56:39.620 11156 11244 D WifiService: Connect with config ID: 4 SSID: "Auki Robotics" PROVIDER-NAME: null BSSID: null FQDN: null PRIO: 0 HIDDEN: false
06-02 15:56:39.620 11156 11244 D WifiService:  NetworkSelectionStatus NETWORK_SELECTION_ENABLED
06-02 15:56:39.620 11156 11244 D WifiService:  hasEverConnected: true
06-02 15:56:39.620 11156 11244 D WifiService:  numAssociation 19
06-02 15:56:39.620 11156 11244 D WifiService:  validatedInternetAccess
06-02 15:56:39.620 11156 11244 D WifiService:  KeyMgmt: WPA_PSK Protocols: WPA RSN
06-02 15:56:39.620 11156 11244 D WifiService:  AuthAlgorithms: OPEN
06-02 15:56:39.620 11156 11244 D WifiService:  PairwiseCiphers: TKIP CCMP
06-02 15:56:39.620 11156 11244 D WifiService:  GroupCiphers: WEP40 WEP104 TKIP CCMP
06-02 15:56:39.620 11156 11244 D WifiService:  PSK: *
06-02 15:56:39.620 11156 11244 D WifiService: Enterprise config:
06-02 15:56:39.620 11156 11244 D WifiService: IP config:
06-02 15:56:39.620 11156 11244 D WifiService: IP assignment: DHCP
06-02 15:56:39.620 11156 11244 D WifiService: Proxy settings: NONE
06-02 15:56:39.620 11156 11244 D WifiService:  cuid=1000 cname=android.uid.system:1000 luid=1000 lname=android.uid.system:1000 lcuid=1000 userApproved=USER_UNSPECIFIED noInternetAccessExpected=false roamingFailureBlackListTimeMilli: 1000
06-02 15:56:39.620 11156 11244 D WifiService: recentFailure: Association Rejection code: 0
06-02 15:56:39.634 11910 11980 D #SerialPort: port1,in hex:4D4114030031FF202523020A04FEFFFFFF00000D
06-02 15:56:39.637 13872 13884 D #base_sdk_binary_r: 接收到hex数据:4D4114030031FF202523020A04FEFFFFFF00000D
06-02 15:56:39.644 11091 11091 E wificond: Received error messsage: Operation not supported on transport endpoint
06-02 15:56:39.644 11091 11091 E wificond: NL80211_CMD_ABORT_SCAN failed
06-02 15:56:39.644 11091 11091 W wificond: Abort scan failed
06-02 15:56:39.966 11659 11659 I wpa_supplicant: wlan0: CTRL-EVENT-DISCONNECTED bssid=18:4b:0d:a0:ab:fd reason=3 locally_generated=1
06-02 15:56:39.967 11091 11091 W wificond: Scan aborted
06-02 15:56:39.968 11156 11247 I chatty  : uid=1000(system) WifiScanningSer expire 2 lines
06-02 15:56:39.980 11659 11659 E wpa_supplicant: nl80211: Failed to open /proc/sys/net/ipv4/conf/wlan0/drop_unicast_in_l2_multicast: No such file or directory
06-02 15:56:39.980 11659 11659 E wpa_supplicant: nl80211: Failed to set IPv4 unicast in multicast filter
06-02 15:56:39.981 11659 11659 E wpa_supplicant: nl80211: Failed to open /proc/sys/net/ipv4/conf/wlan0/drop_unicast_in_l2_multicast: No such file or directory
06-02 15:56:39.981 11659 11659 E wpa_supplicant: nl80211: Failed to set IPv4 unicast in multicast filter
06-02 15:56:40.130 11910 11980 D #SerialPort: port1,in hex:4D4114030030FF232823020A04FEFFFFFF000002
06-02 15:56:40.133 13872 13884 D #base_sdk_binary_r: 接收到hex数据:4D4114030030FF232823020A04FEFFFFFF000002
06-02 15:56:40.405 11659 11659 W wpa_supplicant: nl80211: Was expecting local disconnect but got another disconnect event first
06-02 15:56:40.406 11659 11659 E wpa_supplicant: nl80211: Failed to open /proc/sys/net/ipv4/conf/wlan0/drop_unicast_in_l2_multicast: No such file or directory
06-02 15:56:40.406 11659 11659 E wpa_supplicant: nl80211: Failed to set IPv4 unicast in multicast filter
06-02 15:56:40.446 11156 11233 I chatty  : uid=1000(system) HwBinder:11156_ expire 1 line
06-02 15:56:40.449 11156 11246 I chatty  : uid=1000(system) IpManager.wlan0 expire 1 line
06-02 15:56:40.450 11156  3625 I chatty  : uid=1000 system_server expire 1 line
06-02 15:56:40.452 11090 11143 D CommandListener: Setting iface cfg
06-02 15:56:40.453 11156 11250 D ConnectivityService: NetworkAgentInfo [WIFI () - 102] EVENT_NETWORK_INFO_CHANGED, going from CONNECTED to DISCONNECTED
06-02 15:56:40.454 11156 11250 D ConnectivityService: NetworkAgentInfo [WIFI () - 102] got DISCONNECTED, was satisfying 8
06-02 15:56:40.458 11090 11134 I Netd    : Destroyed 16 sockets on 172.16.98.110 in 0.8 ms
06-02 15:56:40.461 13872  3639 D AlarmPingSender: Unregister alarmreceiver to MqttServiceGID_Robot@@@9234333630
06-02 15:56:40.465 13872 13872 I #PushManager: ----mqtt连接已断开:Connection lost (32109) - java.net.SocketException: Software caused connection abort, this:>>21566738
06-02 15:56:40.466 13872 13872 W System.err: Connection lost (32109) - java.net.SocketException: Software caused connection abort
06-02 15:56:40.466 13872 13872 W System.err: 	at org.eclipse.paho.client.mqttv3.internal.CommsReceiver.run(CommsReceiver.java:146)
06-02 15:56:40.466 13872 13872 W System.err: 	at java.lang.Thread.run(Thread.java:764)
06-02 15:56:40.466 13872 13872 W System.err: Caused by: java.net.SocketException: Software caused connection abort
06-02 15:56:40.470 11156  3627 I chatty  : uid=1000 system_server expire 1 line
06-02 15:56:40.472 13938 13965 W Settings: Setting adb_enabled has moved from android.provider.Settings.Secure to android.provider.Settings.Global.
06-02 15:56:40.475 13872 13872 W System.err: 	at java.net.SocketInputStream.socketRead0(Native Method)
06-02 15:56:40.475 13872 13872 W System.err: 	at java.net.SocketInputStream.socketRead(SocketInputStream.java:114)
06-02 15:56:40.475 13872 13872 W System.err: 	at java.net.SocketInputStream.read(SocketInputStream.java:170)
06-02 15:56:40.475 13872 13872 W System.err: 	at java.net.SocketInputStream.read(SocketInputStream.java:139)
06-02 15:56:40.475 13872 13872 W System.err: 	at java.net.SocketInputStream.read(SocketInputStream.java:223)
06-02 15:56:40.475 13872 13872 W System.err: 	at java.io.DataInputStream.readByte(DataInputStream.java:268)
06-02 15:56:40.475 13872 13872 W System.err: 	at org.eclipse.paho.client.mqttv3.internal.wire.MqttInputStream.readMqttWireMessage(MqttInputStream.java:65)
06-02 15:56:40.475 13872 13872 W System.err: 	at org.eclipse.paho.client.mqttv3.internal.CommsReceiver.run(CommsReceiver.java:107)
06-02 15:56:40.475 13872 13872 W System.err: 	... 1 more
06-02 15:56:40.475 13872 13872 I #PushManager: ----mqtt 延迟重连, delay:3000
06-02 15:56:40.478 13938 13970 W Settings: Setting auto_time has moved from android.provider.Settings.System to android.provider.Settings.Global, returning read-only value.
06-02 15:56:40.480 13938 13965 W Settings: Setting adb_enabled has moved from android.provider.Settings.Secure to android.provider.Settings.Global.
06-02 15:56:40.481 13872  6592 D GTIntentService: runIntent: 
06-02 15:56:40.483 11090 11143 D CommandListener: Clearing all IP addresses on wlan0
06-02 15:56:40.483 13938 13970 W Settings: Setting auto_time has moved from android.provider.Settings.System to android.provider.Settings.Global, returning read-only value.
06-02 15:56:40.483 13938 13970 I chatty  : uid=10071(cn.inbot.robotbasic) GBD-Thread identical 4 lines
06-02 15:56:40.484 13938 13970 W Settings: Setting auto_time has moved from android.provider.Settings.System to android.provider.Settings.Global, returning read-only value.
06-02 15:56:40.487 11156 11263 I chatty  : uid=1000(system) ConnectivityThr expire 1 line
06-02 15:56:40.496 11156 11250 D ConnectivityService: Sending DISCONNECTED broadcast for type 1 NetworkAgentInfo [WIFI () - 102] isDefaultNetwork=true
06-02 15:56:40.496 11156 11174 I chatty  : uid=1000(system) batterystats-wo expire 4 lines
06-02 15:56:40.496   258   258 I WifiHAL : Got channel list with 13 channels
06-02 15:56:40.498 11302 11302 I DeviceStatusMonitor: DeviceStatusMonitor$1.onReceive():57 onReceive() : Action = android.net.conn.CONNECTIVITY_CHANGE
06-02 15:56:40.498 11156 11250 D ConnectivityService: Switching to new default network: NetworkAgentInfo{ ni{[type: Ethernet[], state: CONNECTED/CONNECTED, reason: (unspecified), extra: 06:a9:ad:9b:6e:92, failover: false, available: true, roaming: false]}  network{100}  nethandle{429513165534}  lp{{InterfaceName: eth0 LinkAddresses: [fe80::d248:e859:b11b:4a1b/64,192.168.11.223/24,]  Routes: [fe80::/64 -> :: eth0,192.168.11.0/24 -> 0.0.0.0 eth0,0.0.0.0/0 -> 192.168.11.101 eth0,] DnsAddresses: [192.168.11.101,] Domains: lan MTU: 0 TcpBufferSizes: 524288,1048576,3145728,524288,1048576,2097152}}  nc{[ Transports: ETHERNET Capabilities: INTERNET&NOT_RESTRICTED&TRUSTED&NOT_VPN&VALIDATED&FOREGROUND LinkUpBandwidth>=100000Kbps LinkDnBandwidth>=100000Kbps]}  Score{0}  everValidated{true}  lastValidated{true}  created{true} lingering{false} explicitlySelected{false} acceptUnvalidated{false} everCaptivePortalDetected{false} lastCaptivePortalDetected{false} clat{null} }
06-02 15:56:40.499 12434 12434 I chatty  : uid=10064(cn.inbot.x2communication) expire 8 lines
06-02 15:56:40.500 13872 13872 D #RobotBasic: 监听到网络变化
06-02 15:56:40.500   258   258 I WifiHAL : Got channel list with 9 channels
06-02 15:56:40.500 13872 13872 D #RobotBasic: 网络断开
06-02 15:56:40.501   258   258 I WifiHAL : Got channel list with 4 channels
06-02 15:56:40.504 12046 12046 D RKUpdateReceiver: action = android.net.conn.CONNECTIVITY_CHANGE
06-02 15:56:40.505 12046 12046 W ContextImpl: Calling a method in the system process without a qualified user: android.app.ContextImpl.startService:1476 android.content.ContextWrapper.startService:650 android.content.ContextWrapper.startService:650 android.rockchip.update.service.RKUpdateReceiver.onReceive:101 android.app.ActivityThread.handleReceiver:3187 
06-02 15:56:40.507 12046 12046 D RKUpdateService: onStartCommand.......
06-02 15:56:40.508 12046 12046 D RKUpdateService: command = 2 delaytime = 5000
06-02 15:56:40.508   258   258 D WifiHAL : In DebugCommand::handleResponse
06-02 15:56:40.508   258   258 D WifiHAL : len = 4, expected len = 4
06-02 15:56:40.512 11156 11250 D ConnectivityService: Sending CONNECTED broadcast for type 9 NetworkAgentInfo [Ethernet () - 100] isDefaultNetwork=true
06-02 15:56:40.512 12117 12117 I chatty  : uid=10065(cn.inbot.padbotnavigation) expire 20 lines
06-02 15:56:40.513 11156 11456 I chatty  : uid=1000(system) NetworkTimeUpda expire 1 line
06-02 15:56:40.515 12117 12213 I chatty  : uid=10065(cn.inbot.padbotnavigation) BuglyThread-2 expire 8 lines
06-02 15:56:40.517   258   258 D WifiHAL : In DebugCommand::handleResponse
06-02 15:56:40.517   258   258 D WifiHAL : len = 4, expected len = 4
06-02 15:56:40.518 12117 12212 I chatty  : uid=10065(cn.inbot.padbotnavigation) BuglyThread-1 expire 8 lines
06-02 15:56:40.519 12046 12046 D RKUpdateReceiver: action = android.net.conn.CONNECTIVITY_CHANGE
06-02 15:56:40.520 13872 13872 D #RobotBasic: 监听到网络变化
06-02 15:56:40.520 13872 13872 D network : Network Type : ethernet
06-02 15:56:40.520 12046 12046 W ContextImpl: Calling a method in the system process without a qualified user: android.app.ContextImpl.startService:1476 android.content.ContextWrapper.startService:650 android.content.ContextWrapper.startService:650 android.rockchip.update.service.RKUpdateReceiver.onReceive:101 android.app.ActivityThread.handleReceiver:3187 
06-02 15:56:40.520 13872 13872 D #RobotBasic: 连上网络 networkType:ethernet
06-02 15:56:40.524 12046 12046 D RKUpdateService: onStartCommand.......
06-02 15:56:40.524 12046 12046 D RKUpdateService: command = 2 delaytime = 5000
06-02 15:56:40.525 13938 13965 W Settings: Setting adb_enabled has moved from android.provider.Settings.Secure to android.provider.Settings.Global.
06-02 15:56:40.530 12434  6596 I chatty  : uid=10064(cn.inbot.x2communication) expire 4 lines
06-02 15:56:40.531 11302 11302 I DeviceStatusMonitor: DeviceStatusMonitor.notifyIfNetworkChanged():158 notifyIfNetworkChanged: newState = METERED, airplaneModeOn = false, notifyAnyway = false
06-02 15:56:40.532 11302 11302 I DeviceStatusMonitor: DeviceStatusMonitor$1.onReceive():57 onReceive() : Action = android.net.conn.CONNECTIVITY_CHANGE
06-02 15:56:40.533 11302  6600 I NetworkInfoNotification: NetworkInfoNotification$Listener.onReceive():89 onNetworkAvailable: networkState = METERED, isAirplaneModeOn = false
06-02 15:56:40.535 11302  6599 I NetworkInfoNotification: NetworkInfoNotification$Listener.onReceive():89 onNetworkAvailable: networkState = METERED, isAirplaneModeOn = false
06-02 15:56:40.536 11302 11302 I DeviceStatusMonitor: DeviceStatusMonitor.notifyIfNetworkChanged():158 notifyIfNetworkChanged: newState = METERED, airplaneModeOn = false, notifyAnyway = false
06-02 15:56:40.537 11302 11302 I NetworkInfoNotification: NetworkInfoNotification$Listener.onReceive():89 onNetworkAvailable: networkState = METERED, isAirplaneModeOn = false
06-02 15:56:40.538 11302 11302 I SuperpacksManagerBase: SuperpacksManagerBase.registerSuperpackManifest():113 registerSuperpackManifest()
06-02 15:56:40.539 11302 11302 I SuperpacksManagerBase: SuperpacksManagerBase.getMetadataUriAndVersion():277 getMetadataUriAndVersion() :  2018060605 : https://www.gstatic.com/android/keyboard/hmmpack/2018060605/metadata_2018060605.json
06-02 15:56:40.540 11302 11302 I NetworkInfoNotification: NetworkInfoNotification$Listener.onReceive():89 onNetworkAvailable: networkState = METERED, isAirplaneModeOn = false
06-02 15:56:40.541 11469 21812 D TelephonyProvider: getPreferredApnIdFromApn: for subId -1
06-02 15:56:40.543 11302 11302 I HandwritingOnlineSuperpacks: HandwritingOnlineSuperpacks$1.onNetworkAvailable():77 onNetworkAvailable
06-02 15:56:40.543 11302 11302 I HandwritingSuperpacks: HandwritingSuperpacks.register():237 register(): version '55', url 'https://dl.google.com/handwriting/models/handwriting_release.superpack_manifest.20210104.json' [ONLINE]
06-02 15:56:40.546 11302 11971 I SP      : Registering handwriting_recognition.55, url: https://dl.google.com/handwriting/models/handwriting_release.superpack_manifest.20210104.json, constraints: m:*:*:*, flags: fg, requested: 55, current: 55
06-02 15:56:40.550 11302  6603 I SuperpacksManagerBase: SuperpacksManagerBase.lambda$registerSuperpackManifest$0():130 registerSuperpackManifest(): current 2018060605, required 2018060605
06-02 15:56:40.554 11302 11971 I SP      : Registering hmmdictionary.2018060605, url: https://www.gstatic.com/android/keyboard/hmmpack/2018060605/metadata_2018060605.json, constraints: m:*:*:*, flags: bg, requested: 2018060605, current: 2018060605
06-02 15:56:40.555 11156 11174 E BatteryExternalStatsWorker: no controller energy info supplied for wifi
06-02 15:56:40.555 11156 11170 I chatty  : uid=1000(system) android.bg expire 2 lines
06-02 15:56:40.557   251   251 E TD1030DBG: Enter : td_agps_ril_update_network_state(0,1,0,(null))
06-02 15:56:40.558 11302  6604 I HandwritingOnlineSuperpacks: HandwritingOnlineSuperpacks$2.apply():195 syncPackMapping()
06-02 15:56:40.558   251   251 E TD1030DBG: Enter : td_agps_ril_network_availability(1,dummy-apn)
06-02 15:56:40.563 11302 11971 I HandwritingSlicingStrategy: HandwritingSlicingStrategy.getSlices():55 getSlices(): handwriting_recognition.55 useForeground=true
06-02 15:56:40.565 11302 11971 I HandwritingSlicingStrategy: HandwritingSlicingStrategy.getSlices():121 getSlices(): result {slices=[{handwriting_recognition:pack_mapping_v1_lstm_20210104, m:*:*:*, fg}, {handwriting_recognition:qrnn_zh_tw_reco_20191217_fst_20190322_recospec_zip, m:*:*:*, fg}, {handwriting_recognition:zh_tw_20190322_compact_fst_zip, m:*:*:*, fg}, {handwriting_recognition:lstm_chinese_tflite_4_192_tflite_20181109_zip, m:*:*:*, fg}, {handwriting_recognition:qrnn_zh_cn_reco_20191217_fst_20190322_recospec_zip, m:*:*:*, fg}, {handwriting_recognition:zh_cn_20190322_compact_fst_zip, m:*:*:*, fg}], last batch=true, sync metadata=false}
06-02 15:56:40.566  6545  6545 D WifiSettings: onAccessPointChanged (singular) callback initiated
06-02 15:56:40.567 11302 11971 I SP      : Syncing handwriting_recognition (55) with slices: [{pack_mapping_v1_lstm_20210104, m:*:*:*, fg}, {qrnn_zh_tw_reco_20191217_fst_20190322_recospec_zip, m:*:*:*, fg}, {zh_tw_20190322_compact_fst_zip, m:*:*:*, fg}, {lstm_chinese_tflite_4_192_tflite_20181109_zip, m:*:*:*, fg}, {qrnn_zh_cn_reco_20191217_fst_20190322_recospec_zip, m:*:*:*, fg}, {zh_cn_20190322_compact_fst_zip, m:*:*:*, fg}], metadata: false
06-02 15:56:40.567  6545  6545 D WifiSettings: onAccessPointChanged (singular) callback initiated
06-02 15:56:40.567  6545  6545 D WifiSettings: onAccessPointChanged (singular) callback initiated
06-02 15:56:40.567  6545  6545 D WifiSettings: onAccessPointChanged (singular) callback initiated
06-02 15:56:40.567  6545  6545 D WifiSettings: onAccessPointsChanged (WifiTracker) callback initiated
06-02 15:56:40.581  6545  6545 D WifiSettings: onAccessPointChanged (singular) callback initiated
06-02 15:56:40.581  6545  6545 D WifiSettings: onAccessPointChanged (singular) callback initiated
06-02 15:56:40.581  6545  6545 D WifiSettings: onAccessPointChanged (singular) callback initiated
06-02 15:56:40.582  6545  6545 D WifiSettings: onAccessPointChanged (singular) callback initiated
06-02 15:56:40.582  6545  6545 D WifiSettings: onAccessPointsChanged (WifiTracker) callback initiated
06-02 15:56:40.609  6545  6545 D WifiSettings: onAccessPointChanged (singular) callback initiated
06-02 15:56:40.609  6545  6545 D WifiSettings: onAccessPointChanged (singular) callback initiated
06-02 15:56:40.609  6545  6545 D WifiSettings: onAccessPointChanged (singular) callback initiated
06-02 15:56:40.610  6545  6545 D WifiSettings: onAccessPointChanged (singular) callback initiated
06-02 15:56:40.610  6545  6545 D WifiSettings: onAccessPointsChanged (WifiTracker) callback initiated
06-02 15:56:40.625  6545  6545 D WifiSettings: onAccessPointChanged (singular) callback initiated
06-02 15:56:40.625  6545  6545 D WifiSettings: onAccessPointChanged (singular) callback initiated
06-02 15:56:40.625  6545  6545 D WifiSettings: onAccessPointsChanged (WifiTracker) callback initiated
06-02 15:56:40.628  6545  6545 I zygote64: Deoptimizing int android.support.v7.widget.OrientationHelper$2.getDecoratedEnd(android.view.View) due to JIT inline cache
06-02 15:56:40.640 13938 13965 W Settings: Setting adb_enabled has moved from android.provider.Settings.Secure to android.provider.Settings.Global.
06-02 15:56:40.642 11910 11980 D #SerialPort: port1,in hex:4D4114030031FF212623020A04FEFFFFFF00000F
06-02 15:56:40.642 13938 13965 W Settings: Setting adb_enabled has moved from android.provider.Settings.Secure to android.provider.Settings.Global.
06-02 15:56:40.644 13872 13884 D #base_sdk_binary_r: 接收到hex数据:4D4114030031FF212623020A04FEFFFFFF00000F
06-02 15:56:40.645  6545  6545 D WifiSettings: onAccessPointsChanged (WifiTracker) callback initiated
06-02 15:56:40.648  6545  6545 D WifiSettings: onAccessPointsChanged (WifiTracker) callback initiated
06-02 15:56:40.649  6545  6545 D WifiSettings: onAccessPointsChanged (WifiTracker) callback initiated
06-02 15:56:40.653  6545  6545 D WifiSettings: onAccessPointsChanged (WifiTracker) callback initiated
06-02 15:56:40.670 11302 11971 I DictionarySlicingStrategy: DictionarySlicingStrategy.getSlices():76 getSlices(): hmmdictionary.2018060605
06-02 15:56:40.671 11302 11971 I DictionarySlicingStrategy: DictionarySlicingStrategy.getSlices():106 getSlices(): result {slices=[hmmdictionary:zh_TW_2018060605, hmmdictionary:zh_CN_2018030706], last batch=true, sync metadata=false}
06-02 15:56:40.671 11302 11971 I SP      : Syncing hmmdictionary (2018060605) with slices: [zh_TW_2018060605, zh_CN_2018030706], metadata: false
06-02 15:56:40.796 11302 11971 I SP      : Sync for handwriting_recognition succeeded in 236 ms: no changes
06-02 15:56:40.799 11302 11971 I SP      : GC for 'handwriting_recognition' (10) with ttl of 0 ms took 1 ms (0/1/0)
06-02 15:56:40.800 11302  6600 I HandwritingOnlineSuperpacks: HandwritingOnlineSuperpacks.lambda$syncInternal$1():215 syncInternal(): syncing packs
06-02 15:56:40.801 11302  6600 I HandwritingOnlineSuperpacks: HandwritingOnlineSuperpacks$3.onSyncSuccess():263 syncInternal(): complete {old=[lstm_chinese_tflite_4_192_tflite_20181109_zip, pack_mapping_v1_lstm_20210104, qrnn_zh_cn_reco_20191217_fst_20190322_recospec_zip, qrnn_zh_tw_reco_20191217_fst_20190322_recospec_zip, zh_cn_20190322_compact_fst_zip, zh_tw_20190322_compact_fst_zip], new=[lstm_chinese_tflite_4_192_tflite_20181109_zip, pack_mapping_v1_lstm_20210104, qrnn_zh_cn_reco_20191217_fst_20190322_recospec_zip, qrnn_zh_tw_reco_20191217_fst_20190322_recospec_zip, zh_cn_20190322_compact_fst_zip, zh_tw_20190322_compact_fst_zip], metadata=false, last batch=true}
06-02 15:56:40.813  6545  6550 I zygote64: Do partial code cache collection, code=120KB, data=80KB
06-02 15:56:40.813  6545  6550 I zygote64: After code cache collection, code=119KB, data=80KB
06-02 15:56:40.813  6545  6550 I zygote64: Increasing code cache capacity to 512KB
06-02 15:56:40.827 11302 11971 I SP      : Sync for hmmdictionary succeeded in 158 ms: no changes
06-02 15:56:40.828 11302 11971 I SP      : GC for 'hmmdictionary' (10) with ttl of 0 ms took 1 ms (0/1/0)
06-02 15:56:40.833 11302  6603 I SuperpacksManagerBase: SuperpacksManagerBase$2.onSyncSuccess():188 sync(): complete {old=[zh_CN_2018030706, zh_TW_2018060605], new=[zh_CN_2018030706, zh_TW_2018060605], metadata=false, last batch=true}
06-02 15:56:40.838 11302  6604 I HmmDataFacilitator: HmmDataFacilitator.setDownloadedPacks():431 Opening pack for language zh_CN
06-02 15:56:40.838 11302  6604 I HmmDataFacilitator: HmmDataFacilitator.setDownloadedPacks():431 Opening pack for language zh_TW
06-02 15:56:41.138 11910 11980 D #SerialPort: port1,in hex:4D4114030031FF242423020A04FEFFFFFF000008
06-02 15:56:41.141 13872 13884 D #base_sdk_binary_r: 接收到hex数据:4D4114030031FF242423020A04FEFFFFFF000008
06-02 15:56:41.261 13938 13965 W Settings: Setting adb_enabled has moved from android.provider.Settings.Secure to android.provider.Settings.Global.
06-02 15:56:41.269 13938 13965 W Settings: Setting adb_enabled has moved from android.provider.Settings.Secure to android.provider.Settings.Global.
06-02 15:56:41.634 11910 11980 D #SerialPort: port1,in hex:4D4114030017FF202C23020A04FEFFFFFF000022
06-02 15:56:41.638 13872 13884 D #base_sdk_binary_r: 接收到hex数据:4D4114030017FF202C23020A04FEFFFFFF000022
06-02 15:56:41.682 12117 12226 I chatty  : uid=10065(cn.inbot.padbotnavigation) RxCachedThreadS expire 8 lines
06-02 15:56:42.130 11910 11980 D #SerialPort: port1,in hex:4D411403002BFF232522020A04FEFFFFFF000015
06-02 15:56:42.136 13872 13884 D #base_sdk_binary_r: 接收到hex数据:4D411403002BFF232522020A04FEFFFFFF000015
06-02 15:56:42.395 13938 13965 W Settings: Setting adb_enabled has moved from android.provider.Settings.Secure to android.provider.Settings.Global.
06-02 15:56:42.403 13938 13965 W Settings: Setting adb_enabled has moved from android.provider.Settings.Secure to android.provider.Settings.Global.
06-02 15:56:42.408 11659 11659 I wpa_supplicant: wlan0: GAS-QUERY-DONE addr=e8:9c:25:b0:87:62 dialog_token=108 freq=2462 status_code=0 result=TIMEOUT
06-02 15:56:42.408 11659 11659 I wpa_supplicant: wlan0: ANQP-QUERY-DONE addr=e8:9c:25:b0:87:62 result=FAILURE
06-02 15:56:42.642 11910 11980 D #SerialPort: port1,in hex:4D4114030028FF24231C020A04FEFFFFFF000029
06-02 15:56:42.646 13872 13884 D #base_sdk_binary_r: 接收到hex数据:4D4114030028FF24231C020A04FEFFFFFF000029
06-02 15:56:42.648 12396 12409 I chatty  : uid=10058(cn.inbot.padbotapplauncher) Binder:12396_1 expire 148 lines
06-02 15:56:42.715 11092 11110 D alsa_route: route_set_controls() set route 24
06-02 15:56:42.715 11092 11110 D AudioHardwareTiny: close device
06-02 15:56:42.823 11659 11659 I wpa_supplicant: wlan0: Trying to associate with e8:9c:25:b0:6d:30 (SSID='Auki Robotics' freq=2437 MHz)
06-02 15:56:42.869 11659 11659 I wpa_supplicant: wlan0: GAS-QUERY-START addr=d2:60:f9:a4:9b:79 dialog_token=111 freq=2417
06-02 15:56:42.898 11659 11659 I wpa_supplicant: wlan0: Associated with e8:9c:25:b0:6d:30
06-02 15:56:42.898 11659 11659 I wpa_supplicant: wlan0: CTRL-EVENT-SUBNET-STATUS-UPDATE status=0
06-02 15:56:42.905  6545  6545 D WifiSettings: onAccessPointChanged (singular) callback initiated
06-02 15:56:42.906  6545  6545 D WifiSettings: onAccessPointChanged (singular) callback initiated
06-02 15:56:42.906  6545  6545 D WifiSettings: onAccessPointsChanged (WifiTracker) callback initiated
06-02 15:56:42.919  6545  6545 D WifiSettings: onAccessPointChanged (singular) callback initiated
06-02 15:56:42.919  6545  6545 D WifiSettings: onAccessPointsChanged (WifiTracker) callback initiated
06-02 15:56:42.920 11659 11659 I wpa_supplicant: wlan0: WPA: Key negotiation completed with e8:9c:25:b0:6d:30 [PTK=CCMP GTK=CCMP]
06-02 15:56:42.920 11659 11659 I wpa_supplicant: wlan0: CTRL-EVENT-CONNECTED - Connection to e8:9c:25:b0:6d:30 completed [id=0 id_str=%7B%22configKey%22%3A%22%5C%22Auki+Robotics%5C%22WPA_PSK%22%2C%22creatorUid%22%3A%221000%22%7D]
06-02 15:56:42.930 11156 11245 D ConnectivityService: registerNetworkAgent NetworkAgentInfo{ ni{[type: WIFI[], state: CONNECTING/CONNECTING, reason: (unspecified), extra: "Auki Robotics", failover: false, available: true, roaming: false]}  network{103}  nethandle{442398067422}  lp{{LinkAddresses: []  Routes: [] DnsAddresses: [] Domains: null MTU: 0}}  nc{[ Transports: WIFI Capabilities: NOT_METERED&INTERNET&NOT_RESTRICTED&TRUSTED&NOT_VPN LinkUpBandwidth>=1048576Kbps LinkDnBandwidth>=1048576Kbps]}  Score{1}  everValidated{false}  lastValidated{false}  created{false} lingering{false} explicitlySelected{false} acceptUnvalidated{false} everCaptivePortalDetected{false} lastCaptivePortalDetected{false} clat{null} }
06-02 15:56:42.930 11156 11250 D ConnectivityService: NetworkAgentInfo [WIFI () - 103] EVENT_NETWORK_INFO_CHANGED, going from null to CONNECTING
06-02 15:56:43.138 11910 11980 D #SerialPort: port1,in hex:4D411403002FFF24221D020A04FEFFFFFF00002E
06-02 15:56:43.142 13872 13884 D #base_sdk_binary_r: 接收到hex数据:4D411403002FFF24221D020A04FEFFFFFF00002E
06-02 15:56:43.144 12117 12129 I chatty  : uid=10065(cn.inbot.padbotnavigation) Binder:12117_1 expire 72 lines
06-02 15:56:43.172 11845 11845 I chatty  : uid=10045(cn.inbot.padbotlauncher) expire 56 lines
06-02 15:56:43.341   258   258 D WifiHAL : Getting APF capabilities, halHandle = 0x7d04a2ea40
06-02 15:56:43.341   258   258 I WifiHAL : 
06-02 15:56:43.341   258   258 I WifiHAL : createRequest: APF get capabilities request
06-02 15:56:43.341   258   258 D WifiHAL : In SetAPFCommand::handleResponse
06-02 15:56:43.341   258   258 D WifiHAL : Id = 0, subcmd = 0, len = 16
06-02 15:56:43.341   258   258 D WifiHAL : Response recieved for get packet filter capabilities command
06-02 15:56:43.341   258   258 I WifiHAL : APF version is 0
06-02 15:56:43.341   258   258 I WifiHAL : APF max len is 0
06-02 15:56:43.341   258   258 I WifiHAL : Done!
06-02 15:56:43.341   258   258 D WifiHAL : Getting APF capability, version = 0, max_len = 0
06-02 15:56:43.401 11156  6619 I chatty  : uid=1000(system) Thread-57 expire 1 line
06-02 15:56:43.410  6545  6545 W zygote64: Long monitor contention with owner WifiSettings (6563) at void com.android.settingslib.wifi.WifiTracker$WorkHandler.handleMessage(android.os.Message)(WifiTracker.java:898) waiters=0 in void com.android.settingslib.wifi.WifiTracker.copyAndNotifyListeners(boolean) for 470ms
06-02 15:56:43.475 13872 13872 I #PushManager: connect, recreate:false, this:>>21566738
06-02 15:56:43.475 13872 13872 I #PushManager: ----mqtt 开始连接, mqttClient:org.eclipse.paho.android.service.MqttAndroidClient@81f705e
06-02 15:56:43.491 13872  6621 D AlarmPingSender: Unregister alarmreceiver to MqttServiceGID_Robot@@@9234333630
06-02 15:56:43.497 13872 13872 I #PushManager: ----mqtt 连接失败:MqttException (0) - java.net.UnknownHostException: post-cn-i7m25yinr0c.mqtt.aliyuncs.com
06-02 15:56:43.497 13872 13872 I #PushManager: ----mqtt 延迟重连, delay:6000
06-02 15:56:43.513 11156  6617 I chatty  : uid=1000(system) DhcpClient expire 1 line
06-02 15:56:43.588  6545  6545 D WifiSettings: onAccessPointChanged (singular) callback initiated
06-02 15:56:43.588  6545  6545 D WifiSettings: onAccessPointChanged (singular) callback initiated
