06-02 12:29:57.517   522   624 D VoldConnector: RCV <- {662 /cache 510488576 1582221242}
06-02 12:29:57.559   236   628 I vold    : Trimmed 11976704 bytes on /metadata in 41ms
06-02 12:29:57.559   236   628 D vold    : Starting trim of none
06-02 12:29:57.559   236   628 W vold    : Failed to open none: No such file or directory
06-02 12:29:57.560   522   624 D VoldConnector: RCV <- {662 /metadata 11976704 41988338}
06-02 12:29:58.114   812   812 I TelecomFramework: PstnIncomingCallNotifier: Unregistering: Handler (com.android.internal.telephony.GsmCdmaPhone) {bd72c7e}
06-02 12:29:58.137   522   843 W Telecom : : registerPhoneAccount not allowed on non-voice capable device.: TSI.rPA@AAw
06-02 12:29:58.138   812   812 I TelecomFramework: AccountEntry: Registered phoneAccount: [[ ] PhoneAccount: ComponentInfo{com.android.phone/com.android.services.telephony.TelephonyConnectionService}, [e0184adedf913b076626646d3f52c3b49c39ad6d], UserHandle{0} Capabilities: CallProvider MultiUser PlaceEmerg SimSub  Audio Routes: BESW Schemes: tel voicemail  Extras: Bundle[{android.telecom.extra.SUPPORTS_VIDEO_CALLING_FALLBACK=false}] GroupId: [da39a3ee5e6b4b0d3255bfef95601890afd80709]] with handle: ComponentInfo{com.android.phone/com.android.services.telephony.TelephonyConnectionService}, [e0184adedf913b076626646d3f52c3b49c39ad6d], UserHandle{0}
06-02 12:29:58.138   812   812 I TelecomFramework: PstnIncomingCallNotifier: Registering: Handler (com.android.internal.telephony.GsmCdmaPhone) {bd72c7e}
06-02 12:29:58.158   812   812 I TelecomFramework: PstnPhoneCapabilitiesNotifier: handleVideoCapabilitesChanged. Video capability - false
06-02 12:29:58.167  1194  1194 D StorageManager: probeEmmc find /sys/block/mmcblk1rpmb
06-02 12:29:58.171   522   534 W Telecom : : registerPhoneAccount not allowed on non-voice capable device.: TSI.rPA@AA8
06-02 12:29:58.180   522   880 I ActivityManager: Start proc 1455:android.rockchip.update.service/1000 for broadcast android.rockchip.update.service/.RKUpdateReceiver
06-02 12:29:58.314   522   880 I ActivityManager: Start proc 1471:android.process.media/u0a10 for broadcast com.android.providers.downloads/.DownloadReceiver
06-02 12:29:58.445  1471  1471 D StorageManager: probeEmmc find /sys/block/mmcblk1rpmb
06-02 12:29:58.576   522   843 I ActivityManager: Start proc 1494:android.process.acore/u0a5 for content provider com.android.providers.userdictionary/.UserDictionaryProvider
06-02 12:29:58.648  1471  1471 D StorageManager: probeEmmc find /sys/block/mmcblk1rpmb
06-02 12:29:58.681   522  1518 I BootReceiver: Copying audit failures to DropBox
06-02 12:29:58.682   522  1518 I BootReceiver: Checking for fsck errors
06-02 12:29:58.682   522  1518 I BootReceiver: fs_stat, partition:oem stat:0x3
06-02 12:29:58.683   522  1518 I BootReceiver: fs_stat, partition:cache stat:0x4b
06-02 12:29:58.683   522  1518 I BootReceiver: fs_stat, partition:metadata stat:0xb
06-02 12:29:58.687   522  1518 I BootReceiver: Copying /data/tombstones/tombstone_30 to DropBox (SYSTEM_TOMBSTONE)
06-02 12:29:58.698   522   880 E NotificationService: Suppressing toast from package com.carriez.flutter_hbb by user request.
06-02 12:29:58.723   522   880 I ActivityManager: Start proc 1521:cn.inbot.padbotnavigation/u0a65 for broadcast cn.inbot.padbotnavigation/cn.inbot.componentnavigation.broadcast.BootBroadcastReceiver
06-02 12:29:58.806   522   540 E NotificationService: Suppressing notification from package by user request.
06-02 12:29:58.808   522   880 I ActivityManager: START u0 {act=REQUEST_MEDIA_PROJECTION flg=0x10000000 cmp=com.carriez.flutter_hbb/.PermissionRequestTransparentActivity} from uid 10067
06-02 12:29:58.808   522   540 E NotificationService: Suppressing notification from package by user request.
06-02 12:29:58.835   522   534 I ActivityManager: START u0 {cmp=com.android.systemui/.media.MediaProjectionPermissionActivity} from uid 10067
06-02 12:29:58.910   522   540 E NotificationService: Suppressing notification from package by user request.
06-02 12:29:58.925   522   728 I WindowManager: Failed to capture screenshot of Token{80a8eb4 ActivityRecord{1b52f87 u0 com.carriez.flutter_hbb/.PermissionRequestTransparentActivity t329 f}} appWin=Window{6292d9b u0 com.carriez.flutter_hbb/com.carriez.flutter_hbb.PermissionRequestTransparentActivity} drawState=4
06-02 12:29:59.003   404   404 W wificond: Scan is not started. Ignore abort request
06-02 12:30:01.098   522   634 D ConnectivityService: registerNetworkAgent NetworkAgentInfo{ ni{[type: WIFI[], state: CONNECTING/CONNECTING, reason: (unspecified), extra: "Auki Robotics", failover: false, available: true, roaming: false]}  network{100}  nethandle{429513165534}  lp{{LinkAddresses: []  Routes: [] DnsAddresses: [] Domains: null MTU: 0}}  nc{[ Transports: WIFI Capabilities: NOT_METERED&INTERNET&NOT_RESTRICTED&TRUSTED&NOT_VPN LinkUpBandwidth>=1048576Kbps LinkDnBandwidth>=1048576Kbps]}  Score{1}  everValidated{false}  lastValidated{false}  created{false} lingering{false} explicitlySelected{false} acceptUnvalidated{false} everCaptivePortalDetected{false} lastCaptivePortalDetected{false} clat{null} }
06-02 12:30:01.099   522   641 D ConnectivityService: NetworkAgentInfo [WIFI () - 100] EVENT_NETWORK_INFO_CHANGED, going from null to CONNECTING
06-02 12:30:01.645   522   656 D ConnectivityService: registerNetworkAgent NetworkAgentInfo{ ni{[type: Ethernet[], state: CONNECTED/CONNECTED, reason: (unspecified), extra: 06:a9:ad:9b:6e:92, failover: false, available: true, roaming: false]}  network{101}  nethandle{433808132830}  lp{{InterfaceName: eth0 LinkAddresses: [fe80::d248:e859:b11b:4a1b/64,192.168.11.223/24,]  Routes: [fe80::/64 -> :: eth0,192.168.11.0/24 -> 0.0.0.0 eth0,0.0.0.0/0 -> 192.168.11.101 eth0,] DnsAddresses: [192.168.11.101,] Domains: lan MTU: 0 TcpBufferSizes: 524288,1048576,3145728,524288,1048576,2097152}}  nc{[ Transports: ETHERNET Capabilities: INTERNET&NOT_RESTRICTED&TRUSTED&NOT_VPN LinkUpBandwidth>=100000Kbps LinkDnBandwidth>=100000Kbps]}  Score{0}  everValidated{false}  lastValidated{false}  created{false} lingering{false} explicitlySelected{false} acceptUnvalidated{false} everCaptivePortalDetected{false} lastCaptivePortalDetected{false} clat{null} }
06-02 12:30:01.645   522   641 D ConnectivityService: NetworkAgentInfo [Ethernet () - 101] EVENT_NETWORK_INFO_CHANGED, going from null to CONNECTED
06-02 12:30:01.647   522   641 D ConnectivityService: Adding iface eth0 to network 101
06-02 12:30:01.659   522   641 D ConnectivityService: Setting DNS servers for network 101 to [/192.168.11.101]
06-02 12:30:01.684   522   641 D ConnectivityService: Switching to new default network: NetworkAgentInfo{ ni{[type: Ethernet[], state: CONNECTED/CONNECTED, reason: (unspecified), extra: 06:a9:ad:9b:6e:92, failover: false, available: true, roaming: false]}  network{101}  nethandle{433808132830}  lp{{InterfaceName: eth0 LinkAddresses: [fe80::d248:e859:b11b:4a1b/64,192.168.11.223/24,]  Routes: [fe80::/64 -> :: eth0,192.168.11.0/24 -> 0.0.0.0 eth0,0.0.0.0/0 -> 192.168.11.101 eth0,] DnsAddresses: [192.168.11.101,] Domains: lan MTU: 0 TcpBufferSizes: 524288,1048576,3145728,524288,1048576,2097152}}  nc{[ Transports: ETHERNET Capabilities: INTERNET&NOT_RESTRICTED&TRUSTED&NOT_VPN&FOREGROUND LinkUpBandwidth>=100000Kbps LinkDnBandwidth>=100000Kbps]}  Score{0}  everValidated{false}  lastValidated{false}  created{true} lingering{false} explicitlySelected{false} acceptUnvalidated{false} everCaptivePortalDetected{false} lastCaptivePortalDetected{false} clat{null} }
06-02 12:30:01.701   522   641 D ConnectivityService: Sending CONNECTED broadcast for type 9 NetworkAgentInfo [Ethernet () - 101] isDefaultNetwork=true
06-02 12:30:01.703   522   641 D ConnectivityService: NetworkAgentInfo [Ethernet () - 101] validation passed
06-02 12:30:02.103   689  1634 E ActivityThread: Failed to find provider info for com.google.android.googlequicksearchbox.GsaPublicContentProvider
06-02 12:30:02.177   522   540 W BroadcastQueue: Permission Denial: broadcasting Intent { act=android.net.conn.CONNECTIVITY_CHANGE flg=0x4000010 (has extras) } from null (pid=-1, uid=-1) requires com.tencent.bugly.BuglyBroadcastReceiver.permission due to registered receiver BroadcastFilter{49d9010 u0 ReceiverList{d702cd3 1521 cn.inbot.padbotnavigation/10065/u0 remote:15a06c2}}
06-02 12:30:02.191   689  1639 E ActivityThread: Failed to find provider info for com.google.android.googlequicksearchbox.GsaPublicContentProvider
06-02 12:30:02.335   522   522 I Telecom : DefaultDialerCache: Refreshing default dialer for user 0: now null: DDC.oR@ABY
06-02 12:30:02.355  1455  1455 W ContextImpl: Calling a method in the system process without a qualified user: android.app.ContextImpl.startService:1476 android.content.ContextWrapper.startService:650 android.content.ContextWrapper.startService:650 android.rockchip.update.service.RKUpdateReceiver.onReceive:59 android.app.ActivityThread.handleReceiver:3187 
06-02 12:30:02.357  1455  1455 W ContextImpl: Calling a method in the system process without a qualified user: android.app.ContextImpl.startService:1476 android.content.ContextWrapper.startService:650 android.content.ContextWrapper.startService:650 android.rockchip.update.service.RKUpdateReceiver.onReceive:65 android.app.ActivityThread.handleReceiver:3187 
06-02 12:30:02.377   522   540 V ActivityManager: Attempted to start a foreground service (ComponentInfo{cn.inbot.padbotnavigation/cn.inbot.componentnavigation.service.NavigationBinderPoolService}) with a broken notification (no icon: Notification(channel=cn.inbot.padbotnavigation pri=0 contentView=null vibrate=null sound=null defaults=0x0 flags=0x40 color=0x00000000 vis=PRIVATE))
06-02 12:30:02.413   522   534 I ActivityManager: Start proc 1655:cn.inbot.robotbasic/u0a71 for service cn.inbot.robotbasic/.service.RobotBasicBinderPoolService
06-02 12:30:02.472   522   843 I ActivityManager: Start proc 1679:com.android.managedprovisioning/u0a16 for broadcast com.android.managedprovisioning/.preprovisioning.BootReminder
06-02 12:30:02.473   522   534 I ActivityManager: START u0 {act=android.intent.action.MAIN cat=[android.intent.category.LAUNCHER] flg=0x10000000 cmp=cn.inbot.padbotsettings/.SettingsActivity} from uid 10045
06-02 12:30:02.741   522   728 I ActivityManager: Start proc 1726:com.android.onetimeinitializer/u0a6 for broadcast com.android.onetimeinitializer/.OneTimeInitializerReceiver
06-02 12:30:02.821   522   540 V ActivityManager: Attempted to start a foreground service (ComponentInfo{cn.inbot.robotbasic/cn.inbot.robotbasic.service.RobotBasicBinderPoolService}) with a broken notification (no icon: Notification(channel=cn.inbot.robotbasic pri=0 contentView=null vibrate=null sound=null defaults=0x0 flags=0x40 color=0x00000000 vis=PRIVATE))
06-02 12:30:02.954   522   843 I ActivityManager: Start proc 1778:com.android.packageinstaller/u0a8 for broadcast com.android.packageinstaller/.TemporaryFileManager
06-02 12:30:03.049   522   540 V ActivityManager: Attempted to start a foreground service (ComponentInfo{cn.inbot.robotbasic/cn.inbot.robotbasic.service.wifi_transfer.WebService}) with a broken notification (no icon: Notification(channel=alive_id pri=0 contentView=null vibrate=null sound=null defaults=0x0 flags=0x42 color=0x00000000 vis=PRIVATE))
06-02 12:30:03.137   522   715 I ActivityManager: Start proc 1815:com.android.providers.calendar/u0a17 for broadcast com.android.providers.calendar/.CalendarReceiver
06-02 12:30:03.452   522   843 I ActivityManager: Start proc 1834:cn.inbot.padbotapplauncher/u0a58 for broadcast cn.inbot.padbotapplauncher/.Broadcast.BootCompletedBroadcastReceiver
06-02 12:30:03.744   522   715 I ActivityManager: Start proc 1874:cn.inbot.x2communication/u0a64 for broadcast cn.inbot.x2communication/.receiver.BootReceiver
06-02 12:30:03.921   522   715 I ActivityManager: Finished processing BOOT_COMPLETED for u0
06-02 12:30:03.946   689  1867 E ActivityThread: Failed to find provider info for com.google.android.googlequicksearchbox.GsaPublicContentProvider
06-02 12:30:03.948   689  1867 E ActivityThread: Failed to find provider info for com.google.android.googlequicksearchbox.GsaPublicContentProvider
06-02 12:30:03.968   522   715 W BroadcastQueue: Background execution not allowed: receiving Intent { act=android.intent.action.USER_PRESENT flg=0x24200010 } to com.android.chrome/org.chromium.chrome.browser.sharing.click_to_call.ClickToCallMessageHandler$PhoneUnlockedReceiver
06-02 12:30:03.972   522   540 V ActivityManager: Attempted to start a foreground service (ComponentInfo{cn.inbot.x2communication/cn.inbot.x2communication.search.SearchService}) with a broken notification (no icon: Notification(channel=cn.inbot.x2communication.search.service pri=0 contentView=null vibrate=null sound=null defaults=0x0 flags=0x40 color=0x00000000 vis=PRIVATE))
06-02 12:30:03.985   522   641 D ConnectivityService: NetworkAgentInfo [WIFI () - 100] EVENT_NETWORK_INFO_CHANGED, going from CONNECTING to CONNECTED
06-02 12:30:03.986  1455  1455 W ContextImpl: Calling a method in the system process without a qualified user: android.app.ContextImpl.startService:1476 android.content.ContextWrapper.startService:650 android.content.ContextWrapper.startService:650 android.rockchip.update.service.RKUpdateReceiver.onReceive:101 android.app.ActivityThread.handleReceiver:3187 
06-02 12:30:03.986   522   641 D ConnectivityService: Adding iface wlan0 to network 100
06-02 12:30:04.013   522   641 D ConnectivityService: Setting DNS servers for network 100 to [/192.168.9.1]
06-02 12:30:04.042   522   543 E BatteryExternalStatsWorker: no controller energy info supplied for wifi
06-02 12:30:04.072   522   641 D ConnectivityService: Switching to new default network: NetworkAgentInfo{ ni{[type: WIFI[], state: CONNECTED/CONNECTED, reason: (unspecified), extra: "Auki Robotics", failover: false, available: true, roaming: false]}  network{100}  nethandle{429513165534}  lp{{InterfaceName: wlan0 LinkAddresses: [fe80::b288:85ab:202f:f2a/64,192.168.9.253/24,]  Routes: [fe80::/64 -> :: wlan0,192.168.9.0/24 -> 0.0.0.0 wlan0,0.0.0.0/0 -> 192.168.9.1 wlan0,] DnsAddresses: [192.168.9.1,] Domains: null MTU: 0 TcpBufferSizes: 524288,1048576,2097152,262144,524288,1048576}}  nc{[ Transports: WIFI Capabilities: NOT_METERED&INTERNET&NOT_RESTRICTED&TRUSTED&NOT_VPN&FOREGROUND LinkUpBandwidth>=1048576Kbps LinkDnBandwidth>=1048576Kbps SignalStrength: -40]}  Score{1}  everValidated{false}  lastValidated{false}  created{true} lingering{false} explicitlySelected{false} acceptUnvalidated{false} everCaptivePortalDetected{false} lastCaptivePortalDetected{false} clat{null} }
06-02 12:30:04.102   522   641 D ConnectivityService: Lingering NetworkAgentInfo [Ethernet () - 101] for 30000ms
06-02 12:30:04.102   522   641 D ConnectivityService: Sending DISCONNECTED broadcast for type 9 NetworkAgentInfo [Ethernet () - 101] isDefaultNetwork=true
06-02 12:30:04.103   522   641 D ConnectivityService: Sending CONNECTED broadcast for type 1 NetworkAgentInfo [WIFI () - 100] isDefaultNetwork=true
06-02 12:30:04.107  1455  1455 W ContextImpl: Calling a method in the system process without a qualified user: android.app.ContextImpl.startService:1476 android.content.ContextWrapper.startService:650 android.content.ContextWrapper.startService:650 android.rockchip.update.service.RKUpdateReceiver.onReceive:101 android.app.ActivityThread.handleReceiver:3187 
06-02 12:30:04.112   522   641 D ConnectivityService: NetworkAgentInfo [WIFI () - 100] validation passed
06-02 12:30:04.116  1455  1455 W ContextImpl: Calling a method in the system process without a qualified user: android.app.ContextImpl.startService:1476 android.content.ContextWrapper.startService:650 android.content.ContextWrapper.startService:650 android.rockchip.update.service.RKUpdateReceiver.onReceive:101 android.app.ActivityThread.handleReceiver:3187 
06-02 12:30:04.287   522   534 I ActivityManager: Start proc 1930:cn.inbot.robotbasic:pushservice/u0a71 for service cn.inbot.robotbasic/com.igexin.sdk.PushService
06-02 12:30:04.292   522   540 V ActivityManager: Attempted to start a foreground service (ComponentInfo{cn.inbot.robotbasic/cn.inbot.lib.push.core.MyMqttService}) with a broken notification (no icon: Notification(channel=cn.inbot.mqtt pri=0 contentView=null vibrate=null sound=null defaults=0x0 flags=0x40 color=0x00000000 vis=PRIVATE))
06-02 12:30:04.623   522   534 I ActivityManager: START u0 {act=android.settings.APPLICATION_SETTINGS cmp=com.android.settings/.Settings$ManageApplicationsActivity} from uid 10052
06-02 12:30:04.686   522   522 W WindowManager: removeWindowToken: Attempted to remove non-existing token: android.os.Binder@7e6307e
06-02 12:30:04.902   522   843 D AutofillManagerServiceImpl: Reset component for user 0
06-02 12:30:05.067   522   880 W ActivityManager: Slow operation: 98ms so far, now at startProcess: returned from zygote!
06-02 12:30:05.067   522   880 W ActivityManager: Slow operation: 98ms so far, now at startProcess: done updating battery stats
06-02 12:30:05.067   522   880 W ActivityManager: Slow operation: 99ms so far, now at startProcess: building log message
06-02 12:30:05.067   522   880 I ActivityManager: Start proc 2008:com.android.webview:sandboxed_process0/u0i0 for webview_service cn.inbot.padbotnavigation/org.chromium.content.app.SandboxedProcessService0
06-02 12:30:05.067   522   880 W ActivityManager: Slow operation: 99ms so far, now at startProcess: starting to update pids map
06-02 12:30:05.067   522   880 W ActivityManager: Slow operation: 99ms so far, now at startProcess: done updating pids map
06-02 12:30:05.067   522   880 W ActivityManager: Slow operation: 99ms so far, now at startProcess: done starting proc!
06-02 12:30:09.125   522   522 D ConditionProviders.SCP: onReceive android.intent.action.TIME_SET
06-02 12:30:09.127   522   522 D ConditionProviders.SCP: notifyCondition condition://android/schedule?days=6.7&start=23.30&end=10.0&exitAtAlarm=false STATE_FALSE reason=!meetsSchedule
06-02 12:30:09.127   522   522 D ConditionProviders.SCP: notifyCondition condition://android/schedule?days=1.2.3.4.5&start=22.0&end=7.0&exitAtAlarm=false STATE_FALSE reason=!meetsSchedule
06-02 12:30:09.129   522   522 D ConditionProviders.SCP: Scheduling evaluate for Mon Jun 02 22:00:00 GMT+08:00 2025 (1748872800000), in +9h29m50s875ms, now=Mon Jun 02 12:30:09 GMT+08:00 2025 (1748838609125)
06-02 12:30:09.141   522   539 I UsageStatsService: Time changed in UsageStats by 2 seconds
06-02 12:30:09.141   522   539 I UsageStatsService: User[0] Flushing usage stats to disk
06-02 12:30:09.239   522   539 I UsageStatsDatabase: Time changed by +2s450ms. files deleted: 0 files moved: 28
06-02 12:30:09.265   522   539 I UsageStatsService: User[0] Rollover scheduled @ 2025-06-03 02:03:25(1748887405134)
06-02 12:30:09.326   522   534 V MediaRouterService: restoreBluetoothA2dp(false)
06-02 12:30:09.415   522   728 I ActivityManager: START u0 {act=android.intent.action.MAIN cat=[android.intent.category.LAUNCHER] flg=0x10000000 pkg=com.carriez.flutter_hbb cmp=com.carriez.flutter_hbb/.MainActivity} from uid 10071
06-02 12:30:09.590   522   843 I ActivityManager: Force stopping com.carriez.flutter_hbb appid=10067 user=0: from pid 2392
06-02 12:30:09.590   522   843 I ActivityManager: Killing 1229:com.carriez.flutter_hbb/u0a67 (adj 0): stop com.carriez.flutter_hbb
06-02 12:30:09.591   522   843 W ActivityManager: Scheduling restart of crashed service com.carriez.flutter_hbb/.InputService in 1000ms
06-02 12:30:09.592   522   843 W ActivityManager: Scheduling restart of crashed service com.carriez.flutter_hbb/.MainService in 11000ms
06-02 12:30:09.621   522   843 I ActivityManager: Start proc 2402:com.carriez.flutter_hbb/u0a67 for activity com.carriez.flutter_hbb/.MainActivity
06-02 12:30:09.623   522   843 I ActivityManager:   Force finishing activity ActivityRecord{29230c1 u0 com.carriez.flutter_hbb/.MainActivity t331}
06-02 12:30:09.637   522   843 I ActivityManager:   Force stopping service ServiceRecord{42a2929 u0 com.carriez.flutter_hbb/.InputService}
06-02 12:30:09.651   522   728 D WindowManager: relayoutVisibleWindow: Window{5dcf337 u0 com.android.settings/com.android.settings.Settings$ManageApplicationsActivity EXITING} mAnimatingExit=true, mRemoveOnExit=false, mDestroying=false
06-02 12:30:09.726   522   555 W ActivityManager: setHasOverlayUi called on unknown pid: 1229
06-02 12:30:09.729   522   539 W WindowManager: removeWindowToken: Attempted to remove non-existing token: android.os.Binder@2c452b1
06-02 12:30:09.823   522   534 E NotificationService: Suppressing toast from package com.carriez.flutter_hbb by user request.
06-02 12:30:09.868   522   597 W WindowManager: Failed looking up window callers=com.android.server.wm.WindowManagerService.windowForClientLocked:5917 com.android.server.wm.WindowManagerService.removeWindow:1730 com.android.server.wm.Session.remove:222 
06-02 12:30:09.953   522   540 E NotificationService: Suppressing notification from package by user request.
06-02 12:30:09.960   522   540 E NotificationService: Suppressing notification from package by user request.
06-02 12:30:09.962   522   728 I ActivityManager: START u0 {act=REQUEST_MEDIA_PROJECTION flg=0x10000000 cmp=com.carriez.flutter_hbb/.PermissionRequestTransparentActivity} from uid 10067
06-02 12:30:10.056   522   534 I ActivityManager: START u0 {cmp=com.android.systemui/.media.MediaProjectionPermissionActivity} from uid 10067
06-02 12:30:10.203   522   540 E NotificationService: Suppressing notification from package by user request.
06-02 12:30:11.568   522  2420 I ActivityManager: START u0 {act=android.intent.action.MAIN cmp=com.android.settings/.SubSettings (has extras)} from uid 1000
06-02 12:30:11.798   866   866 W ContextImpl: Calling a method in the system process without a qualified user: android.app.ContextImpl.bindService:1556 android.content.ContextWrapper.bindService:684 android.content.pm.permission.RuntimePermissionPresenter$RemoteService.processMessage:171 android.content.pm.permission.RuntimePermissionPresenter.getAppPermissions:118 com.android.settingslib.applications.PermissionsSummaryHelper.getPermissionSummary:34 
06-02 12:30:11.848   522   543 E BatteryExternalStatsWorker: no controller energy info supplied for bluetooth
06-02 12:30:11.874   522   543 E BatteryExternalStatsWorker: modem info is invalid: ModemActivityInfo{ mTimestamp=0 mSleepTimeMs=0 mIdleTimeMs=0 mTxTimeMs[]=[0, 0, 0, 0, 0] mRxTimeMs=0 mEnergyUsed=0}
06-02 12:30:11.899   522   522 W WindowManager: removeWindowToken: Attempted to remove non-existing token: android.os.Binder@737b607
06-02 12:30:14.798   522  2420 I ActivityManager: Force stopping com.robotgui.gotu appid=10073 user=0: from pid 866
06-02 12:30:15.426   522   522 W WindowManager: removeWindowToken: Attempted to remove non-existing token: android.os.Binder@8cd04b9
06-02 12:30:19.808   522   540 I ActivityManager: Waited long enough for: ServiceRecord{806c32f u0 android.rockchip.update.service/.RKUpdateService}
06-02 12:30:23.821   522   554 I ActivityManager: Start proc 2546:android.ext.services/u0a21 for service android.ext.services/.storage.CacheQuotaServiceImpl
06-02 12:30:23.960  2546  2546 D StorageManager: probeEmmc find /sys/block/mmcblk1rpmb
06-02 12:30:23.990   522  2420 I ActivityManager: START u0 {act=android.intent.action.MAIN cmp=com.android.settings/.SubSettings (has extras)} from uid 1000
06-02 12:30:24.135   522   543 E BatteryExternalStatsWorker: no controller energy info supplied for bluetooth
06-02 12:30:24.149   522   543 E BatteryExternalStatsWorker: modem info is invalid: ModemActivityInfo{ mTimestamp=0 mSleepTimeMs=0 mIdleTimeMs=0 mTxTimeMs[]=[0, 0, 0, 0, 0] mRxTimeMs=0 mEnergyUsed=0}
06-02 12:30:27.337   522   846 I ActivityManager: START u0 {act=android.intent.action.MAIN cmp=com.android.settings/.SubSettings (has extras)} from uid 1000
06-02 12:30:27.477   522   543 E BatteryExternalStatsWorker: no controller energy info supplied for bluetooth
06-02 12:30:27.485   522   543 E BatteryExternalStatsWorker: modem info is invalid: ModemActivityInfo{ mTimestamp=0 mSleepTimeMs=0 mIdleTimeMs=0 mTxTimeMs[]=[0, 0, 0, 0, 0] mRxTimeMs=0 mEnergyUsed=0}
06-02 12:30:32.229   522   846 I ActivityManager: START u0 {flg=0x10804000 cmp=com.android.systemui/.recents.RecentsActivity} from uid 10022
06-02 12:30:32.285   522   553 D AutofillManagerService: Close system dialogs
06-02 12:30:33.554   522   843 I ActivityManager: START u0 {dat=//com.android.documentsui.launchControl flg=0x10180000 cmp=com.android.documentsui/.files.FilesActivity} from uid 10004
06-02 12:30:33.577   522   553 D AutofillManagerService: Close system dialogs
06-02 12:30:33.600   522   843 I ActivityManager: Start proc 2599:com.android.documentsui/u0a4 for activity com.android.documentsui/.files.FilesActivity
06-02 12:30:33.718   522  2420 I ActivityManager: Start proc 2617:com.android.externalstorage/u0a12 for content provider com.android.externalstorage/.ExternalStorageProvider
06-02 12:30:33.787  2617  2617 D StorageManager: probeEmmc find /sys/block/mmcblk1rpmb
06-02 12:30:33.824   522  2420 I ActivityManager: Start proc 2637:com.android.mtp/u0a10 for content provider com.android.mtp/.MtpDocumentsProvider
06-02 12:30:33.878  2637  2637 D StorageManager: probeEmmc find /sys/block/mmcblk1rpmb
06-02 12:30:36.520   522   641 D ConnectivityService: handleLingerComplete for NetworkAgentInfo [Ethernet () - 101]
06-02 12:30:36.521   522   641 D ConnectivityService: Skip teardownUnneededNetwork: NetworkAgentInfo [Ethernet () - 101]
06-02 12:30:41.702   522   728 I ActivityManager: START u0 {flg=0x10804000 cmp=com.android.systemui/.recents.RecentsActivity} from uid 10022
06-02 12:30:41.774   522   553 D AutofillManagerService: Close system dialogs
06-02 12:30:43.173   522   553 D AutofillManagerService: Close system dialogs
06-02 12:30:43.422   522   846 I ActivityManager: START u0 {act=android.intent.action.MAIN cat=[android.intent.category.HOME] flg=0x10200000 cmp=cn.inbot.padbotlauncher/.MainActivity} from uid 10022
06-02 12:30:44.943   522  2420 I ActivityManager: START u0 {act=android.intent.action.MAIN cat=[android.intent.category.LAUNCHER] flg=0x10000000 cmp=com.robotgui.gotu/com.robotgui.MainActivity} from uid 10045
06-02 12:30:44.981   522  2420 I ActivityManager: Start proc 2708:com.robotgui.gotu/u0a73 for activity com.robotgui.gotu/com.robotgui.MainActivity
06-02 12:31:00.062  1455  1652 D StorageManager: probeEmmc find /sys/block/mmcblk1rpmb
06-02 12:31:18.676   522  3112 D StorageManager: probeEmmc find /sys/block/mmcblk1rpmb
06-02 12:31:23.698   522   843 I ActivityManager: START u0 {act=android.content.pm.action.REQUEST_PERMISSIONS pkg=com.android.packageinstaller cmp=com.android.packageinstaller/.permission.ui.GrantPermissionsActivity (has extras)} from uid 10073
06-02 12:31:23.823  2708  2708 E AndroidRuntime: FATAL EXCEPTION: main
06-02 12:31:23.823  2708  2708 E AndroidRuntime: Process: com.robotgui.gotu, PID: 2708
06-02 12:31:23.823  2708  2708 E AndroidRuntime: java.lang.RuntimeException: Failure delivering result ResultInfo{who=@android:requestPermissions:, request=1001, result=-1, data=Intent { act=android.content.pm.action.REQUEST_PERMISSIONS (has extras) }} to activity {com.robotgui.gotu/com.robotgui.MainActivity}: java.lang.NullPointerException: Attempt to invoke virtual method 'com.facebook.react.ReactInstanceManager com.facebook.react.ReactNativeHost.getReactInstanceManager()' on a null object reference
06-02 12:31:23.823  2708  2708 E AndroidRuntime: 	at android.app.ActivityThread.deliverResults(ActivityThread.java:4268)
06-02 12:31:23.823  2708  2708 E AndroidRuntime: 	at android.app.ActivityThread.handleSendResult(ActivityThread.java:4312)
06-02 12:31:23.823  2708  2708 E AndroidRuntime: 	at android.app.ActivityThread.-wrap19(Unknown Source:0)
06-02 12:31:23.823  2708  2708 E AndroidRuntime: 	at android.app.ActivityThread$H.handleMessage(ActivityThread.java:1644)
06-02 12:31:23.823  2708  2708 E AndroidRuntime: 	at android.os.Handler.dispatchMessage(Handler.java:106)
06-02 12:31:23.823  2708  2708 E AndroidRuntime: 	at android.os.Looper.loop(Looper.java:164)
06-02 12:31:23.823  2708  2708 E AndroidRuntime: 	at android.app.ActivityThread.main(ActivityThread.java:6494)
06-02 12:31:23.823  2708  2708 E AndroidRuntime: 	at java.lang.reflect.Method.invoke(Native Method)
06-02 12:31:23.823  2708  2708 E AndroidRuntime: 	at com.android.internal.os.RuntimeInit$MethodAndArgsCaller.run(RuntimeInit.java:438)
06-02 12:31:23.823  2708  2708 E AndroidRuntime: 	at com.android.internal.os.ZygoteInit.main(ZygoteInit.java:807)
06-02 12:31:23.823  2708  2708 E AndroidRuntime: Caused by: java.lang.NullPointerException: Attempt to invoke virtual method 'com.facebook.react.ReactInstanceManager com.facebook.react.ReactNativeHost.getReactInstanceManager()' on a null object reference
06-02 12:31:23.823  2708  2708 E AndroidRuntime: 	at com.facebook.react.ReactDelegate.getReactInstanceManager(ReactDelegate.java:377)
06-02 12:31:23.823  2708  2708 E AndroidRuntime: 	at com.facebook.react.ReactActivityDelegate.getReactInstanceManager(ReactActivityDelegate.java:109)
06-02 12:31:23.823  2708  2708 E AndroidRuntime: 	at com.facebook.react.ReactActivity.getReactInstanceManager(ReactActivity.java:156)
06-02 12:31:23.823  2708  2708 E AndroidRuntime: 	at com.robotgui.MainActivity.onRequestPermissionsResult(MainActivity.kt:49)
06-02 12:31:23.823  2708  2708 E AndroidRuntime: 	at android.app.Activity.dispatchRequestPermissionsResult(Activity.java:7456)
06-02 12:31:23.823  2708  2708 E AndroidRuntime: 	at android.app.Activity.dispatchActivityResult(Activity.java:7307)
06-02 12:31:23.823  2708  2708 E AndroidRuntime: 	at android.app.ActivityThread.deliverResults(ActivityThread.java:4264)
06-02 12:31:23.823  2708  2708 E AndroidRuntime: 	... 9 more
06-02 12:31:23.844   522   864 W ActivityManager:   Force finishing activity com.robotgui.gotu/com.robotgui.MainActivity
06-02 12:31:23.860   522   541 I ActivityManager: Showing crash dialog for package com.robotgui.gotu u0
06-02 12:31:23.964   522   846 I ActivityManager: START u0 {act=android.content.pm.action.REQUEST_PERMISSIONS pkg=com.android.packageinstaller cmp=com.android.packageinstaller/.permission.ui.GrantPermissionsActivity (has extras)} from uid 10073
06-02 12:31:23.965   522   846 W ActivityManager: startActivity called from finishing ActivityRecord{54e0194 u0 com.robotgui.gotu/com.robotgui.MainActivity t334 f}; forcing Intent.FLAG_ACTIVITY_NEW_TASK for: Intent { act=android.content.pm.action.REQUEST_PERMISSIONS flg=0x800000 pkg=com.android.packageinstaller cmp=com.android.packageinstaller/.permission.ui.GrantPermissionsActivity (has extras) }
06-02 12:31:24.346   522   540 W ActivityManager: Activity pause timeout for ActivityRecord{54e0194 u0 com.robotgui.gotu/com.robotgui.MainActivity t334 f}
06-02 12:31:24.755   522   864 I ActivityManager: Killing 2708:com.robotgui.gotu/u0a73 (adj 199): crash
06-02 12:31:24.771   522   864 I ActivityManager: START u0 {act=android.intent.action.MAIN cat=[android.intent.category.LAUNCHER] flg=0x10100000 cmp=com.robotgui.gotu/com.robotgui.MainActivity} from uid 10073
06-02 12:31:24.775   522   864 W ActivityManager: Starting activity in task not in recents: TaskRecord{d392112 #334 A=com.robotgui.gotu U=0 StackId=1 sz=1}
06-02 12:31:24.794   522   846 E ActivityManager: applyOptionsLocked: Unknown animationType=0
06-02 12:31:24.807   522   846 I ActivityManager: Start proc 3166:com.robotgui.gotu/u0a73 for activity com.robotgui.gotu/com.robotgui.MainActivity
06-02 12:31:24.824   522   846 W InputMethodManagerService: Got RemoteException sending setActive(false) notification to pid 2708 uid 10073
06-02 12:31:24.845   522   846 I WindowManager: WIN DEATH: Window{b3afca2 u0 com.robotgui.gotu/com.robotgui.MainActivity}
06-02 12:31:24.848   522   864 I WindowManager: WIN DEATH: Window{58ca160 u0 com.robotgui.gotu/com.robotgui.MainActivity}
06-02 12:31:24.953   522   597 W AppOps  : Finishing op nesting under-run: uid 1000 pkg android code 24 time=0 duration=0 nesting=0
06-02 12:31:25.022   522   555 W ActivityManager: setHasOverlayUi called on unknown pid: 2708
06-02 12:31:46.166   522   864 I ActivityManager: START u0 {act=android.content.pm.action.REQUEST_PERMISSIONS pkg=com.android.packageinstaller cmp=com.android.packageinstaller/.permission.ui.GrantPermissionsActivity (has extras)} from uid 10073
06-02 12:31:46.236  3166  3166 E AndroidRuntime: FATAL EXCEPTION: main
06-02 12:31:46.236  3166  3166 E AndroidRuntime: Process: com.robotgui.gotu, PID: 3166
06-02 12:31:46.236  3166  3166 E AndroidRuntime: java.lang.RuntimeException: Failure delivering result ResultInfo{who=@android:requestPermissions:, request=1001, result=-1, data=Intent { act=android.content.pm.action.REQUEST_PERMISSIONS (has extras) }} to activity {com.robotgui.gotu/com.robotgui.MainActivity}: java.lang.NullPointerException: Attempt to invoke virtual method 'com.facebook.react.ReactInstanceManager com.facebook.react.ReactNativeHost.getReactInstanceManager()' on a null object reference
06-02 12:31:46.236  3166  3166 E AndroidRuntime: 	at android.app.ActivityThread.deliverResults(ActivityThread.java:4268)
06-02 12:31:46.236  3166  3166 E AndroidRuntime: 	at android.app.ActivityThread.handleSendResult(ActivityThread.java:4312)
06-02 12:31:46.236  3166  3166 E AndroidRuntime: 	at android.app.ActivityThread.-wrap19(Unknown Source:0)
06-02 12:31:46.236  3166  3166 E AndroidRuntime: 	at android.app.ActivityThread$H.handleMessage(ActivityThread.java:1644)
06-02 12:31:46.236  3166  3166 E AndroidRuntime: 	at android.os.Handler.dispatchMessage(Handler.java:106)
06-02 12:31:46.236  3166  3166 E AndroidRuntime: 	at android.os.Looper.loop(Looper.java:164)
06-02 12:31:46.236  3166  3166 E AndroidRuntime: 	at android.app.ActivityThread.main(ActivityThread.java:6494)
06-02 12:31:46.236  3166  3166 E AndroidRuntime: 	at java.lang.reflect.Method.invoke(Native Method)
06-02 12:31:46.236  3166  3166 E AndroidRuntime: 	at com.android.internal.os.RuntimeInit$MethodAndArgsCaller.run(RuntimeInit.java:438)
06-02 12:31:46.236  3166  3166 E AndroidRuntime: 	at com.android.internal.os.ZygoteInit.main(ZygoteInit.java:807)
06-02 12:31:46.236  3166  3166 E AndroidRuntime: Caused by: java.lang.NullPointerException: Attempt to invoke virtual method 'com.facebook.react.ReactInstanceManager com.facebook.react.ReactNativeHost.getReactInstanceManager()' on a null object reference
06-02 12:31:46.236  3166  3166 E AndroidRuntime: 	at com.facebook.react.ReactDelegate.getReactInstanceManager(ReactDelegate.java:377)
06-02 12:31:46.236  3166  3166 E AndroidRuntime: 	at com.facebook.react.ReactActivityDelegate.getReactInstanceManager(ReactActivityDelegate.java:109)
06-02 12:31:46.236  3166  3166 E AndroidRuntime: 	at com.facebook.react.ReactActivity.getReactInstanceManager(ReactActivity.java:156)
06-02 12:31:46.236  3166  3166 E AndroidRuntime: 	at com.robotgui.MainActivity.onRequestPermissionsResult(MainActivity.kt:49)
06-02 12:31:46.236  3166  3166 E AndroidRuntime: 	at android.app.Activity.dispatchRequestPermissionsResult(Activity.java:7456)
06-02 12:31:46.236  3166  3166 E AndroidRuntime: 	at android.app.Activity.dispatchActivityResult(Activity.java:7307)
06-02 12:31:46.236  3166  3166 E AndroidRuntime: 	at android.app.ActivityThread.deliverResults(ActivityThread.java:4264)
06-02 12:31:46.236  3166  3166 E AndroidRuntime: 	... 9 more
06-02 12:31:46.244   522   846 W ActivityManager:   Force finishing activity com.robotgui.gotu/com.robotgui.MainActivity
06-02 12:31:46.254   522   541 I ActivityManager: Showing crash dialog for package com.robotgui.gotu u0
06-02 12:31:46.748   522   540 W ActivityManager: Activity pause timeout for ActivityRecord{f937ae0 u0 com.robotgui.gotu/com.robotgui.MainActivity t336 f}
06-02 12:31:46.838   522  3171 I ActivityManager: START u0 {act=android.content.pm.action.REQUEST_PERMISSIONS pkg=com.android.packageinstaller cmp=com.android.packageinstaller/.permission.ui.GrantPermissionsActivity (has extras)} from uid 10073
06-02 12:31:46.838   522  3171 W ActivityManager: startActivity called from finishing ActivityRecord{f937ae0 u0 com.robotgui.gotu/com.robotgui.MainActivity t336 f}; forcing Intent.FLAG_ACTIVITY_NEW_TASK for: Intent { act=android.content.pm.action.REQUEST_PERMISSIONS flg=0x800000 pkg=com.android.packageinstaller cmp=com.android.packageinstaller/.permission.ui.GrantPermissionsActivity (has extras) }
06-02 12:31:48.326   522   846 W ActivityManager:   Force finishing activity com.robotgui.gotu/com.robotgui.MainActivity
06-02 12:31:48.346   522   846 I ActivityManager: Killing 3166:com.robotgui.gotu/u0a73 (adj 900): crash
06-02 12:31:48.445   522   555 W ActivityManager: setHasOverlayUi called on unknown pid: 3166
06-02 12:31:48.545   522   597 W AppOps  : Finishing op nesting under-run: uid 1000 pkg android code 24 time=0 duration=0 nesting=0
06-02 12:31:49.026   522  3270 I ActivityManager: START u0 {act=android.intent.action.MAIN cat=[android.intent.category.LAUNCHER] flg=0x10000000 cmp=com.android.documentsui/.LauncherActivity} from uid 10045
06-02 12:31:49.071   522  3270 I ActivityManager: START u0 {dat=//com.android.documentsui.launchControl flg=0x10180000 cmp=com.android.documentsui/.files.FilesActivity} from uid 10004
06-02 12:31:50.661   522  3270 I ActivityManager: START u0 {act=android.intent.action.VIEW dat=content://com.android.providers.downloads.documents/document/raw:/storage/emulated/0/Download/GoTu/debug_log.txt typ=text/plain flg=0x3 cmp=android/com.android.internal.app.ResolverActivity} from uid 10004
06-02 12:31:50.692   522  3270 I ActivityManager: Start proc 3273:system:ui/1000 for activity android/com.android.internal.app.ResolverActivity
06-02 12:31:52.231   522   864 I PackageManager: Setting last chosen activity com.android.htmlviewer/.HTMLViewerActivity for user 0:
06-02 12:31:52.233   522   864 I ActivityManager: START u0 {act=android.intent.action.VIEW dat=content://com.android.providers.downloads.documents/document/raw:/storage/emulated/0/Download/GoTu/debug_log.txt typ=text/plain flg=0x3000003 cmp=com.android.htmlviewer/.HTMLViewerActivity} from uid 10004
06-02 12:31:52.319   522   864 I ActivityManager: Start proc 3296:com.android.htmlviewer/u0a41 for activity com.android.htmlviewer/.HTMLViewerActivity
06-02 12:31:52.430   522   864 W ActivityManager: Slow operation: 91ms so far, now at attachApplicationLocked: after mServices.attachApplicationLocked
06-02 12:31:52.619   522   855 I ActivityManager: Start proc 3316:com.android.webview:sandboxed_process0/u0i1 for webview_service com.android.htmlviewer/org.chromium.content.app.SandboxedProcessService0
06-02 12:46:28.492   522   880 I ActivityManager: START u0 {flg=0x10804000 cmp=com.android.systemui/.recents.RecentsActivity} from uid 10022
06-02 12:46:28.594   522   553 D AutofillManagerService: Close system dialogs
06-02 12:46:30.383   522   880 I ActivityManager: Killing 2599:com.android.documentsui/u0a4 (adj 900): remove task
06-02 12:46:30.488   522   880 I ActivityManager: Killing 3316:com.android.webview:sandboxed_process0/u0a41i1 (adj 0): isolated not needed
06-02 12:46:30.535   522   543 D KernelUidCpuTimeReader: Removing uids 99001-99001
06-02 12:46:30.567   522   843 I WindowManager: WIN DEATH: Window{bb40d58 u0 com.android.documentsui/com.android.documentsui.files.FilesActivity}
06-02 12:46:30.575   522   555 W ActivityManager: setHasOverlayUi called on unknown pid: 2599
06-02 12:46:30.609   522   553 D AutofillManagerService: Close system dialogs
06-02 12:46:30.641   522   843 W ActivityManager: cancelTaskWindowTransition: taskId=327 not found
06-02 12:46:31.590   522  7583 I ActivityManager: START u0 {act=android.intent.action.MAIN cmp=com.android.settings/.SubSettings (has extras)} from uid 1000
06-02 12:46:31.699   866   866 W ContextImpl: Calling a method in the system process without a qualified user: android.app.ContextImpl.bindService:1556 android.content.ContextWrapper.bindService:684 android.content.pm.permission.RuntimePermissionPresenter$RemoteService.processMessage:171 android.content.pm.permission.RuntimePermissionPresenter.getAppPermissions:118 com.android.settingslib.applications.PermissionsSummaryHelper.getPermissionSummary:34 
06-02 12:46:31.739   522   543 E BatteryExternalStatsWorker: no controller energy info supplied for bluetooth
06-02 12:46:31.745   522   543 E BatteryExternalStatsWorker: modem info is invalid: ModemActivityInfo{ mTimestamp=0 mSleepTimeMs=0 mIdleTimeMs=0 mTxTimeMs[]=[0, 0, 0, 0, 0] mRxTimeMs=0 mEnergyUsed=0}
06-02 12:46:34.016   522   864 I ActivityManager: Force stopping com.robotgui.gotu appid=10073 user=0: from pid 866
06-02 12:46:36.726   522   864 E UserRestrictionsUtils: Unknown restriction: com.robotgui.gotu
06-02 12:46:36.729   522  7583 I ActivityManager: START u0 {act=android.intent.action.UNINSTALL_PACKAGE dat=package:com.robotgui.gotu cmp=com.android.packageinstaller/.UninstallerActivity (has extras)} from uid 1000
06-02 12:46:37.880   522   843 I ActivityManager: START u0 {flg=0x2000000 cmp=com.android.packageinstaller/.UninstallUninstalling (has extras)} from uid 10008
06-02 12:46:37.969   522   540 I ActivityManager: Force stopping com.robotgui.gotu appid=10073 user=0: deletePackageX
06-02 12:46:38.003   522   560 I PackageManager: Removing old permission: com.robotgui.gotu.DYNAMIC_RECEIVER_NOT_EXPORTED_PERMISSION from package com.robotgui.gotu
06-02 12:46:38.004   522   560 I PackageManager: Un-granting permission android.permission.MOUNT_UNMOUNT_FILESYSTEMS from package cn.inbot.padbotsystemsettings (protectionLevel=18 flags=0x3888be44)
06-02 12:46:38.004   522   560 I PackageManager: Un-granting permission android.permission.WRITE_SETTINGS from package cn.inbot.padbotsystemsettings (protectionLevel=1218 flags=0x3888be44)
06-02 12:46:38.004   522   560 I PackageManager: Un-granting permission android.permission.WRITE_APN_SETTINGS from package cn.inbot.padbotsystemsettings (protectionLevel=18 flags=0x3888be44)
06-02 12:46:38.060   522   560 D PackageManager: Ephemeral installer not found with new action; try old one
06-02 12:46:38.060   522   560 D PackageManager: Clear ephemeral installer activity
06-02 12:46:38.155   522   560 I ActivityManager: Start proc 7607:com.android.defcontainer/u0a18 for service com.android.defcontainer/.DefaultContainerService
06-02 12:46:38.155   522   560 I ActivityManager: Force stopping com.robotgui.gotu appid=10073 user=0: pkg removed
06-02 12:46:38.249   522   560 D KernelUidCpuTimeReader: Removing uids 10073-10073
06-02 12:46:38.253   522   540 W BroadcastQueue: Background execution not allowed: receiving Intent { act=android.intent.action.PACKAGE_REMOVED dat=package:com.robotgui.gotu flg=0x4000010 (has extras) } to cn.inbot.padbotsettings/.broadcast.AppManagerBroadcastReceiver
06-02 12:46:38.253   522   540 W BroadcastQueue: Background execution not allowed: receiving Intent { act=android.intent.action.PACKAGE_REMOVED dat=package:com.robotgui.gotu flg=0x4000010 (has extras) } to com.android.gallery3d/.app.PackagesMonitor
06-02 12:46:38.260   522   540 W BroadcastQueue: Background execution not allowed: receiving Intent { act=android.intent.action.PACKAGE_REMOVED dat=package:com.robotgui.gotu flg=0x4000010 (has extras) } to com.android.musicfx/.Compatibility$Receiver
06-02 12:46:38.277   522   540 I ActivityManager: Start proc 7625:com.android.documentsui/u0a4 for broadcast com.android.documentsui/.PackageReceiver
06-02 12:46:38.364   522   522 D ZenLog  : config: removeAutomaticZenRules,ZenModeConfig[user=0,allowCalls=true,allowRepeatCallers=false,allowMessages=false,allowCallsFrom=contacts,allowMessagesFrom=contacts,allowReminders=true,allowEvents=true,allowWhenScreenOff=true,allowWhenScreenOn=true,automaticRules={EVENTS_DEFAULT_RULE=ZenRule[enabled=false,snoozing=false,name=活動,zenMode=ZEN_MODE_ALARMS,conditionId=condition://android/event?userId=-10000&calendar=&reply=1,condition=Condition[id=condition://android/event?userId=-10000&calendar=&reply=1,summary=...,line1=...,line2=...,icon=0,state=STATE_FALSE,flags=2],component=ComponentInfo{android/com.android.server.notification.EventConditionProvider},id=EVENTS_DEFAULT_RULE,creationTime=1732517665580,enabler=null], SCHEDULED_DEFAULT_RULE_1=ZenRule[enabled=false,snoozing=false,name=週間晚上,zenMode=ZEN_MODE_ALARMS,conditionId=condition://android/schedule?days=1.2.3.4.5&start=22.0&end=7.0&exitAtAlarm=false,condition=Condition[id=condition://android/schedule?days=1.2.3.4.5&start=22.0&end=7.0&exitAtAlarm=false,summary=...,line1=...,line2=...,icon=0,state=STATE_FALSE,flags=2],component=ComponentInfo{android/com.android.server.notification.ScheduleConditionProvider},id=SCHEDULED_DEFAULT_RULE_1,creationTime=1732517665578,enabler=null], SCHEDULED_DEFAULT_RULE_2=ZenRule[enabled=false,snoozing=false,name=週末,zenMode=ZEN_MODE_ALARMS,conditionId=condition://android/schedule?days=6.7&start=23.30&end=10.0&exitAtAlarm=false,condition=Condition[id=condition://android/schedule?days=6.7&start=23.30&end=10.0&exitAtAlarm=false,summary=...,line1=...,line2=...,icon=0,state=STATE_FALSE,flags=2],component=ComponentInfo{android/com.android.server.notification.ScheduleConditionProvider},id=SCHEDULED_DEFAULT_RULE_2,creationTime=1732517665578,enabler=null]},manualRule=null],Diff[]
06-02 12:46:38.364   522   522 I ConditionProviders: Disallowing condition provider com.robotgui.gotu
06-02 12:46:38.366   522   728 E RankingHelper: createDefaultChannelIfNeeded - Exception: android.content.pm.PackageManager$NameNotFoundException: com.robotgui.gotu
06-02 12:46:38.372   522   541 D AutofillUI: destroySaveUiUiThread(): already destroyed
06-02 12:46:38.372   522   539 D AutofillManagerServiceImpl: Reset component for user 0
06-02 12:46:38.383   522   522 D ZenLog  : set_zen_mode: off,removeAutomaticZenRules
06-02 12:46:38.433   522   533 D AutofillManagerServiceImpl: Reset component for user 0
06-02 12:46:38.532   522   522 I ActivityManager: Start proc 7648:com.android.chrome/u0a55 for broadcast com.android.chrome/org.chromium.chrome.browser.browserservices.ClientAppBroadcastReceiver
06-02 12:46:40.548   522   533 I ActivityManager: START u0 {flg=0x10804000 cmp=com.android.systemui/.recents.RecentsActivity} from uid 10022
06-02 12:46:40.608   522   553 D AutofillManagerService: Close system dialogs
06-02 12:46:41.832   522   553 D AutofillManagerService: Close system dialogs
06-02 12:46:41.834   522   880 I ActivityManager: Killing 1293:com.android.printspooler/u0a31 (adj 906): empty #17
06-02 12:46:41.843   522   880 I ActivityManager: Killing 1494:android.process.acore/u0a5 (adj 906): empty #17
06-02 12:46:41.843   522   880 I ActivityManager: Killing 1679:com.android.managedprovisioning/u0a16 (adj 906): empty #18
06-02 12:46:41.846   522   880 I ActivityManager: Killing 1416:cn.inbot.padbotsettings/u0a52 (adj 900): remove task
06-02 12:46:41.848   522   728 I ActivityManager: START u0 {act=android.intent.action.MAIN cat=[android.intent.category.HOME] flg=0x10200000 cmp=cn.inbot.padbotlauncher/.MainActivity} from uid 10022
06-02 12:46:41.979   522  3171 I WindowManager: WIN DEATH: Window{94251ad u0 cn.inbot.padbotsettings/cn.inbot.padbotsettings.SettingsActivity}
06-02 12:46:41.986   522   555 W ActivityManager: setHasOverlayUi called on unknown pid: 1416
06-02 12:46:59.052  7607  7623 D StorageManager: probeEmmc find /sys/block/mmcblk1rpmb
06-02 12:47:01.603   522   560 I PackageManager: Un-granting permission android.permission.MOUNT_UNMOUNT_FILESYSTEMS from package cn.inbot.padbotsystemsettings (protectionLevel=18 flags=0x3888be44)
06-02 12:47:01.603   522   560 I PackageManager: Un-granting permission android.permission.WRITE_SETTINGS from package cn.inbot.padbotsystemsettings (protectionLevel=1218 flags=0x3888be44)
06-02 12:47:01.604   522   560 I PackageManager: Un-granting permission android.permission.WRITE_APN_SETTINGS from package cn.inbot.padbotsystemsettings (protectionLevel=18 flags=0x3888be44)
06-02 12:47:01.656   522   560 D PackageManager: Ephemeral installer not found with new action; try old one
06-02 12:47:01.656   522   560 D PackageManager: Clear ephemeral installer activity
06-02 12:47:01.657   522   560 D VoldConnector: SND -> {8 volume remount_uid 10074 read}
06-02 12:47:01.657   236   239 D vold    : Remounting 10074 as mode read
06-02 12:47:01.664   522   624 D VoldConnector: RCV <- {200 8 Command succeeded}
06-02 12:47:01.665   522   560 D VoldConnector: SND -> {9 volume remount_uid 10074 write}
06-02 12:47:01.665   236   239 D vold    : Remounting 10074 as mode write
06-02 12:47:01.670   522   624 D VoldConnector: RCV <- {200 9 Command succeeded}
06-02 12:47:01.686   522   540 W BroadcastQueue: Background execution not allowed: receiving Intent { act=android.intent.action.PACKAGE_ADDED dat=package:com.robotgui.gotu flg=0x4000010 (has extras) } to cn.inbot.padbotlauncher/.receiver.PackageBroadcastReceiver
06-02 12:47:01.686   522   540 W BroadcastQueue: Background execution not allowed: receiving Intent { act=android.intent.action.PACKAGE_ADDED dat=package:com.robotgui.gotu flg=0x4000010 (has extras) } to cn.inbot.padbotsettings/.broadcast.AppManagerBroadcastReceiver
06-02 12:47:01.686   522   540 W BroadcastQueue: Background execution not allowed: receiving Intent { act=android.intent.action.PACKAGE_ADDED dat=package:com.robotgui.gotu flg=0x4000010 (has extras) } to com.android.gallery3d/.app.PackagesMonitor
06-02 12:47:01.686   522   540 W BroadcastQueue: Background execution not allowed: receiving Intent { act=android.intent.action.PACKAGE_ADDED dat=package:com.robotgui.gotu flg=0x4000010 (has extras) } to com.android.musicfx/.Compatibility$Receiver
06-02 12:47:01.686   522   540 W BroadcastQueue: Background execution not allowed: receiving Intent { act=android.intent.action.PACKAGE_ADDED dat=package:com.robotgui.gotu flg=0x4000010 (has extras) } to com.svox.pico/.VoiceDataInstallerReceiver
