--------- beginning of crash
06-02 12:29:48.038   420   420 F libc    : CANNOT LINK EXECUTABLE "supolicy": library "libsupol.so" not found
06-02 12:29:48.038   420   420 F libc    : Fatal signal 6 (SIGABRT), code -6 in tid 420 (supolicy), pid 420 (supolicy)
06-02 12:29:48.130   428   428 F DEBUG   : *** *** *** *** *** *** *** *** *** *** *** *** *** *** *** ***
06-02 12:29:48.130   428   428 F DEBUG   : Build fingerprint: 'PADBOT/rk3399/rk3399:8.1.0/OPM8.190605.003/125244:userdebug/test-keys'
06-02 12:29:48.130   428   428 F DEBUG   : Revision: '0'
06-02 12:29:48.130   428   428 F DEBUG   : ABI: 'arm64'
06-02 12:29:48.130   428   428 F DEBUG   : pid: 420, tid: 420, name: supolicy  >>> supolicy <<<
06-02 12:29:48.130   428   428 F DEBUG   : signal 6 (SIGABRT), code -6 (SI_TKILL), fault addr --------
06-02 12:29:48.132   428   428 F DEBUG   : Abort message: 'CANNOT LINK EXECUTABLE "supolicy": library "libsupol.so" not found'
06-02 12:29:48.132   428   428 F DEBUG   :     x0   0000000000000000  x1   00000000000001a4  x2   0000000000000006  x3   0000000000000008
06-02 12:29:48.133   428   428 F DEBUG   :     x4   0000800000000000  x5   0000800000000000  x6   0000800000000000  x7   0000000000000018
06-02 12:29:48.133   428   428 F DEBUG   :     x8   0000000000000083  x9   0000000010000000  x10  0000007fd139f550  x11  0000000000000001
06-02 12:29:48.133   428   428 F DEBUG   :     x12  0000000000000010  x13  00000000683d28bc  x14  00022f7e8e04b74e  x15  0000195a65d57675
06-02 12:29:48.133   428   428 F DEBUG   :     x16  0000000000000000  x17  867c5f384308e009  x18  bb7756940b03c06e  x19  00000000000001a4
06-02 12:29:48.133   428   428 F DEBUG   :     x20  00000000000001a4  x21  0000000000000083  x22  0000007fd13a08b8  x23  0000005ae20e9df0
06-02 12:29:48.133   428   428 F DEBUG   :     x24  0000007e5f806410  x25  0000007e5f811010  x26  0000007e5f91a7b0  x27  0000007e5f91a000
06-02 12:29:48.133   428   428 F DEBUG   :     x28  0000007fd13a08b0  x29  0000007fd139f590  x30  0000007e5f8bdfb4
06-02 12:29:48.133   428   428 F DEBUG   :     sp   0000007fd139f550  pc   0000007e5f8bdfdc  pstate 0000000060000000
06-02 12:29:48.137   428   428 F DEBUG   : 
06-02 12:29:48.137   428   428 F DEBUG   : backtrace:
06-02 12:29:48.137   428   428 F DEBUG   :     #00 pc 000000000009dfdc  /system/bin/linker64 (__dl_abort+120)
06-02 12:29:48.137   428   428 F DEBUG   :     #01 pc 000000000001cb8c  /system/bin/linker64 (__dl___linker_init+3628)
06-02 12:29:48.137   428   428 F DEBUG   :     #02 pc 00000000000230a4  /system/bin/linker64 (_start+4)
--------- beginning of system
06-02 12:29:50.887   522   522 I SystemServer: StartUsageService
06-02 12:29:50.888   522   522 I SystemServiceManager: Starting com.android.server.usage.UsageStatsService
06-02 12:29:50.899   522   522 D SystemServerTiming: StartUsageService took to complete: 12ms
06-02 12:29:50.899   522   522 I SystemServer: StartWebViewUpdateService
06-02 12:29:50.900   522   522 I SystemServiceManager: Starting com.android.server.webkit.WebViewUpdateService
06-02 12:29:50.906   522   522 D SystemServerTiming: StartWebViewUpdateService took to complete: 7ms
06-02 12:29:50.907   522   522 I SystemServer: StartKeyAttestationApplicationIdProviderService
06-02 12:29:50.907   522   538 D SystemServerInitThreadPool: Started executing SecondaryZygotePreload
06-02 12:29:50.907   522   538 I SystemServer: SecondaryZygotePreload
06-02 12:29:50.910   522   522 D SystemServerTiming: StartKeyAttestationApplicationIdProviderService took to complete: 3ms
06-02 12:29:50.910   522   522 I SystemServer: StartKeyChainSystemService
06-02 12:29:50.910   522   522 I SystemServiceManager: Starting com.android.server.security.KeyChainSystemService
06-02 12:29:50.910   522   522 D SystemServerTiming: StartKeyChainSystemService took to complete: 1ms
06-02 12:29:50.910   522   522 I SystemServer: StartSchedulingPolicyService
06-02 12:29:50.911   522   522 D SystemServerTiming: StartSchedulingPolicyService took to complete: 0ms
06-02 12:29:50.911   522   522 I SystemServer: StartTelecomLoaderService
06-02 12:29:50.912   522   522 I SystemServiceManager: Starting com.android.server.telecom.TelecomLoaderService
06-02 12:29:50.913   522   522 D SystemServerTiming: StartTelecomLoaderService took to complete: 1ms
06-02 12:29:50.913   522   522 I SystemServer: StartTelephonyRegistry
06-02 12:29:50.918   522   522 D SystemServerTiming: StartTelephonyRegistry took to complete: 5ms
06-02 12:29:50.918   522   522 I SystemServer: StartEntropyMixer
06-02 12:29:50.922   522   522 I EntropyMixer: Writing entropy...
06-02 12:29:50.924   522   522 D SystemServerTiming: StartEntropyMixer took to complete: 6ms
06-02 12:29:50.924   522   522 I SystemServer: StartAccountManagerService
06-02 12:29:50.925   522   522 I SystemServiceManager: Starting com.android.server.accounts.AccountManagerService$Lifecycle
06-02 12:29:50.947   522   522 D SystemServerTiming: StartAccountManagerService took to complete: 22ms
06-02 12:29:50.947   522   522 I SystemServer: StartContentService
06-02 12:29:50.952   522   522 I SystemServiceManager: Starting com.android.server.content.ContentService$Lifecycle
06-02 12:29:50.958   522   522 D SystemServerTiming: StartContentService took to complete: 10ms
06-02 12:29:50.958   522   522 I SystemServer: InstallSystemProviders
06-02 12:29:50.961   522   598 D SystemServerInitThreadPool: Finished executing Init OverlayManagerService
06-02 12:29:50.983   391   391 D ZygoteInitTiming_lazy: BeginIcuCachePinning took to complete: 53ms
06-02 12:29:50.995   522   522 D SystemServerTiming: InstallSystemProviders took to complete: 36ms
06-02 12:29:50.995   522   522 I SystemServer: StartVibratorService
06-02 12:29:51.004   522   522 D SystemServerTiming: StartVibratorService took to complete: 10ms
06-02 12:29:51.004   522   522 I SystemServer: StartConsumerIrService
06-02 12:29:51.007   522   522 D SystemServerTiming: StartConsumerIrService took to complete: 3ms
06-02 12:29:51.008   522   522 I SystemServer: StartAlarmManagerService
06-02 12:29:51.008   522   522 I SystemServiceManager: Starting com.android.server.AlarmManagerService
06-02 12:29:51.018   522   522 D SystemServerTiming: StartAlarmManagerService took to complete: 11ms
06-02 12:29:51.018   522   522 I SystemServer: InitWatchdog
06-02 12:29:51.020   522   522 D SystemServerTiming: InitWatchdog took to complete: 1ms
06-02 12:29:51.020   522   522 I SystemServer: StartInputManagerService
06-02 12:29:51.027   522   522 I InputManager: Initializing input manager, mUseDevInputEventForAudioJack=false
06-02 12:29:51.028   522   522 D SystemServerTiming: StartInputManagerService took to complete: 7ms
06-02 12:29:51.028   522   522 I SystemServer: StartWindowManagerService
06-02 12:29:51.071   522   555 I WindowManager: No existing display settings /data/system/display_settings.xml; starting empty
06-02 12:29:51.140   522   522 D SystemServerTiming: StartWindowManagerService took to complete: 112ms
06-02 12:29:51.140   522   522 I SystemServer: StartVrManagerService
06-02 12:29:51.140   522   599 D SystemServerInitThreadPool: Started executing StartHidlServices
06-02 12:29:51.140   522   522 I SystemServiceManager: Starting com.android.server.vr.VrManagerService
06-02 12:29:51.147   522   599 D SystemServerTimingAsync: StartHidlServices took to complete: 7ms
06-02 12:29:51.148   522   599 D SystemServerInitThreadPool: Finished executing StartHidlServices
06-02 12:29:51.151   522   522 D SystemServerTiming: StartVrManagerService took to complete: 10ms
06-02 12:29:51.151   522   522 I SystemServer: SetWindowManagerService
06-02 12:29:51.158   522   522 D SystemServerTiming: SetWindowManagerService took to complete: 7ms
06-02 12:29:51.158   522   522 I SystemServer: StartInputManager
06-02 12:29:51.158   522   522 I InputManager: Starting input manager
06-02 12:29:51.164   522   522 D SystemServerTiming: StartInputManager took to complete: 5ms
06-02 12:29:51.164   522   522 I SystemServer: DisplayManagerWindowManagerAndInputReady
06-02 12:29:51.165   522   522 D SystemServerTiming: DisplayManagerWindowManagerAndInputReady took to complete: 1ms
06-02 12:29:51.165   522   522 I SystemServer: StartBluetoothService
06-02 12:29:51.166   522   522 I SystemServiceManager: Starting com.android.server.BluetoothService
06-02 12:29:51.173   522   522 D BluetoothManagerService: Loading stored name and address
06-02 12:29:51.173   522   522 D BluetoothManagerService: Stored bluetooth Name=rk3399,Address=22:22:E7:4C:0D:00
06-02 12:29:51.173   522   522 D BluetoothManagerService: Bluetooth persisted state: 1
06-02 12:29:51.173   522   522 D BluetoothManagerService: Startup: Bluetooth persisted state is ON.
06-02 12:29:51.173   522   522 D SystemServerTiming: StartBluetoothService took to complete: 9ms
06-02 12:29:51.174   522   522 I SystemServer: IpConnectivityMetrics
06-02 12:29:51.174   522   522 I SystemServiceManager: Starting com.android.server.connectivity.IpConnectivityMetrics
06-02 12:29:51.174   403   439 I /system/bin/storaged: storaged: Start
06-02 12:29:51.177   522   522 D SystemServerTiming: IpConnectivityMetrics took to complete: 3ms
06-02 12:29:51.177   522   522 I SystemServer: PinnerService
06-02 12:29:51.177   522   522 I SystemServiceManager: Starting com.android.server.PinnerService
06-02 12:29:51.179   522   522 D SystemServerTiming: PinnerService took to complete: 1ms
06-02 12:29:51.179   522   522 I SystemServer: StartInputMethodManagerLifecycle
06-02 12:29:51.179   522   522 I SystemServiceManager: Starting com.android.server.InputMethodManagerService$Lifecycle
06-02 12:29:51.189   522   522 D SystemServerTiming: StartInputMethodManagerLifecycle took to complete: 11ms
06-02 12:29:51.189   522   522 I SystemServer: StartAccessibilityManagerService
06-02 12:29:51.194   522   522 D SystemServerTiming: StartAccessibilityManagerService took to complete: 4ms
06-02 12:29:51.194   522   522 I SystemServer: MakeDisplayReady
06-02 12:29:51.195   522   522 I ActivityManager: Config changes=5df8 {1.0 ?mcc?mnc [zh_TW] ldltr sw609dp w609dp h975dp 210dpi lrg port ?uimode ?night -touch -keyb/v/h -nav/h appBounds=Rect(0, 0 - 800, 1280) s.2}
06-02 12:29:51.201   522   522 I ActivityManager: Override config changes=40007dfc {1.0 ?mcc?mnc [zh_TW] ldltr sw609dp w609dp h975dp 210dpi lrg port ?uimode ?night -touch -keyb/v/h -nav/h appBounds=Rect(0, 0 - 800, 1280) s.2} for displayId=0
06-02 12:29:51.232   522   539 I UsageStatsService: User[0] Rollover scheduled @ 2025-06-03 02:03:22(1748887402684)
06-02 12:29:51.233   522   618 I ActivityManager: Config changes=478 {1.0 ?mcc?mnc [zh_TW] ldltr sw609dp w609dp h927dp 210dpi lrg port ?uimode ?night finger qwerty/v/v dpad/v appBounds=Rect(0, 0 - 800, 1217) s.3}
06-02 12:29:51.238   522   618 I ActivityManager: Override config changes=478 {1.0 ?mcc?mnc [zh_TW] ldltr sw609dp w609dp h927dp 210dpi lrg port ?uimode ?night finger qwerty/v/v dpad/v appBounds=Rect(0, 0 - 800, 1217) s.3} for displayId=0
06-02 12:29:51.271   522   586 D SystemServerTimingAsync: AppDataPrepare took to complete: 462ms
06-02 12:29:51.271   522   586 I PackageManager: Deferred reconcileAppsData finished 74 packages
06-02 12:29:51.271   522   586 D SystemServerInitThreadPool: Finished executing prepareAppData
06-02 12:29:51.324   522   522 D SystemServerTiming: MakeDisplayReady took to complete: 130ms
06-02 12:29:51.324   522   522 I SystemServer: StartStorageManagerService
06-02 12:29:51.324   522   522 I SystemServiceManager: Starting com.android.server.StorageManagerService$Lifecycle
06-02 12:29:51.332   522   522 D SystemServerTiming: StartStorageManagerService took to complete: 9ms
06-02 12:29:51.332   522   522 I SystemServer: StartStorageStatsService
06-02 12:29:51.332   522   522 I SystemServiceManager: Starting com.android.server.usage.StorageStatsService$Lifecycle
06-02 12:29:51.333   522   623 D StorageManagerService: Thinking about init, mSystemReady=false, mDaemonConnected=true
06-02 12:29:51.333   522   623 D StorageManagerService: Thinking about reset, mSystemReady=false, mDaemonConnected=true
06-02 12:29:51.333   522   623 D StorageManagerService: Thinking about init, mSystemReady=false, mDaemonConnected=true
06-02 12:29:51.333   522   623 D StorageManagerService: Thinking about reset, mSystemReady=false, mDaemonConnected=true
06-02 12:29:51.333   522   522 D StorageManager: probeEmmc find /sys/block/mmcblk1rpmb
06-02 12:29:51.336   522   623 D CryptdConnector: SND -> {1 cryptfs getfield SystemLocale}
06-02 12:29:51.347   522   522 D SystemServerTiming: StartStorageStatsService took to complete: 15ms
06-02 12:29:51.348   522   522 I SystemServer: StartUiModeManager
06-02 12:29:51.352   522   522 I SystemServiceManager: Starting com.android.server.UiModeManagerService
06-02 12:29:51.358   522   598 D SystemServerInitThreadPool: Started executing UiModeManager.onStart
06-02 12:29:51.358   522   598 I ActivityManager: Config changes=200 {1.0 ?mcc?mnc [zh_TW] ldltr sw609dp w609dp h927dp 210dpi lrg port finger qwerty/v/v dpad/v appBounds=Rect(0, 0 - 800, 1217) s.4}
06-02 12:29:51.359   522   522 D SystemServerTiming: StartUiModeManager took to complete: 10ms
06-02 12:29:51.359   522   522 I SystemServer: UpdatePackagesIfNeeded
06-02 12:29:51.359   522   522 D SystemServerTiming: UpdatePackagesIfNeeded took to complete: 0ms
06-02 12:29:51.359   522   522 I SystemServer: PerformFstrimIfNeeded
06-02 12:29:51.360   522   522 W PackageManager: No disk maintenance in 586676360; running immediately
06-02 12:29:51.360   522   522 D SystemServerTiming: PerformFstrimIfNeeded took to complete: 1ms
06-02 12:29:51.360   522   522 I SystemServer: StartLockSettingsService
06-02 12:29:51.361   522   522 I SystemServiceManager: Starting com.android.server.locksettings.LockSettingsService$Lifecycle
06-02 12:29:51.369   522   598 I ActivityManager: Override config changes=200 {1.0 ?mcc?mnc [zh_TW] ldltr sw609dp w609dp h927dp 210dpi lrg port finger qwerty/v/v dpad/v appBounds=Rect(0, 0 - 800, 1217) s.4} for displayId=0
06-02 12:29:51.381   522   598 D SystemServerInitThreadPool: Finished executing UiModeManager.onStart
06-02 12:29:51.384   522   522 D SystemServerTiming: StartLockSettingsService took to complete: 23ms
06-02 12:29:51.388   522   522 I OemLock : OemLock HAL not present on device
06-02 12:29:51.388   522   522 I SystemServer: StartDeviceIdleController
06-02 12:29:51.390   522   522 I SystemServiceManager: Starting com.android.server.DeviceIdleController
06-02 12:29:51.391   522   625 D CryptdConnector: RCV <- {113 1 zh-TW}
06-02 12:29:51.392   522   625 D CryptdConnector: RCV <- {200 1 0}
06-02 12:29:51.393   522   623 D StorageManagerService: Got locale zh-TW from mount service
06-02 12:29:51.396   522   522 D SystemServerTiming: StartDeviceIdleController took to complete: 8ms
06-02 12:29:51.396   522   522 I SystemServer: StartDevicePolicyManager
06-02 12:29:51.396   522   522 I SystemServiceManager: Starting com.android.server.devicepolicy.DevicePolicyManagerService$Lifecycle
06-02 12:29:51.397   522   623 I ActivityManager: Config changes=100 {1.0 ?mcc?mnc [zh_TW] ldltr sw609dp w609dp h927dp 210dpi lrg port finger qwerty/v/v dpad/v appBounds=Rect(0, 0 - 800, 1217) s.5}
06-02 12:29:51.412   522   623 I ActivityManager: Override config changes=100 {1.0 ?mcc?mnc [zh_TW] ldltr sw609dp w609dp h927dp 210dpi lrg port finger qwerty/v/v dpad/v appBounds=Rect(0, 0 - 800, 1217) s.5} for displayId=0
06-02 12:29:51.414   522   623 D StorageManagerService: Setting system properties to zh-TW from mount service
06-02 12:29:51.415   522   555 I ActivityManager: Config changes=100 {1.0 ?mcc?mnc [zh_TW] ldltr sw609dp w609dp h927dp 210dpi lrg port finger qwerty/v/v dpad/v appBounds=Rect(0, 0 - 800, 1217) s.6}
06-02 12:29:51.417   522   623 W StorageManagerService: No primary storage mounted!
06-02 12:29:51.417   522   623 D VoldConnector: SND -> {1 asec list}
06-02 12:29:51.418   522   624 D VoldConnector: RCV <- {200 1 asec operation succeeded}
06-02 12:29:51.420   522   623 I PackageManager: Un-granting permission android.permission.MOUNT_UNMOUNT_FILESYSTEMS from package cn.inbot.padbotsystemsettings (protectionLevel=18 flags=0x3888be44)
06-02 12:29:51.420   522   623 I PackageManager: Un-granting permission android.permission.WRITE_SETTINGS from package cn.inbot.padbotsystemsettings (protectionLevel=1218 flags=0x3888be44)
06-02 12:29:51.420   522   623 I PackageManager: Un-granting permission android.permission.WRITE_APN_SETTINGS from package cn.inbot.padbotsystemsettings (protectionLevel=18 flags=0x3888be44)
06-02 12:29:51.430   522   555 I ActivityManager: Override config changes=100 {1.0 ?mcc?mnc [zh_TW] ldltr sw609dp w609dp h927dp 210dpi lrg port finger qwerty/v/v dpad/v appBounds=Rect(0, 0 - 800, 1217) s.6} for displayId=0
06-02 12:29:51.435   522   522 D SystemServerTiming: StartDevicePolicyManager took to complete: 38ms
06-02 12:29:51.435   522   522 I SystemServer: StartStatusBarManagerService
06-02 12:29:51.446   522   522 D SystemServerTiming: StartStatusBarManagerService took to complete: 11ms
06-02 12:29:51.447   522   522 I SystemServer: StartClipboardService
06-02 12:29:51.447   522   522 I SystemServiceManager: Starting com.android.server.clipboard.ClipboardService
06-02 12:29:51.449   522   522 D SystemServerTiming: StartClipboardService took to complete: 3ms
06-02 12:29:51.449   522   522 I SystemServer: StartNetworkManagementService
06-02 12:29:51.454   522   627 I NetworkManagement: onDaemonConnected()
06-02 12:29:51.458   522   522 D SystemServerTiming: StartNetworkManagementService took to complete: 8ms
06-02 12:29:51.458   522   522 I SystemServer: StartTextServicesManager
06-02 12:29:51.459   522   522 I SystemServiceManager: Starting com.android.server.TextServicesManagerService$Lifecycle
06-02 12:29:51.463   522   522 W TextServicesManagerService: no available spell checker services found
06-02 12:29:51.464   522   522 D SystemServerTiming: StartTextServicesManager took to complete: 6ms
06-02 12:29:51.464   522   522 I SystemServer: StartNetworkScoreService
06-02 12:29:51.467   522   623 W StorageManagerService: No primary storage mounted!
06-02 12:29:51.467   522   623 D VoldConnector: SND -> {2 asec list}
06-02 12:29:51.468   522   624 D VoldConnector: RCV <- {200 2 asec operation succeeded}
06-02 12:29:51.469   522   623 I StorageManagerService: Running fstrim idle maintenance
06-02 12:29:51.469   522   522 D SystemServerTiming: StartNetworkScoreService took to complete: 4ms
06-02 12:29:51.469   522   522 I SystemServer: StartNetworkStatsService
06-02 12:29:51.469   522   623 D VoldConnector: SND -> {3 fstrim dotrim}
06-02 12:29:51.473   522   624 D VoldConnector: RCV <- {200 3 Command succeeded}
06-02 12:29:51.473   236   628 D vold    : Starting trim of /system
06-02 12:29:51.484   522   522 D SystemServerTiming: StartNetworkStatsService took to complete: 15ms
06-02 12:29:51.485   522   522 I SystemServer: StartNetworkPolicyManagerService
06-02 12:29:51.487   391   391 D ZygoteInitTiming_lazy: PreloadClasses took to complete: 504ms
06-02 12:29:51.493   522   632 I ServiceThread: Enabled StrictMode logging for NetworkPolicy.uid looper.
06-02 12:29:51.495   522   522 D SystemServerTiming: StartNetworkPolicyManagerService took to complete: 10ms
06-02 12:29:51.495   522   522 I SystemServer: StartWifi
06-02 12:29:51.517   522   522 I SystemServiceManager: Starting com.android.server.wifi.WifiService
06-02 12:29:51.572   391   391 D ZygoteInitTiming_lazy: PreloadResources took to complete: 85ms
06-02 12:29:51.659   522   522 D SystemServerTiming: StartWifi took to complete: 164ms
06-02 12:29:51.659   522   522 I SystemServer: StartWifiScanning
06-02 12:29:51.662   522   522 I SystemServiceManager: Starting com.android.server.wifi.scanner.WifiScanningService
06-02 12:29:51.666   522   522 D SystemServerTiming: StartWifiScanning took to complete: 8ms
06-02 12:29:51.666   522   522 I SystemServer: StartWifiRtt
06-02 12:29:51.667   522   522 I SystemServiceManager: Starting com.android.server.wifi.RttService
06-02 12:29:51.670   522   522 D SystemServerTiming: StartWifiRtt took to complete: 4ms
06-02 12:29:51.670   522   522 I SystemServer: No Wi-Fi Aware Service (Aware support Not Present)
06-02 12:29:51.670   522   522 I SystemServer: StartWifiP2P
06-02 12:29:51.670   522   522 I SystemServiceManager: Starting com.android.server.wifi.p2p.WifiP2pService
06-02 12:29:51.680   522   522 D SystemServerTiming: StartWifiP2P took to complete: 9ms
06-02 12:29:51.680   522   522 I SystemServer: StartEthernet
06-02 12:29:51.681   522   522 I SystemServiceManager: Starting com.android.server.ethernet.EthernetService
06-02 12:29:51.683   522   522 D SystemServerTiming: StartEthernet took to complete: 3ms
06-02 12:29:51.683   522   522 I SystemServer: StartConnectivityService
06-02 12:29:51.689   522   522 D ConnectivityService: ConnectivityService starting up
06-02 12:29:51.692   522   522 D ConnectivityService: wifiOnly=false
06-02 12:29:51.692   522   522 E ConnectivityService: Ignoring protectedNetwork 14
06-02 12:29:51.702   522   522 D SystemServerTiming: StartConnectivityService took to complete: 19ms
06-02 12:29:51.703   522   522 I SystemServer: StartNsdService
06-02 12:29:51.705   522   522 D NsdService: Network service discovery is enabled
06-02 12:29:51.708   522   522 D SystemServerTiming: StartNsdService took to complete: 5ms
06-02 12:29:51.708   522   522 I SystemServer: StartUpdateLockService
06-02 12:29:51.710   522   522 D SystemServerTiming: StartUpdateLockService took to complete: 2ms
06-02 12:29:51.710   522   522 I SystemServer: WaitForAsecScan
06-02 12:29:51.710   522   522 D SystemServerTiming: WaitForAsecScan took to complete: 0ms
06-02 12:29:51.711   522   522 I SystemServer: StartNotificationManager
06-02 12:29:51.716   522   522 I SystemServiceManager: Starting com.android.server.notification.NotificationManagerService
06-02 12:29:51.741   522   538 D SystemServerTimingAsync: SecondaryZygotePreload took to complete: 834ms
06-02 12:29:51.741   522   538 D SystemServerInitThreadPool: Finished executing SecondaryZygotePreload
06-02 12:29:51.749   522   522 D ConditionProviders.SCP: new ScheduleConditionProvider()
06-02 12:29:51.760   522   522 D ZenLog  : config: readXml,ZenModeConfig[user=0,allowCalls=true,allowRepeatCallers=false,allowMessages=false,allowCallsFrom=contacts,allowMessagesFrom=contacts,allowReminders=true,allowEvents=true,allowWhenScreenOff=true,allowWhenScreenOn=true,automaticRules={EVENTS_DEFAULT_RULE=ZenRule[enabled=false,snoozing=false,name=活動,zenMode=ZEN_MODE_ALARMS,conditionId=condition://android/event?userId=-10000&calendar=&reply=1,condition=Condition[id=condition://android/event?userId=-10000&calendar=&reply=1,summary=...,line1=...,line2=...,icon=0,state=STATE_FALSE,flags=2],component=ComponentInfo{android/com.android.server.notification.EventConditionProvider},id=EVENTS_DEFAULT_RULE,creationTime=1732517665580,enabler=null], SCHEDULED_DEFAULT_RULE_1=ZenRule[enabled=false,snoozing=false,name=週間晚上,zenMode=ZEN_MODE_ALARMS,conditionId=condition://android/schedule?days=1.2.3.4.5&start=22.0&end=7.0&exitAtAlarm=false,condition=Condition[id=condition://android/schedule?days=1.2.3.4.5&start=22.0&end=7.0&exitAtAlarm=false,summary=...,line1=...,line2=...,icon=0,state=STATE_FALSE,flags=2],component=ComponentInfo{android/com.android.server.notification.ScheduleConditionProvider},id=SCHEDULED_DEFAULT_RULE_1,creationTime=1732517665578,enabler=null], SCHEDULED_DEFAULT_RULE_2=ZenRule[enabled=false,snoozing=false,name=週末,zenMode=ZEN_MODE_ALARMS,conditionId=condition://android/schedule?days=6.7&start=23.30&end=10.0&exitAtAlarm=false,condition=Condition[id=condition://android/schedule?days=6.7&start=23.30&end=10.0&exitAtAlarm=false,summary=...,line1=...,line2=...,icon=0,state=STATE_FALSE,flags=2],component=ComponentInfo{android/com.android.server.notification.ScheduleConditionProvider},id=SCHEDULED_DEFAULT_RULE_2,creationTime=1732517665578,enabler=null]},manualRule=null],Diff[automaticRule[EVENTS_DEFAULT_RULE].condition:null->Condition[id=condition://android/event?userId=-10000&calendar=&reply=1,summary=...,line1=...,line2=...,icon=0,state=STATE_FALSE,flags=2],automaticRule[EVENTS_DEFAULT_RULE].creationTime:1748838591744->1732517665580,automaticRule[SCHEDULED_DEFAULT_RULE_1].condition:null->Condition[id=condition://android/schedule?days=1.2.3.4.5&start=22.0&end=7.0&exitAtAlarm=false,summary=...,line1=...,line2=...,icon=0,state=STATE_FALSE,flags=2],automaticRule[SCHEDULED_DEFAULT_RULE_1].creationTime:1748838591744->1732517665578,automaticRule[SCHEDULED_DEFAULT_RULE_2].condition:null->Condition[id=condition://android/schedule?days=6.7&start=23.30&end=10.0&exitAtAlarm=false,summary=...,line1=...,line2=...,icon=0,state=STATE_FALSE,flags=2],automaticRule[SCHEDULED_DEFAULT_RULE_2].creationTime:1748838591744->1732517665578]
06-02 12:29:51.763   522   522 I ConditionProviders: Read condition provider permissions from xml
06-02 12:29:51.763   522   522 D ZenLog  : set_zen_mode: off,init
06-02 12:29:51.770   522   522 D SystemServerTiming: StartNotificationManager took to complete: 60ms
06-02 12:29:51.770   522   522 I SystemServer: StartDeviceMonitor
06-02 12:29:51.770   522   522 I SystemServiceManager: Starting com.android.server.storage.DeviceStorageMonitorService
06-02 12:29:51.774   522   522 D SystemServerTiming: StartDeviceMonitor took to complete: 3ms
06-02 12:29:51.774   522   522 I SystemServer: StartLocationManagerService
06-02 12:29:51.777   522   522 D SystemServerTiming: StartLocationManagerService took to complete: 4ms
06-02 12:29:51.777   522   522 I SystemServer: StartCountryDetectorService
06-02 12:29:51.779   522   522 D SystemServerTiming: StartCountryDetectorService took to complete: 1ms
06-02 12:29:51.779   522   522 I SystemServer: StartSearchManagerService
06-02 12:29:51.779   522   522 I SystemServiceManager: Starting com.android.server.search.SearchManagerService$Lifecycle
06-02 12:29:51.780   522   522 D SystemServerTiming: StartSearchManagerService took to complete: 2ms
06-02 12:29:51.780   522   522 I SystemServer: StartWallpaperManagerService
06-02 12:29:51.781   522   522 I SystemServiceManager: Starting com.android.server.wallpaper.WallpaperManagerService$Lifecycle
06-02 12:29:51.788   522   522 D SystemServerTiming: StartWallpaperManagerService took to complete: 7ms
06-02 12:29:51.788   522   522 I SystemServer: StartAudioService
06-02 12:29:51.788   522   522 I SystemServiceManager: Starting com.android.server.audio.AudioService$Lifecycle
06-02 12:29:51.812   522   522 D SystemServerTiming: StartAudioService took to complete: 25ms
06-02 12:29:51.812   522   522 I SystemServer: StartDockObserver
06-02 12:29:51.812   522   522 I SystemServiceManager: Starting com.android.server.DockObserver
06-02 12:29:51.813   522   522 W DockObserver: This kernel does not have dock station support
06-02 12:29:51.814   522   522 D SystemServerTiming: StartDockObserver took to complete: 1ms
06-02 12:29:51.814   522   522 I SystemServer: StartWiredAccessoryManager
06-02 12:29:51.814   522   522 W WiredAccessoryManager: This kernel does not have wired headset support
06-02 12:29:51.815   522   522 W WiredAccessoryManager: This kernel does not have usb audio support
06-02 12:29:51.815   522   522 D SystemServerTiming: StartWiredAccessoryManager took to complete: 1ms
06-02 12:29:51.815   522   522 I SystemServer: StartUsbService
06-02 12:29:51.816   522   522 I SystemServiceManager: Starting com.android.server.usb.UsbService$Lifecycle
06-02 12:29:51.822   522   522 E UsbDeviceManager: failed to write to /sys/class/android_usb/android0/f_rndis/ethaddr
06-02 12:29:51.833   522   522 E UsbPortManager: connectToProxy: usb hal service not found. Did the service fail to start?
06-02 12:29:51.833   522   522 E UsbPortManager: java.util.NoSuchElementException
06-02 12:29:51.833   522   522 E UsbPortManager: 	at android.os.HwBinder.getService(Native Method)
06-02 12:29:51.833   522   522 E UsbPortManager: 	at android.hardware.usb.V1_0.IUsb.getService(IUsb.java:44)
06-02 12:29:51.833   522   522 E UsbPortManager: 	at com.android.server.usb.UsbPortManager.connectToProxy(UsbPortManager.java:524)
06-02 12:29:51.833   522   522 E UsbPortManager: 	at com.android.server.usb.UsbPortManager.<init>(UsbPortManager.java:130)
06-02 12:29:51.833   522   522 E UsbPortManager: 	at com.android.server.usb.UsbService.<init>(UsbService.java:136)
06-02 12:29:51.833   522   522 E UsbPortManager: 	at com.android.server.usb.UsbService$Lifecycle.onStart(UsbService.java:72)
06-02 12:29:51.833   522   522 E UsbPortManager: 	at com.android.server.SystemServiceManager.startService(SystemServiceManager.java:124)
06-02 12:29:51.833   522   522 E UsbPortManager: 	at com.android.server.SystemServiceManager.startService(SystemServiceManager.java:111)
06-02 12:29:51.833   522   522 E UsbPortManager: 	at com.android.server.SystemServiceManager.startService(SystemServiceManager.java:70)
06-02 12:29:51.833   522   522 E UsbPortManager: 	at com.android.server.SystemServer.startOtherServices(SystemServer.java:1266)
06-02 12:29:51.833   522   522 E UsbPortManager: 	at com.android.server.SystemServer.run(SystemServer.java:394)
06-02 12:29:51.833   522   522 E UsbPortManager: 	at com.android.server.SystemServer.main(SystemServer.java:270)
06-02 12:29:51.833   522   522 E UsbPortManager: 	at java.lang.reflect.Method.invoke(Native Method)
06-02 12:29:51.833   522   522 E UsbPortManager: 	at com.android.internal.os.RuntimeInit$MethodAndArgsCaller.run(RuntimeInit.java:438)
06-02 12:29:51.833   522   522 E UsbPortManager: 	at com.android.internal.os.ZygoteInit.main(ZygoteInit.java:787)
06-02 12:29:51.836   522   522 D SystemServerTiming: StartUsbService took to complete: 22ms
06-02 12:29:51.836   522   522 I SystemServer: StartSerialService
06-02 12:29:51.837   522   522 D SystemServerTiming: StartSerialService took to complete: 1ms
06-02 12:29:51.837   522   522 I SystemServer: StartHardwarePropertiesManagerService
06-02 12:29:51.840   522   522 D SystemServerTiming: StartHardwarePropertiesManagerService took to complete: 3ms
06-02 12:29:51.840   522   522 I SystemServer: StartTwilightService
06-02 12:29:51.841   522   522 I SystemServiceManager: Starting com.android.server.twilight.TwilightService
06-02 12:29:51.841   522   522 D SystemServerTiming: StartTwilightService took to complete: 0ms
06-02 12:29:51.841   522   522 I SystemServer: StartJobScheduler
06-02 12:29:51.842   522   522 I SystemServiceManager: Starting com.android.server.job.JobSchedulerService
06-02 12:29:51.849   522   522 D JobStore: Start tag: job-info
06-02 12:29:51.849   522   522 I JobStore: Read 0 jobs
06-02 12:29:51.853   522   522 D ConnectivityService: requestNetwork for uid/pid:1000/522 NetworkRequest [ TRACK_DEFAULT id=3, [ Capabilities: INTERNET&NOT_RESTRICTED&TRUSTED&NOT_VPN] ]
06-02 12:29:51.858   522   522 D SystemServerTiming: StartJobScheduler took to complete: 18ms
06-02 12:29:51.858   522   522 I SystemServer: StartSoundTrigger
06-02 12:29:51.859   522   522 I SystemServiceManager: Starting com.android.server.soundtrigger.SoundTriggerService
06-02 12:29:51.861   522   522 D SystemServerTiming: StartSoundTrigger took to complete: 2ms
06-02 12:29:51.861   522   522 I SystemServer: StartTrustManager
06-02 12:29:51.862   522   522 I SystemServiceManager: Starting com.android.server.trust.TrustManagerService
06-02 12:29:51.866   522   522 D SystemServerTiming: StartTrustManager took to complete: 6ms
06-02 12:29:51.866   522   522 I SystemServer: StartBackupManager
06-02 12:29:51.866   522   522 I SystemServiceManager: Starting com.android.server.backup.BackupManagerService$Lifecycle
06-02 12:29:51.870   522   522 D SystemServerTiming: StartBackupManager took to complete: 3ms
06-02 12:29:51.870   522   522 I SystemServer: StartAppWidgerService
06-02 12:29:51.870   522   522 I SystemServiceManager: Starting com.android.server.appwidget.AppWidgetService
06-02 12:29:51.877   522   522 D SystemServerTiming: StartAppWidgerService took to complete: 8ms
06-02 12:29:51.877   522   522 I SystemServer: StartVoiceRecognitionManager
06-02 12:29:51.878   522   522 I SystemServiceManager: Starting com.android.server.voiceinteraction.VoiceInteractionManagerService
06-02 12:29:51.879   522   522 D SystemServerTiming: StartVoiceRecognitionManager took to complete: 1ms
06-02 12:29:51.879   522   522 I SystemServer: StartSensorNotification
06-02 12:29:51.879   522   522 I SystemServiceManager: Starting com.android.server.SensorNotificationService
06-02 12:29:51.879   522   522 D SystemServerTiming: StartSensorNotification took to complete: 0ms
06-02 12:29:51.879   522   522 I SystemServer: StartContextHubSystemService
06-02 12:29:51.879   522   522 I SystemServiceManager: Starting com.android.server.ContextHubSystemService
06-02 12:29:51.879   522   522 D SystemServerTiming: StartContextHubSystemService took to complete: 0ms
06-02 12:29:51.880   522   522 I SystemServer: StartDiskStatsService
06-02 12:29:51.880   522   599 D SystemServerInitThreadPool: Started executing Init ContextHubSystemService
06-02 12:29:51.882   522   522 D SystemServerTiming: StartDiskStatsService took to complete: 3ms
06-02 12:29:51.882   522   522 I SystemServer: StartNetworkTimeUpdateService
06-02 12:29:51.883   522   522 D SystemServerTiming: StartNetworkTimeUpdateService took to complete: 1ms
06-02 12:29:51.884   522   522 I SystemServer: StartCommonTimeManagementService
06-02 12:29:51.884   522   599 D SystemServerInitThreadPool: Finished executing Init ContextHubSystemService
06-02 12:29:51.885   522   522 D SystemServerTiming: StartCommonTimeManagementService took to complete: 2ms
06-02 12:29:51.885   522   522 I SystemServer: CertBlacklister
06-02 12:29:51.886   522   522 D SystemServerTiming: CertBlacklister took to complete: 0ms
06-02 12:29:51.886   522   522 I SystemServer: StartEmergencyAffordanceService
06-02 12:29:51.887   522   522 I SystemServiceManager: Starting com.android.server.emergency.EmergencyAffordanceService
06-02 12:29:51.889   522   522 D SystemServerTiming: StartEmergencyAffordanceService took to complete: 4ms
06-02 12:29:51.889   522   522 I SystemServer: StartDreamManager
06-02 12:29:51.889   522   522 I SystemServiceManager: Starting com.android.server.dreams.DreamManagerService
06-02 12:29:51.891   522   522 D SystemServerTiming: StartDreamManager took to complete: 2ms
06-02 12:29:51.891   522   522 I SystemServer: AddGraphicsStatsService
06-02 12:29:51.895   522   522 D SystemServerTiming: AddGraphicsStatsService took to complete: 3ms
06-02 12:29:51.895   522   522 I SystemServer: StartPrintManager
06-02 12:29:51.896   522   522 I SystemServiceManager: Starting com.android.server.print.PrintManagerService
06-02 12:29:51.898   522   522 D SystemServerTiming: StartPrintManager took to complete: 2ms
06-02 12:29:51.898   522   522 I SystemServer: StartCompanionDeviceManager
06-02 12:29:51.898   522   522 I SystemServiceManager: Starting com.android.server.companion.CompanionDeviceManagerService
06-02 12:29:51.901   522   522 D SystemServerTiming: StartCompanionDeviceManager took to complete: 3ms
06-02 12:29:51.901   522   522 I SystemServer: StartRestrictionManager
06-02 12:29:51.901   522   522 I SystemServiceManager: Starting com.android.server.restrictions.RestrictionsManagerService
06-02 12:29:51.902   522   522 D SystemServerTiming: StartRestrictionManager took to complete: 2ms
06-02 12:29:51.902   522   522 I SystemServer: StartMediaSessionService
06-02 12:29:51.903   522   522 I SystemServiceManager: Starting com.android.server.media.MediaSessionService
06-02 12:29:51.907   522   522 D SystemServerTiming: StartMediaSessionService took to complete: 5ms
06-02 12:29:51.907   522   522 I SystemServer: StartMediaResourceMonitor
06-02 12:29:51.907   522   522 I SystemServiceManager: Starting com.android.server.media.MediaResourceMonitorService
06-02 12:29:51.908   522   522 D SystemServerTiming: StartMediaResourceMonitor took to complete: 1ms
06-02 12:29:51.915   522   522 I SystemServer: StartMediaRouterService
06-02 12:29:51.917   522   522 D SystemServerTiming: StartMediaRouterService took to complete: 2ms
06-02 12:29:51.917   522   522 I SystemServer: StartBackgroundDexOptService
06-02 12:29:51.918   522   522 D SystemServerTiming: StartBackgroundDexOptService took to complete: 1ms
06-02 12:29:51.918   522   522 I SystemServer: StartPruneInstantAppsJobService
06-02 12:29:51.919   522   522 D SystemServerTiming: StartPruneInstantAppsJobService took to complete: 0ms
06-02 12:29:51.919   522   522 I SystemServer: StartShortcutServiceLifecycle
06-02 12:29:51.920   522   522 I SystemServiceManager: Starting com.android.server.pm.ShortcutService$Lifecycle
06-02 12:29:51.927   522   522 D SystemServerTiming: StartShortcutServiceLifecycle took to complete: 9ms
06-02 12:29:51.927   522   522 I SystemServer: StartLauncherAppsService
06-02 12:29:51.927   522   522 I SystemServiceManager: Starting com.android.server.pm.LauncherAppsService
06-02 12:29:51.929   522   522 D SystemServerTiming: StartLauncherAppsService took to complete: 2ms
06-02 12:29:51.929   522   522 I SystemServer: StartMediaProjectionManager
06-02 12:29:51.929   522   522 I SystemServiceManager: Starting com.android.server.media.projection.MediaProjectionManagerService
06-02 12:29:51.943   522   522 D SystemServerTiming: StartMediaProjectionManager took to complete: 13ms
06-02 12:29:51.943   522   522 I SystemServer: StartCameraServiceProxy
06-02 12:29:51.944   522   522 I SystemServiceManager: Starting com.android.server.camera.CameraServiceProxy
06-02 12:29:51.945   522   654 I ServiceThread: Enabled StrictMode logging for CameraService_proxy looper.
06-02 12:29:51.947   522   522 D SystemServerTiming: StartCameraServiceProxy took to complete: 4ms
06-02 12:29:51.947   522   522 I SystemServer: StartJitCompilation
06-02 12:29:51.947   522   522 D SystemServerTiming: StartJitCompilation took to complete: 0ms
06-02 12:29:51.948   522   522 I SystemServer: StartMmsService
06-02 12:29:51.948   522   522 I SystemServiceManager: Starting com.android.server.MmsServiceBroker
06-02 12:29:51.949   522   522 D SystemServerTiming: StartMmsService took to complete: 2ms
06-02 12:29:51.949   522   522 I SystemServer: StartAutoFillService
06-02 12:29:51.949   522   522 I SystemServiceManager: Starting com.android.server.autofill.AutofillManagerService
06-02 12:29:51.950   522   522 I AutofillManagerService: Setting debug to true
06-02 12:29:51.954   522   522 D SystemServerTiming: StartAutoFillService took to complete: 5ms
06-02 12:29:51.954   522   522 I SystemServer: MakeVibratorServiceReady
06-02 12:29:51.955   522   522 D SystemServerTiming: MakeVibratorServiceReady took to complete: 1ms
06-02 12:29:51.955   522   522 I SystemServer: MakeLockSettingsServiceReady
06-02 12:29:51.994   522   522 I SyntheticPasswordManager: Device does not support weaver
06-02 12:29:51.995   522   522 E LockSettingsStorage: Cannot read file java.io.FileNotFoundException: /data/system/gatekeeper.password.key: open failed: ENOENT (No such file or directory)
06-02 12:29:51.996   522   522 E LockSettingsStorage: Cannot read file java.io.FileNotFoundException: /data/system/password.key: open failed: ENOENT (No such file or directory)
06-02 12:29:51.996   522   522 E LockSettingsStorage: Cannot read file java.io.FileNotFoundException: /data/system/gatekeeper.pattern.key: open failed: ENOENT (No such file or directory)
06-02 12:29:51.996   522   522 E LockSettingsStorage: Cannot read file java.io.FileNotFoundException: /data/system/gatekeeper.gesture.key: open failed: ENOENT (No such file or directory)
06-02 12:29:51.997   522   522 E LockSettingsStorage: Cannot read file java.io.FileNotFoundException: /data/system/gesture.key: open failed: ENOENT (No such file or directory)
06-02 12:29:51.997   522   522 D SystemServerTiming: MakeLockSettingsServiceReady took to complete: 41ms
06-02 12:29:51.997   522   522 I SystemServer: StartBootPhaseLockSettingsReady
06-02 12:29:51.997   522   522 I SystemServiceManager: Starting phase 480
06-02 12:29:52.004   522   522 I DevicePolicyManager: Set ro.device_owner property to false
06-02 12:29:52.008   522   522 D SystemServerTiming: StartBootPhaseLockSettingsReady took to complete: 10ms
06-02 12:29:52.008   522   522 I SystemServer: StartBootPhaseSystemServicesReady
06-02 12:29:52.008   522   522 I SystemServiceManager: Starting phase 500
06-02 12:29:52.014   522   522 I VrManagerService: No default vr listener service found.
06-02 12:29:52.020   522   522 I WifiService: WifiService starting up with Wi-Fi enabled
06-02 12:29:52.032   522   522 D WifiService: setWifiEnabled: true pid=522, uid=1000, package=android
06-02 12:29:52.039   522   641 D ConnectivityService: Got NetworkFactory Messenger for Ethernet
06-02 12:29:52.043   522   522 D ZenLog  : config: cleanUpZenRules,ZenModeConfig[user=0,allowCalls=true,allowRepeatCallers=false,allowMessages=false,allowCallsFrom=contacts,allowMessagesFrom=contacts,allowReminders=true,allowEvents=true,allowWhenScreenOff=true,allowWhenScreenOn=true,automaticRules={EVENTS_DEFAULT_RULE=ZenRule[enabled=false,snoozing=false,name=活動,zenMode=ZEN_MODE_ALARMS,conditionId=condition://android/event?userId=-10000&calendar=&reply=1,condition=Condition[id=condition://android/event?userId=-10000&calendar=&reply=1,summary=...,line1=...,line2=...,icon=0,state=STATE_FALSE,flags=2],component=ComponentInfo{android/com.android.server.notification.EventConditionProvider},id=EVENTS_DEFAULT_RULE,creationTime=1732517665580,enabler=null], SCHEDULED_DEFAULT_RULE_1=ZenRule[enabled=false,snoozing=false,name=週間晚上,zenMode=ZEN_MODE_ALARMS,conditionId=condition://android/schedule?days=1.2.3.4.5&start=22.0&end=7.0&exitAtAlarm=false,condition=Condition[id=condition://android/schedule?days=1.2.3.4.5&start=22.0&end=7.0&exitAtAlarm=false,summary=...,line1=...,line2=...,icon=0,state=STATE_FALSE,flags=2],component=ComponentInfo{android/com.android.server.notification.ScheduleConditionProvider},id=SCHEDULED_DEFAULT_RULE_1,creationTime=1732517665578,enabler=null], SCHEDULED_DEFAULT_RULE_2=ZenRule[enabled=false,snoozing=false,name=週末,zenMode=ZEN_MODE_ALARMS,conditionId=condition://android/schedule?days=6.7&start=23.30&end=10.0&exitAtAlarm=false,condition=Condition[id=condition://android/schedule?days=6.7&start=23.30&end=10.0&exitAtAlarm=false,summary=...,line1=...,line2=...,icon=0,state=STATE_FALSE,flags=2],component=ComponentInfo{android/com.android.server.notification.ScheduleConditionProvider},id=SCHEDULED_DEFAULT_RULE_2,creationTime=1732517665578,enabler=null]},manualRule=null],Diff[]
06-02 12:29:52.043   522   522 D ZenLog  : set_zen_mode: off,onSystemReady
06-02 12:29:52.050   522   522 W SoundTriggerHelper: listModules status=0, # of modules=0
06-02 12:29:52.053   522   522 D SystemServerTiming: StartBootPhaseSystemServicesReady took to complete: 45ms
06-02 12:29:52.053   522   522 I SystemServer: MakeWindowManagerServiceReady
06-02 12:29:52.063   522   522 D SystemServerTiming: MakeWindowManagerServiceReady took to complete: 10ms
06-02 12:29:52.064   522   522 I SystemServer: MakePowerManagerServiceReady
06-02 12:29:52.073   522   557 W KeyguardServiceDelegate: onScreenTurningOn(): no keyguard service!
06-02 12:29:52.075   522   522 D SystemServerTiming: MakePowerManagerServiceReady took to complete: 11ms
06-02 12:29:52.076   522   522 I SystemServer: MakePackageManagerServiceReady
06-02 12:29:52.086   522   522 V UserDataPreparer: Found /data/user_de/0 with serial number 0
06-02 12:29:52.086   522   522 V UserDataPreparer: Found /data/user/0 with serial number 0
06-02 12:29:52.086   522   522 V UserDataPreparer: Found /data/system_de/0 with serial number 0
06-02 12:29:52.086   522   522 V UserDataPreparer: Found /data/system_ce/0 with serial number 0
06-02 12:29:52.087   522   522 V UserDataPreparer: Found /data/misc_ce/0 with serial number 0
06-02 12:29:52.088   522   522 D SystemServerTiming: MakePackageManagerServiceReady took to complete: 13ms
06-02 12:29:52.088   522   522 I SystemServer: MakeDisplayManagerServiceReady
06-02 12:29:52.090   522   522 D SystemServerTiming: MakeDisplayManagerServiceReady took to complete: 1ms
06-02 12:29:52.096   522   522 D ActivityManager: OK, system ready!
06-02 12:29:52.098   522   522 I ActivityManager: System now ready
06-02 12:29:52.101   522   522 I ActivityManager: Config changes=2104 {1.0 ?mcc?mnc [en_GB,zh_CN] ldltr sw609dp w609dp h927dp 210dpi lrg port finger qwerty/v/v dpad/v appBounds=Rect(0, 0 - 800, 1217) s.7}
06-02 12:29:52.136   522   522 I ActivityManager: Override config changes=2104 {1.0 ?mcc?mnc [en_GB,zh_CN] ldltr sw609dp w609dp h927dp 210dpi lrg port finger qwerty/v/v dpad/v appBounds=Rect(0, 0 - 800, 1217) s.7} for displayId=0
06-02 12:29:52.140   522   522 I SystemServer: Making services ready
06-02 12:29:52.140   522   522 I SystemServer: StartActivityManagerReadyPhase
06-02 12:29:52.140   522   522 I SystemServiceManager: Starting phase 550
06-02 12:29:52.141   522   555 I ActivityManager: Config changes=100 {1.0 ?mcc?mnc [en_GB,zh_CN] ldltr sw609dp w609dp h927dp 210dpi lrg port finger qwerty/v/v dpad/v appBounds=Rect(0, 0 - 800, 1217) s.8}
06-02 12:29:52.153   522   555 I ActivityManager: Override config changes=100 {1.0 ?mcc?mnc [en_GB,zh_CN] ldltr sw609dp w609dp h927dp 210dpi lrg port finger qwerty/v/v dpad/v appBounds=Rect(0, 0 - 800, 1217) s.8} for displayId=0
06-02 12:29:52.180   522   522 D BluetoothManagerService: Bluetooth boot completed
06-02 12:29:52.181   522   522 D BluetoothManagerService: Auto-enabling Bluetooth.
06-02 12:29:52.181   522   554 D BluetoothManagerService: MESSAGE_ENABLE(0): mBluetooth = null
06-02 12:29:52.193   522   554 I ActivityManager: Start proc 674:com.android.bluetooth/1002 for service com.android.bluetooth/.btservice.AdapterService
06-02 12:29:52.228   522   522 I ActivityManager: Start proc 689:com.google.android.inputmethod.latin/u0a48 for service com.google.android.inputmethod.latin/com.android.inputmethod.latin.LatinIME
06-02 12:29:52.230   522   522 W TextServicesManagerService: no available spell checker services found
06-02 12:29:52.231   522   623 D StorageManagerService: Thinking about init, mSystemReady=true, mDaemonConnected=true
06-02 12:29:52.231   522   623 D StorageManagerService: Setting up emulation state, initlocked=false
06-02 12:29:52.231   522   623 D CryptdConnector: SND -> {2 cryptfs unlock_user_key 0 0 ! !}
06-02 12:29:52.232   236   240 D vold    : e4crypt_unlock_user_key 0 serial=0 token_present=0
06-02 12:29:52.233   522   625 D CryptdConnector: RCV <- {200 2 Command succeeded}
06-02 12:29:52.234   522   623 D StorageManagerService: Thinking about reset, mSystemReady=true, mDaemonConnected=true
06-02 12:29:52.234   522   522 D UsbAlsaManager: Adding ALSA device AlsaDevice: [card: 0, device: 0, type: 2]
06-02 12:29:52.234   522   522 D UsbAlsaManager: Adding ALSA device AlsaDevice: [card: 2, device: 0, type: 2]
06-02 12:29:52.234   522   522 D UsbAlsaManager: Adding ALSA device AlsaDevice: [card: 0, device: 0, type: 1]
06-02 12:29:52.234   522   522 D UsbAlsaManager: Adding ALSA device AlsaDevice: [card: 1, device: 0, type: 1]
06-02 12:29:52.234   522   623 D VoldConnector: SND -> {4 volume reset}
06-02 12:29:52.234   522   540 I ActivityManager: Force stopping com.android.providers.media appid=10010 user=-1: vold reset
06-02 12:29:52.235   522   624 D VoldConnector: RCV <- {651 emulated 7}
06-02 12:29:52.236   522   624 D VoldConnector: RCV <- {659 emulated}
06-02 12:29:52.237   522   624 D VoldConnector: RCV <- {650 emulated 2 "" ""}
06-02 12:29:52.237   522   624 D VoldConnector: RCV <- {651 emulated 0}
06-02 12:29:52.237   522   624 D VoldConnector: RCV <- {200 4 Command succeeded}
06-02 12:29:52.238   522   553 V StorageManagerService: Found primary storage at VolumeInfo{emulated}:
06-02 12:29:52.238   522   553 V StorageManagerService:     type=EMULATED diskId=null partGuid=null mountFlags=0 mountUserId=-1 
06-02 12:29:52.238   522   553 V StorageManagerService:     state=UNMOUNTED 
06-02 12:29:52.238   522   553 V StorageManagerService:     fsType=null fsUuid=null fsLabel=null 
06-02 12:29:52.238   522   553 V StorageManagerService:     path=null internalPath=null 
06-02 12:29:52.238   522   623 D VoldConnector: SND -> {5 volume user_added 0 0}
06-02 12:29:52.239   522   624 D VoldConnector: RCV <- {200 5 Command succeeded}
06-02 12:29:52.240   522   649 D BluetoothManagerService: Creating new ProfileServiceConnections object for profile: 1
06-02 12:29:52.241   522   649 E BluetoothManagerService: Fail to bind to: Intent { act=android.bluetooth.IBluetoothHeadset }
06-02 12:29:52.241   522   649 W BluetoothManagerService: Unable to bind with intent: Intent { act=android.bluetooth.IBluetoothHeadset }
06-02 12:29:52.241   522   522 D SystemServerTiming: StartActivityManagerReadyPhase took to complete: 101ms
06-02 12:29:52.241   522   522 I SystemServer: StartObservingNativeCrashes
06-02 12:29:52.242   522   522 D SystemServerTiming: StartObservingNativeCrashes took to complete: 0ms
06-02 12:29:52.242   522   522 I SystemServer: StartSystemUI
06-02 12:29:52.242   522   586 D SystemServerInitThreadPool: Started executing WebViewFactoryPreparation
06-02 12:29:52.242   522   586 I SystemServer: WebViewFactoryPreparation
06-02 12:29:52.255   522   522 I ActivityManager: Start proc 706:com.android.systemui/u0a22 for service com.android.systemui/.SystemUIService
06-02 12:29:52.255   522   522 D SystemServerTiming: StartSystemUI took to complete: 14ms
06-02 12:29:52.255   522   522 I SystemServer: MakeNetworkScoreReady
06-02 12:29:52.256   522   522 D SystemServerTiming: MakeNetworkScoreReady took to complete: 0ms
06-02 12:29:52.256   522   522 I SystemServer: MakeNetworkManagementServiceReady
06-02 12:29:52.256   522   522 D NetworkManagement: enabling bandwidth control
