05-13 12:05:39.238  8741  8794 F zygote64: runtime.cc:523]   native: #02 pc 0000000000253ac4  /system/lib64/libart.so (art::gc::TaskProcessor::GetTask(art::Thread*)+368)
05-13 12:05:39.238  8741  8794 F zygote64: runtime.cc:523]   native: #03 pc 000000000025438c  /system/lib64/libart.so (art::gc::TaskProcessor::RunAllTasks(art::Thread*)+92)
05-13 12:05:39.238  8741  8794 F zygote64: runtime.cc:523]   native: #04 pc 00000000001f2f2c  /system/framework/arm64/boot-core-libart.oat (Java_dalvik_system_VMRuntime_runHeapTasks__+124)
05-13 12:05:39.238  8741  8794 F zygote64: runtime.cc:523]   at dalvik.system.VMRuntime.runHeapTasks(Native method)
05-13 12:05:39.238  8741  8794 F zygote64: runtime.cc:523]   - waiting to lock an unknown object
05-13 12:05:39.238  8741  8794 F zygote64: runtime.cc:523]   at java.lang.Daemons$HeapTaskDaemon.runInternal(Daemons.java:461)
05-13 12:05:39.238  8741  8794 F zygote64: runtime.cc:523]   at java.lang.Daemons$Daemon.run(Daemons.java:103)
05-13 12:05:39.238  8741  8794 F zygote64: runtime.cc:523]   at java.lang.Thread.run(Thread.java:764)
05-13 12:05:39.238  8741  8794 F zygote64: runtime.cc:523] 
05-13 12:05:39.238  8741  8794 F zygote64: runtime.cc:523] "Binder:8741_1" prio=5 tid=9 Native
05-13 12:05:39.238  8741  8794 F zygote64: runtime.cc:523]   | group="" sCount=1 dsCount=0 flags=1 obj=0x13000330 self=0x79dccd6c00
05-13 12:05:39.238  8741  8794 F zygote64: runtime.cc:523]   | sysTid=8753 nice=0 cgrp=default sched=0/0 handle=0x79c57914f0
05-13 12:05:39.238  8741  8794 F zygote64: runtime.cc:523]   | state=S schedstat=( 2536375 21000 12 ) utm=0 stm=0 core=1 HZ=100
05-13 12:05:39.238  8741  8794 F zygote64: runtime.cc:523]   | stack=0x79c5697000-0x79c5699000 stackSize=1005KB
05-13 12:05:39.238  8741  8794 F zygote64: runtime.cc:523]   | held mutexes=
05-13 12:05:39.238  8741  8794 F zygote64: runtime.cc:523]   kernel: (couldn't read /proc/self/task/8753/stack)
05-13 12:05:39.238  8741  8794 F zygote64: runtime.cc:523]   native: #00 pc 000000000006a558  /system/lib64/libc.so (__ioctl+4)
05-13 12:05:39.238  8741  8794 F zygote64: runtime.cc:523]   native: #01 pc 0000000000023ebc  /system/lib64/libc.so (ioctl+136)
05-13 12:05:39.238  8741  8794 F zygote64: runtime.cc:523]   native: #02 pc 00000000000549d0  /system/lib64/libbinder.so (android::IPCThreadState::talkWithDriver(bool)+260)
05-13 12:05:39.238  8741  8794 F zygote64: runtime.cc:523]   native: #03 pc 0000000000054b40  /system/lib64/libbinder.so (android::IPCThreadState::getAndExecuteCommand()+24)
05-13 12:05:39.238  8741  8794 F zygote64: runtime.cc:523]   native: #04 pc 0000000000055204  /system/lib64/libbinder.so (android::IPCThreadState::joinThreadPool(bool)+60)
05-13 12:05:39.238  8741  8794 F zygote64: runtime.cc:523]   native: #05 pc 00000000000771a8  /system/lib64/libbinder.so (???)
05-13 12:05:39.238  8741  8794 F zygote64: runtime.cc:523]   native: #06 pc 0000000000011478  /system/lib64/libutils.so (android::Thread::_threadLoop(void*)+280)
05-13 12:05:39.238  8741  8794 F zygote64: runtime.cc:523]   native: #07 pc 00000000000a986c  /system/lib64/libandroid_runtime.so (android::AndroidRuntime::javaThreadShell(void*)+140)
05-13 12:05:39.238  8741  8794 F zygote64: runtime.cc:523]   native: #08 pc 0000000000067d80  /system/lib64/libc.so (__pthread_start(void*)+36)
05-13 12:05:39.238  8741  8794 F zygote64: runtime.cc:523]   native: #09 pc 000000000001ec18  /system/lib64/libc.so (__start_thread+68)
05-13 12:05:39.238  8741  8794 F zygote64: runtime.cc:523]   (no managed stack frames)
05-13 12:05:39.238  8741  8794 F zygote64: runtime.cc:523] 
05-13 12:05:39.238  8741  8794 F zygote64: runtime.cc:523] "Binder:8741_2" prio=5 tid=10 Native
05-13 12:05:39.238  8741  8794 F zygote64: runtime.cc:523]   | group="" sCount=1 dsCount=0 flags=1 obj=0x13001608 self=0x79d462b800
05-13 12:05:39.238  8741  8794 F zygote64: runtime.cc:523]   | sysTid=8754 nice=0 cgrp=default sched=0/0 handle=0x79c56944f0
05-13 12:05:39.238  8741  8794 F zygote64: runtime.cc:523]   | state=S schedstat=( 29082044 8169957 37 ) utm=2 stm=0 core=4 HZ=100
05-13 12:05:39.238  8741  8794 F zygote64: runtime.cc:523]   | stack=0x79c559a000-0x79c559c000 stackSize=1005KB
05-13 12:05:39.238  8741  8794 F zygote64: runtime.cc:523]   | held mutexes=
05-13 12:05:39.238  8741  8794 F zygote64: runtime.cc:523]   kernel: (couldn't read /proc/self/task/8754/stack)
05-13 12:05:39.238  8741  8794 F zygote64: runtime.cc:523]   native: #00 pc 000000000006a558  /system/lib64/libc.so (__ioctl+4)
05-13 12:05:39.238  8741  8794 F zygote64: runtime.cc:523]   native: #01 pc 0000000000023ebc  /system/lib64/libc.so (ioctl+136)
05-13 12:05:39.238  8741  8794 F zygote64: runtime.cc:523]   native: #02 pc 00000000000549d0  /system/lib64/libbinder.so (android::IPCThreadState::talkWithDriver(bool)+260)
05-13 12:05:39.238  8741  8794 F zygote64: runtime.cc:523]   native: #03 pc 0000000000054b40  /system/lib64/libbinder.so (android::IPCThreadState::getAndExecuteCommand()+24)
05-13 12:05:39.238  8741  8794 F zygote64: runtime.cc:523]   native: #04 pc 0000000000055204  /system/lib64/libbinder.so (android::IPCThreadState::joinThreadPool(bool)+60)
05-13 12:05:39.238  8741  8794 F zygote64: runtime.cc:523]   native: #05 pc 00000000000771a8  /system/lib64/libbinder.so (???)
05-13 12:05:39.238  8741  8794 F zygote64: runtime.cc:523]   native: #06 pc 0000000000011478  /system/lib64/libutils.so (android::Thread::_threadLoop(void*)+280)
05-13 12:05:39.238  8741  8794 F zygote64: runtime.cc:523]   native: #07 pc 00000000000a986c  /system/lib64/libandroid_runtime.so (android::AndroidRuntime::javaThreadShell(void*)+140)
05-13 12:05:39.238  8741  8794 F zygote64: runtime.cc:523]   native: #08 pc 0000000000067d80  /system/lib64/libc.so (__pthread_start(void*)+36)
05-13 12:05:39.238  8741  8794 F zygote64: runtime.cc:523]   native: #09 pc 000000000001ec18  /system/lib64/libc.so (__start_thread+68)
05-13 12:05:39.238  8741  8794 F zygote64: runtime.cc:523]   (no managed stack frames)
05-13 12:05:39.238  8741  8794 F zygote64: runtime.cc:523] 
05-13 12:05:39.238  8741  8794 F zygote64: runtime.cc:523] "Binder:8741_3" prio=5 tid=11 Native
05-13 12:05:39.238  8741  8794 F zygote64: runtime.cc:523]   | group="" sCount=1 dsCount=0 flags=1 obj=0x13001690 self=0x79dcdc0000
05-13 12:05:39.238  8741  8794 F zygote64: runtime.cc:523]   | sysTid=8755 nice=0 cgrp=default sched=0/0 handle=0x79c55974f0
05-13 12:05:39.238  8741  8794 F zygote64: runtime.cc:523]   | state=S schedstat=( 6551996 4018003 21 ) utm=0 stm=0 core=4 HZ=100
05-13 12:05:39.238  8741  8794 F zygote64: runtime.cc:523]   | stack=0x79c549d000-0x79c549f000 stackSize=1005KB
05-13 12:05:39.239  8741  8794 F zygote64: runtime.cc:523]   | held mutexes=
05-13 12:05:39.239  8741  8794 F zygote64: runtime.cc:523]   kernel: (couldn't read /proc/self/task/8755/stack)
05-13 12:05:39.239  8741  8794 F zygote64: runtime.cc:523]   native: #00 pc 000000000006a558  /system/lib64/libc.so (__ioctl+4)
05-13 12:05:39.239  8741  8794 F zygote64: runtime.cc:523]   native: #01 pc 0000000000023ebc  /system/lib64/libc.so (ioctl+136)
05-13 12:05:39.239  8741  8794 F zygote64: runtime.cc:523]   native: #02 pc 00000000000549d0  /system/lib64/libbinder.so (android::IPCThreadState::talkWithDriver(bool)+260)
05-13 12:05:39.239  8741  8794 F zygote64: runtime.cc:523]   native: #03 pc 0000000000054b40  /system/lib64/libbinder.so (android::IPCThreadState::getAndExecuteCommand()+24)
05-13 12:05:39.239  8741  8794 F zygote64: runtime.cc:523]   native: #04 pc 0000000000055204  /system/lib64/libbinder.so (android::IPCThreadState::joinThreadPool(bool)+60)
05-13 12:05:39.239  8741  8794 F zygote64: runtime.cc:523]   native: #05 pc 00000000000771a8  /system/lib64/libbinder.so (???)
05-13 12:05:39.239  8741  8794 F zygote64: runtime.cc:523]   native: #06 pc 0000000000011478  /system/lib64/libutils.so (android::Thread::_threadLoop(void*)+280)
05-13 12:05:39.239  8741  8794 F zygote64: runtime.cc:523]   native: #07 pc 00000000000a986c  /system/lib64/libandroid_runtime.so (android::AndroidRuntime::javaThreadShell(void*)+140)
05-13 12:05:39.239  8741  8794 F zygote64: runtime.cc:523]   native: #08 pc 0000000000067d80  /system/lib64/libc.so (__pthread_start(void*)+36)
05-13 12:05:39.239  8741  8794 F zygote64: runtime.cc:523]   native: #09 pc 000000000001ec18  /system/lib64/libc.so (__start_thread+68)
05-13 12:05:39.239  8741  8794 F zygote64: runtime.cc:523]   (no managed stack frames)
05-13 12:05:39.239  8741  8794 F zygote64: runtime.cc:523] 
05-13 12:05:39.239  8741  8794 F zygote64: runtime.cc:523] "Profile Saver" prio=5 tid=12 Native
05-13 12:05:39.239  8741  8794 F zygote64: runtime.cc:523]   | group="" sCount=1 dsCount=0 flags=1 obj=0x13001718 self=0x79d4631c00
05-13 12:05:39.239  8741  8794 F zygote64: runtime.cc:523]   | sysTid=8756 nice=9 cgrp=default sched=0/0 handle=0x79c48474f0
05-13 12:05:39.239  8741  8794 F zygote64: runtime.cc:523]   | state=S schedstat=( 20354585 2488043 30 ) utm=1 stm=0 core=5 HZ=100
05-13 12:05:39.239  8741  8794 F zygote64: runtime.cc:523]   | stack=0x79c474d000-0x79c474f000 stackSize=1005KB
05-13 12:05:39.239  8741  8794 F zygote64: runtime.cc:523]   | held mutexes=
05-13 12:05:39.239  8741  8794 F zygote64: runtime.cc:523]   kernel: (couldn't read /proc/self/task/8756/stack)
05-13 12:05:39.239  8741  8794 F zygote64: runtime.cc:523]   native: #00 pc 000000000001d4b0  /system/lib64/libc.so (syscall+32)
05-13 12:05:39.239  8741  8794 F zygote64: runtime.cc:523]   native: #01 pc 00000000000e6a5c  /system/lib64/libart.so (art::ConditionVariable::TimedWait(art::Thread*, long, int)+172)
05-13 12:05:39.239  8741  8794 F zygote64: runtime.cc:523]   native: #02 pc 0000000000336864  /system/lib64/libart.so (art::ProfileSaver::Run()+516)
05-13 12:05:39.239  8741  8794 F zygote64: runtime.cc:523]   native: #03 pc 00000000003393b4  /system/lib64/libart.so (art::ProfileSaver::RunProfileSaverThread(void*)+92)
05-13 12:05:39.239  8741  8794 F zygote64: runtime.cc:523]   native: #04 pc 0000000000067d80  /system/lib64/libc.so (__pthread_start(void*)+36)
05-13 12:05:39.239  8741  8794 F zygote64: runtime.cc:523]   native: #05 pc 000000000001ec18  /system/lib64/libc.so (__start_thread+68)
05-13 12:05:39.239  8741  8794 F zygote64: runtime.cc:523]   (no managed stack frames)
05-13 12:05:39.239  8741  8794 F zygote64: runtime.cc:523] 
05-13 12:05:39.239  8741  8794 F zygote64: runtime.cc:523] "HybridData DestructorThread" prio=5 tid=13 Waiting
05-13 12:05:39.239  8741  8794 F zygote64: runtime.cc:523]   | group="" sCount=1 dsCount=0 flags=1 obj=0x12fc5810 self=0x79d18a0c00
05-13 12:05:39.239  8741  8794 F zygote64: runtime.cc:523]   | sysTid=8758 nice=0 cgrp=default sched=0/0 handle=0x79c3b4a4f0
05-13 12:05:39.239  8741  8794 F zygote64: runtime.cc:523]   | state=S schedstat=( 19902212 4301247 17 ) utm=1 stm=0 core=5 HZ=100
05-13 12:05:39.239  8741  8794 F zygote64: runtime.cc:523]   | stack=0x79c3a48000-0x79c3a4a000 stackSize=1037KB
05-13 12:05:39.239  8741  8794 F zygote64: runtime.cc:523]   | held mutexes=
05-13 12:05:39.239  8741  8794 F zygote64: runtime.cc:523]   kernel: (couldn't read /proc/self/task/8758/stack)
05-13 12:05:39.239  8741  8794 F zygote64: runtime.cc:523]   native: #00 pc 000000000001d4ac  /system/lib64/libc.so (syscall+28)
05-13 12:05:39.239  8741  8794 F zygote64: runtime.cc:523]   native: #01 pc 00000000000e663c  /system/lib64/libart.so (art::ConditionVariable::WaitHoldingLocks(art::Thread*)+152)
05-13 12:05:39.239  8741  8794 F zygote64: runtime.cc:523]   native: #02 pc 00000000003c7dd4  /system/lib64/libart.so (art::Monitor::Wait(art::Thread*, long, int, bool, art::ThreadState)+636)
05-13 12:05:39.239  8741  8794 F zygote64: runtime.cc:523]   native: #03 pc 00000000003c9864  /system/lib64/libart.so (art::Monitor::Wait(art::Thread*, art::mirror::Object*, long, int, bool, art::ThreadState)+376)
05-13 12:05:39.239  8741  8794 F zygote64: runtime.cc:523]   native: #04 pc 0000000000000aec  /system/framework/arm64/boot.oat (Java_java_lang_Object_wait__JI+140)
05-13 12:05:39.239  8741  8794 F zygote64: runtime.cc:523]   at java.lang.Object.wait(Native method)
05-13 12:05:39.239  8741  8794 F zygote64: runtime.cc:523]   - waiting on <0x05579247> (a java.lang.Object)
05-13 12:05:39.239  8741  8794 F zygote64: runtime.cc:523]   at java.lang.Object.wait(Object.java:422)
05-13 12:05:39.239  8741  8794 F zygote64: runtime.cc:523]   at java.lang.ref.ReferenceQueue.remove(ReferenceQueue.java:188)
05-13 12:05:39.239  8741  8794 F zygote64: runtime.cc:523]   - locked <0x05579247> (a java.lang.Object)
05-13 12:05:39.239  8741  8794 F zygote64: runtime.cc:523]   at java.lang.ref.ReferenceQueue.remove(ReferenceQueue.java:209)
05-13 12:05:39.239  8741  8794 F zygote64: runtime.cc:523]   at com.facebook.jni.DestructorThread$1.run(DestructorThread.java:77)
05-13 12:05:39.239  8741  8794 F zygote64: runtime.cc:523] 
05-13 12:05:39.239  8741  8794 F zygote64: runtime.cc:523] "AsyncTask #1" prio=5 tid=14 TimedWaiting
05-13 12:05:39.239  8741  8794 F zygote64: runtime.cc:523]   | group="" sCount=1 dsCount=0 flags=1 obj=0x12fc5c78 self=0x79d18a1600
05-13 12:05:39.239  8741  8794 F zygote64: runtime.cc:523]   | sysTid=8760 nice=10 cgrp=default sched=0/0 handle=0x79c3a454f0
05-13 12:05:39.239  8741  8794 F zygote64: runtime.cc:523]   | state=S schedstat=( 24787917 4118169 28 ) utm=1 stm=0 core=0 HZ=100
05-13 12:05:39.239  8741  8794 F zygote64: runtime.cc:523]   | stack=0x79c3943000-0x79c3945000 stackSize=1037KB
05-13 12:05:39.239  8741  8794 F zygote64: runtime.cc:523]   | held mutexes=
05-13 12:05:39.239  8741  8794 F zygote64: runtime.cc:523]   kernel: (couldn't read /proc/self/task/8760/stack)
05-13 12:05:39.239  8741  8794 F zygote64: runtime.cc:523]   native: #00 pc 000000000001d4b0  /system/lib64/libc.so (syscall+32)
05-13 12:05:39.239  8741  8794 F zygote64: runtime.cc:523]   native: #01 pc 00000000000e6a5c  /system/lib64/libart.so (art::ConditionVariable::TimedWait(art::Thread*, long, int)+172)
05-13 12:05:39.239  8741  8794 F zygote64: runtime.cc:523]   native: #02 pc 00000000003c7de4  /system/lib64/libart.so (art::Monitor::Wait(art::Thread*, long, int, bool, art::ThreadState)+652)
05-13 12:05:39.239  8741  8794 F zygote64: runtime.cc:523]   native: #03 pc 00000000003c9864  /system/lib64/libart.so (art::Monitor::Wait(art::Thread*, art::mirror::Object*, long, int, bool, art::ThreadState)+376)
05-13 12:05:39.239  8741  8794 F zygote64: runtime.cc:523]   native: #04 pc 0000000000000aec  /system/framework/arm64/boot.oat (Java_java_lang_Object_wait__JI+140)
05-13 12:05:39.239  8741  8794 F zygote64: runtime.cc:523]   at java.lang.Object.wait(Native method)
05-13 12:05:39.239  8741  8794 F zygote64: runtime.cc:523]   - waiting on <0x0ec51a74> (a java.lang.Object)
05-13 12:05:39.240  8741  8794 F zygote64: runtime.cc:523]   at java.lang.Thread.parkFor$(Thread.java:2137)
05-13 12:05:39.240  8741  8794 F zygote64: runtime.cc:523]   - locked <0x0ec51a74> (a java.lang.Object)
05-13 12:05:39.240  8741  8794 F zygote64: runtime.cc:523]   at sun.misc.Unsafe.park(Unsafe.java:358)
05-13 12:05:39.240  8741  8794 F zygote64: runtime.cc:523]   at java.util.concurrent.locks.LockSupport.parkNanos(LockSupport.java:230)
05-13 12:05:39.240  8741  8794 F zygote64: runtime.cc:523]   at java.util.concurrent.locks.AbstractQueuedSynchronizer$ConditionObject.awaitNanos(AbstractQueuedSynchronizer.java:2101)
05-13 12:05:39.240  8741  8794 F zygote64: runtime.cc:523]   at java.util.concurrent.LinkedBlockingQueue.poll(LinkedBlockingQueue.java:467)
05-13 12:05:39.240  8741  8794 F zygote64: runtime.cc:523]   at java.util.concurrent.ThreadPoolExecutor.getTask(ThreadPoolExecutor.java:1086)
05-13 12:05:39.240  8741  8794 F zygote64: runtime.cc:523]   at java.util.concurrent.ThreadPoolExecutor.runWorker(ThreadPoolExecutor.java:1147)
05-13 12:05:39.240  8741  8794 F zygote64: runtime.cc:523]   at java.util.concurrent.ThreadPoolExecutor$Worker.run(ThreadPoolExecutor.java:636)
05-13 12:05:39.240  8741  8794 F zygote64: runtime.cc:523]   at java.lang.Thread.run(Thread.java:764)
05-13 12:05:39.240  8741  8794 F zygote64: runtime.cc:523] 
05-13 12:05:39.240  8741  8794 F zygote64: runtime.cc:523] "process reaper" prio=5 tid=16 TimedWaiting
05-13 12:05:39.240  8741  8794 F zygote64: runtime.cc:523]   | group="" sCount=1 dsCount=0 flags=1 obj=0x12fc5d58 self=0x79d46b2000
05-13 12:05:39.240  8741  8794 F zygote64: runtime.cc:523]   | sysTid=8763 nice=-8 cgrp=default sched=0/0 handle=0x79c383b4f0
05-13 12:05:39.240  8741  8794 F zygote64: runtime.cc:523]   | state=S schedstat=( 1866083 36792 3 ) utm=0 stm=0 core=3 HZ=100
05-13 12:05:39.240  8741  8794 F zygote64: runtime.cc:523]   | stack=0x79c3731000-0x79c3733000 stackSize=1069KB
05-13 12:05:39.240  8741  8794 F zygote64: runtime.cc:523]   | held mutexes=
05-13 12:05:39.240  8741  8794 F zygote64: runtime.cc:523]   kernel: (couldn't read /proc/self/task/8763/stack)
05-13 12:05:39.240  8741  8794 F zygote64: runtime.cc:523]   native: #00 pc 000000000001d4b0  /system/lib64/libc.so (syscall+32)
05-13 12:05:39.240  8741  8794 F zygote64: runtime.cc:523]   native: #01 pc 00000000000e6a5c  /system/lib64/libart.so (art::ConditionVariable::TimedWait(art::Thread*, long, int)+172)
05-13 12:05:39.240  8741  8794 F zygote64: runtime.cc:523]   native: #02 pc 00000000003c7de4  /system/lib64/libart.so (art::Monitor::Wait(art::Thread*, long, int, bool, art::ThreadState)+652)
05-13 12:05:39.240  8741  8794 F zygote64: runtime.cc:523]   native: #03 pc 00000000003c9864  /system/lib64/libart.so (art::Monitor::Wait(art::Thread*, art::mirror::Object*, long, int, bool, art::ThreadState)+376)
05-13 12:05:39.240  8741  8794 F zygote64: runtime.cc:523]   native: #04 pc 0000000000000aec  /system/framework/arm64/boot.oat (Java_java_lang_Object_wait__JI+140)
05-13 12:05:39.240  8741  8794 F zygote64: runtime.cc:523]   at java.lang.Object.wait(Native method)
05-13 12:05:39.240  8741  8794 F zygote64: runtime.cc:523]   - waiting on <0x01b3cb9d> (a java.lang.Object)
05-13 12:05:39.240  8741  8794 F zygote64: runtime.cc:523]   at java.lang.Thread.parkFor$(Thread.java:2137)
05-13 12:05:39.240  8741  8794 F zygote64: runtime.cc:523]   - locked <0x01b3cb9d> (a java.lang.Object)
05-13 12:05:39.240  8741  8794 F zygote64: runtime.cc:523]   at sun.misc.Unsafe.park(Unsafe.java:358)
05-13 12:05:39.240  8741  8794 F zygote64: runtime.cc:523]   at java.util.concurrent.locks.LockSupport.parkNanos(LockSupport.java:230)
05-13 12:05:39.240  8741  8794 F zygote64: runtime.cc:523]   at java.util.concurrent.SynchronousQueue$TransferStack.awaitFulfill(SynchronousQueue.java:461)
05-13 12:05:39.240  8741  8794 F zygote64: runtime.cc:523]   at java.util.concurrent.SynchronousQueue$TransferStack.transfer(SynchronousQueue.java:362)
05-13 12:05:39.240  8741  8794 F zygote64: runtime.cc:523]   at java.util.concurrent.SynchronousQueue.poll(SynchronousQueue.java:937)
05-13 12:05:39.240  8741  8794 F zygote64: runtime.cc:523]   at java.util.concurrent.ThreadPoolExecutor.getTask(ThreadPoolExecutor.java:1086)
05-13 12:05:39.240  8741  8794 F zygote64: runtime.cc:523]   at java.util.concurrent.ThreadPoolExecutor.runWorker(ThreadPoolExecutor.java:1147)
05-13 12:05:39.240  8741  8794 F zygote64: runtime.cc:523]   at java.util.concurrent.ThreadPoolExecutor$Worker.run(ThreadPoolExecutor.java:636)
05-13 12:05:39.240  8741  8794 F zygote64: runtime.cc:523]   at java.lang.Thread.run(Thread.java:764)
05-13 12:05:39.240  8741  8794 F zygote64: runtime.cc:523] 
05-13 12:05:39.240  8741  8794 F zygote64: runtime.cc:523] "pool-1-thread-1" prio=5 tid=15 Waiting
05-13 12:05:39.240  8741  8794 F zygote64: runtime.cc:523]   | group="" sCount=1 dsCount=0 flags=1 obj=0x12fc0000 self=0x79d198ea00
05-13 12:05:39.240  8741  8794 F zygote64: runtime.cc:523]   | sysTid=8764 nice=0 cgrp=default sched=0/0 handle=0x79c39404f0
05-13 12:05:39.240  8741  8794 F zygote64: runtime.cc:523]   | state=S schedstat=( 99563627 16269829 238 ) utm=9 stm=0 core=5 HZ=100
05-13 12:05:39.240  8741  8794 F zygote64: runtime.cc:523]   | stack=0x79c383e000-0x79c3840000 stackSize=1037KB
05-13 12:05:39.240  8741  8794 F zygote64: runtime.cc:523]   | held mutexes=
05-13 12:05:39.240  8741  8794 F zygote64: runtime.cc:523]   kernel: (couldn't read /proc/self/task/8764/stack)
05-13 12:05:39.240  8741  8794 F zygote64: runtime.cc:523]   native: #00 pc 000000000001d4ac  /system/lib64/libc.so (syscall+28)
05-13 12:05:39.240  8741  8794 F zygote64: runtime.cc:523]   native: #01 pc 00000000000e663c  /system/lib64/libart.so (art::ConditionVariable::WaitHoldingLocks(art::Thread*)+152)
05-13 12:05:39.240  8741  8794 F zygote64: runtime.cc:523]   native: #02 pc 00000000003c7dd4  /system/lib64/libart.so (art::Monitor::Wait(art::Thread*, long, int, bool, art::ThreadState)+636)
05-13 12:05:39.240  8741  8794 F zygote64: runtime.cc:523]   native: #03 pc 00000000003c9864  /system/lib64/libart.so (art::Monitor::Wait(art::Thread*, art::mirror::Object*, long, int, bool, art::ThreadState)+376)
05-13 12:05:39.240  8741  8794 F zygote64: runtime.cc:523]   native: #04 pc 0000000000000aec  /system/framework/arm64/boot.oat (Java_java_lang_Object_wait__JI+140)
05-13 12:05:39.240  8741  8794 F zygote64: runtime.cc:523]   at java.lang.Object.wait(Native method)
05-13 12:05:39.240  8741  8794 F zygote64: runtime.cc:523]   - waiting on <0x0a05b812> (a java.lang.Object)
05-13 12:05:39.240  8741  8794 F zygote64: runtime.cc:523]   at java.lang.Thread.parkFor$(Thread.java:2137)
05-13 12:05:39.240  8741  8794 F zygote64: runtime.cc:523]   - locked <0x0a05b812> (a java.lang.Object)
05-13 12:05:39.240  8741  8794 F zygote64: runtime.cc:523]   at sun.misc.Unsafe.park(Unsafe.java:358)
05-13 12:05:39.240  8741  8794 F zygote64: runtime.cc:523]   at java.util.concurrent.locks.LockSupport.park(LockSupport.java:190)
05-13 12:05:39.240  8741  8794 F zygote64: runtime.cc:523]   at java.util.concurrent.locks.AbstractQueuedSynchronizer$ConditionObject.await(AbstractQueuedSynchronizer.java:2059)
05-13 12:05:39.240  8741  8794 F zygote64: runtime.cc:523]   at java.util.concurrent.LinkedBlockingQueue.take(LinkedBlockingQueue.java:442)
05-13 12:05:39.240  8741  8794 F zygote64: runtime.cc:523]   at java.util.concurrent.ThreadPoolExecutor.getTask(ThreadPoolExecutor.java:1087)
05-13 12:05:39.240  8741  8794 F zygote64: runtime.cc:523]   at java.util.concurrent.ThreadPoolExecutor.runWorker(ThreadPoolExecutor.java:1147)
05-13 12:05:39.240  8741  8794 F zygote64: runtime.cc:523]   at java.util.concurrent.ThreadPoolExecutor$Worker.run(ThreadPoolExecutor.java:636)
05-13 12:05:39.240  8741  8794 F zygote64: runtime.cc:523]   at java.lang.Thread.run(Thread.java:764)
05-13 12:05:39.241  8741  8794 F zygote64: runtime.cc:523] 
05-13 12:05:39.241  8741  8794 F zygote64: runtime.cc:523] "OkHttp Dispatcher" prio=5 tid=17 TimedWaiting
05-13 12:05:39.241  8741  8794 F zygote64: runtime.cc:523]   | group="" sCount=1 dsCount=0 flags=1 obj=0x12fc5e80 self=0x79d189e400
05-13 12:05:39.241  8741  8794 F zygote64: runtime.cc:523]   | sysTid=8765 nice=0 cgrp=default sched=0/0 handle=0x79c372e4f0
05-13 12:05:39.241  8741  8794 F zygote64: runtime.cc:523]   | state=S schedstat=( 22906084 928667 13 ) utm=1 stm=0 core=3 HZ=100
05-13 12:05:39.241  8741  8794 F zygote64: runtime.cc:523]   | stack=0x79c362c000-0x79c362e000 stackSize=1037KB
05-13 12:05:39.241  8741  8794 F zygote64: runtime.cc:523]   | held mutexes=
05-13 12:05:39.241  8741  8794 F zygote64: runtime.cc:523]   kernel: (couldn't read /proc/self/task/8765/stack)
05-13 12:05:39.241  8741  8794 F zygote64: runtime.cc:523]   native: #00 pc 000000000001d4b0  /system/lib64/libc.so (syscall+32)
05-13 12:05:39.241  8741  8794 F zygote64: runtime.cc:523]   native: #01 pc 00000000000e6a5c  /system/lib64/libart.so (art::ConditionVariable::TimedWait(art::Thread*, long, int)+172)
05-13 12:05:39.241  8741  8794 F zygote64: runtime.cc:523]   native: #02 pc 00000000003c7de4  /system/lib64/libart.so (art::Monitor::Wait(art::Thread*, long, int, bool, art::ThreadState)+652)
05-13 12:05:39.241  8741  8794 F zygote64: runtime.cc:523]   native: #03 pc 00000000003c9864  /system/lib64/libart.so (art::Monitor::Wait(art::Thread*, art::mirror::Object*, long, int, bool, art::ThreadState)+376)
05-13 12:05:39.241  8741  8794 F zygote64: runtime.cc:523]   native: #04 pc 0000000000000aec  /system/framework/arm64/boot.oat (Java_java_lang_Object_wait__JI+140)
05-13 12:05:39.241  8741  8794 F zygote64: runtime.cc:523]   at java.lang.Object.wait(Native method)
05-13 12:05:39.241  8741  8794 F zygote64: runtime.cc:523]   - waiting on <0x02710be3> (a java.lang.Object)
05-13 12:05:39.243  8741  8794 F zygote64: runtime.cc:523]   native: #05 pc 0000000000011478  /system/lib64/libutils.so (android::Thread::_threadLoop(void*)+280)
05-13 12:05:39.243  8741  8794 F zygote64: runtime.cc:523]   at java.util.concurrent.locks.LockSupport.parkNanos(LockSupport.java:230)
05-13 12:05:39.244  8741  8794 F zygote64: runtime.cc:523]   at java.util.concurrent.ThreadPoolExecutor$Worker.run(ThreadPoolExecutor.java:636)
05-13 12:05:39.245  8741  8794 F zygote64: runtime.cc:523]   | group="" sCount=1 dsCount=0 flags=1 obj=0x13400690 self=0x79c1fcf400
05-13 12:05:39.245  8741  8794 F zygote64: runtime.cc:523]   native: #03 pc 00000000003c9864  /system/lib64/libart.so (art::Monitor::Wait(art::Thread*, art::mirror::Object*, long, int, bool, art::ThreadState)+376)
05-13 12:05:39.245  8741  8794 F zygote64: runtime.cc:523]   at java.util.concurrent.LinkedBlockingQueue.poll(LinkedBlockingQueue.java:467)
05-13 12:05:39.245  8741  8794 F zygote64: runtime.cc:523]   at java.util.concurrent.ThreadPoolExecutor.getTask(ThreadPoolExecutor.java:1086)
05-13 12:05:39.246  8741  8794 F zygote64: runtime.cc:523]   kernel: (couldn't read /proc/self/task/8803/stack)
05-13 12:05:39.246  8741  8794 F zygote64: runtime.cc:523] 
05-13 12:05:39.246  8741  8794 F zygote64: runtime.cc:523] "hwuiTask1" prio=5 tid=31 Native
05-13 12:05:39.246  8741  8794 F zygote64: runtime.cc:523]   native: #02 pc 000000000007558c  /system/lib64/libhwui.so (???)
05-13 12:05:39.246  8741  8794 F zygote64: runtime.cc:523]   native: #06 pc 000000000001ec18  /system/lib64/libc.so (__start_thread+68)
05-13 12:05:39.246  8741  8794 F zygote64: runtime.cc:523]   (no managed stack frames)
05-13 12:05:39.249  8741  8794 F zygote64: runtime.cc:523]   at okio.InputStreamSource.read(JvmOkio.kt:91)
05-13 12:05:39.250  8741  8794 F zygote64: runtime.cc:523]   | stack=0x79b3cf3000-0x79b3cf5000 stackSize=1037KB
05-13 12:05:39.250  8741  8794 F zygote64: runtime.cc:523]   at java.lang.Object.wait(Native method)
05-13 12:05:39.250  8741  8794 F zygote64: runtime.cc:523]   - waiting on <0x051e08a4> (a java.lang.Object)
05-13 12:05:39.250  8741  8794 F zygote64: runtime.cc:523]   at java.util.concurrent.ThreadPoolExecutor.getTask(ThreadPoolExecutor.java:1086)
05-13 12:05:39.250  8741  8794 F zygote64: runtime.cc:523]   at java.util.concurrent.ThreadPoolExecutor.runWorker(ThreadPoolExecutor.java:1147)
05-13 12:05:39.250  8741  8794 F zygote64: runtime.cc:523]   | state=S schedstat=( 1500460 324332 9 ) utm=0 stm=0 core=5 HZ=100
05-13 12:05:39.250  8741  8794 F zygote64: runtime.cc:523]   | stack=0x79b3bee000-0x79b3bf0000 stackSize=1037KB
05-13 12:05:39.251  8741  8794 F zygote64: runtime.cc:523]   at java.lang.Object.wait(Native method)
05-13 12:05:39.251  8741  8794 F zygote64: runtime.cc:523]   kernel: (couldn't read /proc/self/task/8827/stack)
05-13 12:05:39.251  8741  8794 F zygote64: runtime.cc:523]   at java.util.concurrent.ThreadPoolExecutor.getTask(ThreadPoolExecutor.java:1086)
--------- beginning of crash
05-13 12:05:39.253  8741  8794 F libc    : Fatal signal 6 (SIGABRT), code -6 in tid 8794 (pool-2-thread-1), pid 8741 (com.x3prep)
05-13 12:05:39.253  1614  1614 D #base_sdk___s: 3rd 查询电池信息, interval:0
05-13 12:05:39.253  1614  1614 D #base_sdk_binary_s: 串口1发送指令hex:414D080D010000FB
05-13 12:05:39.255  1614  1614 I #RobotBasic: 准备上报机器人心跳
05-13 12:05:39.256  1614  1614 I #RobotBasic: push, 上报:robot-open/4740742883/pub, type:1100
05-13 12:05:39.256  1614  1614 I #RobotBasic: message >> {"id":"d18d67c5a4c14afea114261c0f3a798a","m":"{\"t\":1747109139255,\"time\":\"2025-05-13 12:05:39\"}","t":"1100","sn":"PX9717"}
05-13 12:05:39.256  1614  1930 I #PushManager: >> 发送消息, topic:robot-open/4740742883/pub, data:{"id":"d18d67c5a4c14afea114261c0f3a798a","m":"{\"t\":1747109139255,\"time\":\"2025-05-13 12:05:39\"}","t":"1100","sn":"PX9717"}
05-13 12:05:39.260  1614  1614 D NetworkUtils: 运营商代码：46004, 运营商名称: 中国移动
05-13 12:05:39.260   511  5058 I WifiService: getConnectionInfo uid=10273
05-13 12:05:39.262  1614  1614 I network : wifi信号，signalLevel : 4
05-13 12:05:39.262  1614  1614 I network : wifi Ip=192.168.31.60,ssid=PADBOT-WIFI-GUEST
05-13 12:05:39.263  1614  1614 I network : 有线 Ip=192.168.11.202
05-13 12:05:39.264  1614  1614 I network : mac=E2:24:8A:BE:3B:9E
05-13 12:05:39.274  1614  8836 I network : 192.168.11.1 is reachable
05-13 12:05:39.308  8863  8863 I crash_dump64: obtaining output fd from tombstoned, type: kDebuggerdTombstone
05-13 12:05:39.308   407   407 I /system/bin/tombstoned: received crash request for pid 8741
05-13 12:05:39.309  8863  8863 I crash_dump64: performing dump of process 8741 (target tid = 8794)
05-13 12:05:39.309  8863  8863 F DEBUG   : *** *** *** *** *** *** *** *** *** *** *** *** *** *** *** ***
05-13 12:05:39.309  8863  8863 F DEBUG   : Build fingerprint: 'PADBOT/rk3399/rk3399:8.1.0/OPM8.190605.003/125244:userdebug/test-keys'
05-13 12:05:39.309  8863  8863 F DEBUG   : Revision: '0'
05-13 12:05:39.309  8863  8863 F DEBUG   : ABI: 'arm64'
05-13 12:05:39.309  8863  8863 F DEBUG   : pid: 8741, tid: 8794, name: pool-2-thread-1  >>> com.x3prep <<<
05-13 12:05:39.309  8863  8863 F DEBUG   : signal 6 (SIGABRT), code -6 (SI_TKILL), fault addr --------
05-13 12:05:39.311  8863  8863 F DEBUG   : Abort message: 'java_vm_ext.cc:534] JNI DETECTED ERROR IN APPLICATION: can't call float com.slamtec.slamware.robot.Pose.getX() on null object'
05-13 12:05:39.311  8863  8863 F DEBUG   :     x0   0000000000000000  x1   000000000000225a  x2   0000000000000006  x3   0000000000000008
05-13 12:05:39.311  8863  8863 F DEBUG   :     x4   0000000000000000  x5   0000000000000000  x6   0000000000000000  x7   7f7f7f7f7f7f7f7f
05-13 12:05:39.311  8863  8863 F DEBUG   :     x8   0000000000000083  x9   0000000010000000  x10  00000079c11fccc0  x11  0000000000000001
05-13 12:05:39.311  8863  8863 F DEBUG   :     x12  00000079c11fc7b8  x13  ffffffffffffffff  x14  ff00000000000000  x15  ffffffffffffffff
05-13 12:05:39.311  8863  8863 F DEBUG   :     x16  0000005d5a898fa8  x17  0000007a5d9ad52c  x18  0000000000000000  x19  0000000000002225
05-13 12:05:39.311  8863  8863 F DEBUG   :     x20  000000000000225a  x21  0000000000000083  x22  0000000000000002  x23  00000079c11ff588
05-13 12:05:39.311  8863  8863 F DEBUG   :     x24  00000079c11fcd59  x25  0000000000000b94  x26  00000079b4db6c00  x27  0000000000000b93
05-13 12:05:39.311  8863  8863 F DEBUG   :     x28  0000000000000043  x29  00000079c11fcd00  x30  0000007a5d962760
05-13 12:05:39.312  8863  8863 F DEBUG   :     sp   00000079c11fccc0  pc   0000007a5d962788  pstate 0000000060000000
05-13 12:05:39.318  8863  8863 F DEBUG   : 
05-13 12:05:39.318  8863  8863 F DEBUG   : backtrace:
05-13 12:05:39.318  8863  8863 F DEBUG   :     #00 pc 000000000001d788  /system/lib64/libc.so (abort+120)
05-13 12:05:39.318  8863  8863 F DEBUG   :     #01 pc 0000000000475af0  /system/lib64/libart.so (art::Runtime::Abort(char const*)+552)
05-13 12:05:39.318  8863  8863 F DEBUG   :     #02 pc 000000000056b3ec  /system/lib64/libart.so (android::base::LogMessage::~LogMessage()+1004)
05-13 12:05:39.318  8863  8863 F DEBUG   :     #03 pc 00000000002fe620  /system/lib64/libart.so (art::JavaVMExt::JniAbort(char const*, char const*)+1712)
05-13 12:05:39.318  8863  8863 F DEBUG   :     #04 pc 00000000002fe788  /system/lib64/libart.so (art::JavaVMExt::JniAbortV(char const*, char const*, std::__va_list)+108)
05-13 12:05:39.318  8863  8863 F DEBUG   :     #05 pc 000000000010e02c  /system/lib64/libart.so (art::ScopedCheck::AbortF(char const*, ...)+152)
05-13 12:05:39.318  8863  8863 F DEBUG   :     #06 pc 0000000000111b10  /system/lib64/libart.so (art::ScopedCheck::CheckMethodAndSig(art::ScopedObjectAccess&, _jobject*, _jclass*, _jmethodID*, art::Primitive::Type, art::InvokeType)+1584)
05-13 12:05:39.319  8863  8863 F DEBUG   :     #07 pc 00000000001103c4  /system/lib64/libart.so (art::CheckJNI::CallMethodV(char const*, _JNIEnv*, _jobject*, _jclass*, _jmethodID*, std::__va_list, art::Primitive::Type, art::InvokeType)+688)
05-13 12:05:39.319  8863  8863 F DEBUG   :     #08 pc 00000000000feae0  /system/lib64/libart.so (art::CheckJNI::CallFloatMethodV(_JNIEnv*, _jobject*, _jmethodID*, std::__va_list)+84)
05-13 12:05:39.319  8863  8863 F DEBUG   :     #09 pc 000000000023e470  /data/app/com.x3prep-qiJ9bDZoM8AMmNceqGmn5Q==/base.apk (offset 0xf9c000)
05-13 12:05:39.319  8863  8863 F DEBUG   :     #10 pc 0000000000260904  /data/app/com.x3prep-qiJ9bDZoM8AMmNceqGmn5Q==/base.apk (offset 0xf9c000)
05-13 12:05:39.319  8863  8863 F DEBUG   :     #11 pc 0000000000044a14  /data/app/com.x3prep-qiJ9bDZoM8AMmNceqGmn5Q==/oat/arm64/base.odex (offset 0x25000)
05-13 12:05:39.344  1614  8938 I network : 192.168.11.101 is reachable
05-13 12:05:39.348  1304  1400 I #SerialPort: port1,out hex:414D080D010000FB
05-13 12:05:39.424  1304  1401 D #SerialPort: port1,in hex:4D410E0701414D080D010000FB04
05-13 12:05:39.424  2522  2535 D #base_sdk_binary_r: 接收到hex数据:4D410E0701414D080D010000FB04
05-13 12:05:39.425  2522  2535 D EventBus: No subscribers registered for event class cn.inbot.padbotbasesdk.event.ReceiveCommandEvent
05-13 12:05:39.425  2522  2535 D EventBus: No subscribers registered for event class org.greenrobot.eventbus.NoSubscriberEvent
05-13 12:05:39.425  2133  2173 D #base_sdk_binary_r: 接收到hex数据:4D410E0701414D080D010000FB04
05-13 12:05:39.425  2133  2173 D EventBus: No subscribers registered for event class cn.inbot.padbotbasesdk.event.ReceiveCommandEvent
05-13 12:05:39.426  2133  2173 D EventBus: No subscribers registered for event class org.greenrobot.eventbus.NoSubscriberEvent
05-13 12:05:39.426  1614  1907 D #base_sdk_binary_r: 接收到hex数据:4D410E0701414D080D010000FB04
05-13 12:05:39.427  1614  1907 D #RobotBasic: 下位机接收指令-> 返回数据:4D410E0701414D080D010000FB04, 发送:414D080D010000FB
05-13 12:05:39.427  1614  1907 I #RobotBasic: 下位机收到指令:4D410E0701414D080D010000FB04
05-13 12:05:39.428  1407  1627 D #base_sdk_binary_r: 接收到hex数据:4D410E0701414D080D010000FB04
05-13 12:05:39.428  1407  1627 D EventBus: No subscribers registered for event class cn.inbot.padbotbasesdk.event.ReceiveCommandEvent
05-13 12:05:39.428  1407  1627 D EventBus: No subscribers registered for event class org.greenrobot.eventbus.NoSubscriberEvent
05-13 12:05:39.428  2222 10640 I PadBotNavigation: 下位机收到指令:4D410E0701414D080D010000FB04, 414D080D010000FB
05-13 12:05:39.429  1207  1221 D #base_sdk_binary_r: 接收到hex数据:4D410E0701414D080D010000FB04
05-13 12:05:39.429  1535  1744 D #PadBotRobot: 下位机收到的指令:414D080D010000FB
05-13 12:05:39.429  1207  1221 D EventBus: No subscribers registered for event class cn.inbot.padbotbasesdk.event.ReceiveCommandEvent
05-13 12:05:39.430  1207  1221 D EventBus: No subscribers registered for event class org.greenrobot.eventbus.NoSubscriberEvent
05-13 12:05:39.430  1304  1401 D #SerialPort: port1,in hex:4D411A03015126636CABFADC00000A5500000500006CEB0000CF
05-13 12:05:39.430  2522  2535 D #base_sdk_binary_r: 接收到hex数据:4D411A03015126636CABFADC00000A5500000500006CEB0000CF
05-13 12:05:39.430  2522  2535 D #base_sdk___r: 接收到电池数据, 电量百分比:81%
05-13 12:05:39.430  2522  2535 D EventBus: No subscribers registered for event class cn.inbot.padbotbasesdk.event.ReceiveBatteryInfoEvent
05-13 12:05:39.430  2522  2535 D EventBus: No subscribers registered for event class org.greenrobot.eventbus.NoSubscriberEvent
05-13 12:05:39.431  2133  2173 D #base_sdk_binary_r: 接收到hex数据:4D411A03015126636CABFADC00000A5500000500006CEB0000CF
05-13 12:05:39.432  2133  2173 D #base_sdk___r: 接收到电池数据, 电量百分比:81%
05-13 12:05:39.432  2133  2173 D EventBus: No subscribers registered for event class cn.inbot.padbotbasesdk.event.ReceiveBatteryInfoEvent
05-13 12:05:39.432  2133  2173 D EventBus: No subscribers registered for event class org.greenrobot.eventbus.NoSubscriberEvent
05-13 12:05:39.435  1614  1907 D #base_sdk_binary_r: 接收到hex数据:4D411A03015126636CABFADC00000A5500000500006CEB0000CF
05-13 12:05:39.437  1614  1907 D #base_sdk___r: 接收到电池数据, 电量百分比:81%
05-13 12:05:39.437  1614  1907 D #RobotBasic: 电池数据->电量百分比:89%|电量:18671mAh|电压:27819mV|电流:-1316mA|充电电流:0mA |温度:26.449999.C |状态:放电(0) |警告:正常(0) |类型:XLD25.9V(5) |充放电次数:0 |AD电池电压:27883 |容量:20000mAh |充电电流范围:0
05-13 12:05:39.440  1614  1907 I #RobotBasic: 接收到机器人电量, percent:89
05-13 12:05:39.440  1614  1907 I #RobotBasic: 准备上报机器人电量, percentage:89
05-13 12:05:39.441  2222 10640 D PadBotNavigation: --电池状态:0, status:DISCHARGING
05-13 12:05:39.443  1535  1535 D #PadBotRobot: 电池数据, 电量百分比:89|电量:9827|电压:27819|电流:-1316|充电电流:0|温度:26.449999|状态:DISCHARGING|警告:NORMAL|类型:XLD_25_9
05-13 12:05:39.443  1535  1535 D PRPadBotApplication: 实际电量89
05-13 12:05:39.444  1614  1907 I #RobotBasic: push, 上报:robot-open/4740742883/pub, type:1103
05-13 12:05:39.445  1614  1907 I #RobotBasic: message >> {"id":"bf15668f48c742df880cdbc77dc7633b","m":"{\"av\":27883,\"at\":0,\"cp\":0,\"ct\":0,\"cc\":0,\"cr\":-1316,\"pt\":89,\"pw\":9827,\"st\":0,\"tt\":26.449999,\"tp\":5,\"vt\":27819,\"wn\":0}","t":"1103","sn":"PX9717"}
05-13 12:05:39.446  1614 10856 I #RobotBasic: AIDL 请求, flag:Brain, type:1103, data:null
05-13 12:05:39.447  1535  1535 D PRPadBotApplication: 计算电量:89
05-13 12:05:39.447  1614  1907 I #PushManager: >> 发送消息, topic:robot-open/4740742883/pub, data:{"id":"bf15668f48c742df880cdbc77dc7633b","m":"{\"av\":27883,\"at\":0,\"cp\":0,\"ct\":0,\"cc\":0,\"cr\":-1316,\"pt\":89,\"pw\":9827,\"st\":0,\"tt\":26.449999,\"tp\":5,\"vt\":27819,\"wn\":0}","t":"1103","sn":"PX9717"}
05-13 12:05:39.447  1614 10856 I #RobotBasic: AIDL 请求, flag:Brain, type:1103, data:null
05-13 12:05:39.449  1535  1535 I 发送指令: 发送信息给胸前屏幕, message:04%%89
05-13 12:05:39.450  1535  1535 I 发送指令: 准备向胸前扩展屏发送消息
05-13 12:05:39.450  1407  1627 D #base_sdk_binary_r: 接收到hex数据:4D411A03015126636CABFADC00000A5500000500006CEB0000CF
05-13 12:05:39.451  1407  1627 D #base_sdk___r: 接收到电池数据, 电量百分比:81%
05-13 12:05:39.451  1407  1627 D EventBus: No subscribers registered for event class cn.inbot.padbotbasesdk.event.ReceiveBatteryInfoEvent
05-13 12:05:39.451  1407  1627 D EventBus: No subscribers registered for event class org.greenrobot.eventbus.NoSubscriberEvent
05-13 12:05:39.451  1614  1907 I #RobotBasic: AIDL 请求, flag:Brain, type:4000, data:{"data":"04%%89"}
05-13 12:05:39.451  1614  9040 I network : 192.168.11.202 is reachable
05-13 12:05:39.451  1207  1221 D #base_sdk_binary_r: 接收到hex数据:4D411A03015126636CABFADC00000A5500000500006CEB0000CF
05-13 12:05:39.452  1207  1221 D #base_sdk___r: 接收到电池数据, 电量百分比:81%
05-13 12:05:39.452  1614  1907 D #base_sdk___s: 向下蓝牙透传, message:04%%89
05-13 12:05:39.452  1207  1221 D EventBus: No subscribers registered for event class cn.inbot.padbotbasesdk.event.ReceiveBatteryInfoEvent
05-13 12:05:39.452  1207  1221 D EventBus: No subscribers registered for event class org.greenrobot.eventbus.NoSubscriberEvent
05-13 12:05:39.452  1614  1907 D #base_sdk___s: 3rd 向下蓝牙透传, message:04%%89*
05-13 12:05:39.452  1614  1907 D #base_sdk_binary_s: 串口1发送指令hex:414D120A007463733A3034252538392A23B5
05-13 12:05:39.453  1535  1535 I zxw     : 发送信息给胸前屏幕, message:04%%89
05-13 12:05:39.453  1535  1535 I zxw     : 准备向胸前扩展屏发送消息
05-13 12:05:39.454  1535  1535 D EventBus: No subscribers registered for event class cn.inbot.padbotrobot.speech.event.RobotVoltageEvent
05-13 12:05:39.454  1535  1535 D EventBus: No subscribers registered for event class org.greenrobot.eventbus.NoSubscriberEvent
05-13 12:05:39.484  1535  2393 I zxw     : 发送指令 : 04%%89 , queue length : 0
05-13 12:05:39.485  2133  2173 D x2communication_log: not find device
05-13 12:05:39.499   511   521 I zygote64: Background concurrent copying GC freed 286260(8MB) AllocSpace objects, 5(228KB) LOS objects, 42% free, 10MB/18MB, paused 102us total 139.731ms
05-13 12:05:39.512  1614  9083 I network : 192.168.11.242 is reachable
05-13 12:05:39.520  1304  1401 D #SerialPort: port1,in hex:4D41180701414D120A007463733A3034252538392A23B512
05-13 12:05:39.521  2522  2535 D #base_sdk_binary_r: 接收到hex数据:4D41180701414D120A007463733A3034252538392A23B512
05-13 12:05:39.521  2522  2535 D EventBus: No subscribers registered for event class cn.inbot.padbotbasesdk.event.ReceiveCommandEvent
05-13 12:05:39.521  2522  2535 D EventBus: No subscribers registered for event class org.greenrobot.eventbus.NoSubscriberEvent
05-13 12:05:39.521  2133  2173 D #base_sdk_binary_r: 接收到hex数据:4D41180701414D120A007463733A3034252538392A23B512
05-13 12:05:39.521  2133  2173 D EventBus: No subscribers registered for event class cn.inbot.padbotbasesdk.event.ReceiveCommandEvent
05-13 12:05:39.522  2133  2173 D EventBus: No subscribers registered for event class org.greenrobot.eventbus.NoSubscriberEvent
05-13 12:05:39.533  1614  1907 D #base_sdk_binary_r: 接收到hex数据:4D41180701414D120A007463733A3034252538392A23B512
05-13 12:05:39.533  1614  1907 D #RobotBasic: 下位机接收指令-> 返回数据:4D41180701414D120A007463733A3034252538392A23B512, 发送:414D120A007463733A3034252538392A23B5
05-13 12:05:39.533  1614  1907 I #RobotBasic: 下位机收到指令:4D41180701414D120A007463733A3034252538392A23B512
05-13 12:05:39.535  1407  1627 D #base_sdk_binary_r: 接收到hex数据:4D41180701414D120A007463733A3034252538392A23B512
05-13 12:05:39.535  1407  1627 D EventBus: No subscribers registered for event class cn.inbot.padbotbasesdk.event.ReceiveCommandEvent
05-13 12:05:39.535  1407  1627 D EventBus: No subscribers registered for event class org.greenrobot.eventbus.NoSubscriberEvent
05-13 12:05:39.536  1207 10498 D #base_sdk_binary_r: 接收到hex数据:4D41180701414D120A007463733A3034252538392A23B512
05-13 12:05:39.536  1207 10498 D EventBus: No subscribers registered for event class cn.inbot.padbotbasesdk.event.ReceiveCommandEvent
05-13 12:05:39.536  1207 10498 D EventBus: No subscribers registered for event class org.greenrobot.eventbus.NoSubscriberEvent
05-13 12:05:39.536  1304  1401 D #SerialPort: port1,in hex:4D411403002CFF4A4A154A080CFEFEFEFE010160
05-13 12:05:39.537  2522  2535 D #base_sdk_binary_r: 接收到hex数据:4D411403002CFF4A4A154A080CFEFEFEFE010160
05-13 12:05:39.537  2522  2535 D #base_sdk___r: 接收到测距数据
05-13 12:05:39.537  2522  2535 D EventBus: No subscribers registered for event class cn.inbot.padbotbasesdk.event.ReceiveRangingDataEvent
05-13 12:05:39.537  2522  2535 D EventBus: No subscribers registered for event class org.greenrobot.eventbus.NoSubscriberEvent
05-13 12:05:39.537  2522  2535 D EventBus: No subscribers registered for event class cn.inbot.padbotbasesdk.event.Receive2ndRangingDataEvent
05-13 12:05:39.537  2522  2535 D EventBus: No subscribers registered for event class org.greenrobot.eventbus.NoSubscriberEvent
05-13 12:05:39.537  2133  2173 D #base_sdk_binary_r: 接收到hex数据:4D411403002CFF4A4A154A080CFEFEFEFE010160
05-13 12:05:39.537  2133  2173 D #base_sdk___r: 接收到测距数据
05-13 12:05:39.537  2133  2173 D EventBus: No subscribers registered for event class cn.inbot.padbotbasesdk.event.ReceiveRangingDataEvent
05-13 12:05:39.537  2133  2173 D EventBus: No subscribers registered for event class org.greenrobot.eventbus.NoSubscriberEvent
05-13 12:05:39.538  2133  2173 D EventBus: No subscribers registered for event class cn.inbot.padbotbasesdk.event.Receive2ndRangingDataEvent
05-13 12:05:39.538  2133  2173 D EventBus: No subscribers registered for event class org.greenrobot.eventbus.NoSubscriberEvent
05-13 12:05:39.538  1614  1907 D #base_sdk_binary_r: 接收到hex数据:4D411403002CFF4A4A154A080CFEFEFEFE010160
05-13 12:05:39.540  1407  1627 D #base_sdk_binary_r: 接收到hex数据:4D411403002CFF4A4A154A080CFEFEFEFE010160
05-13 12:05:39.541  1407  1627 D EventBus: No subscribers registered for event class cn.inbot.padbotbasesdk.event.ReceiveRangingDataEvent
05-13 12:05:39.541  1407  1627 D EventBus: No subscribers registered for event class org.greenrobot.eventbus.NoSubscriberEvent
05-13 12:05:39.541  1407  1627 D EventBus: No subscribers registered for event class cn.inbot.padbotbasesdk.event.Receive2ndRangingDataEvent
05-13 12:05:39.541  1407  1627 D EventBus: No subscribers registered for event class org.greenrobot.eventbus.NoSubscriberEvent
05-13 12:05:39.541  1207 10498 D #base_sdk_binary_r: 接收到hex数据:4D411403002CFF4A4A154A080CFEFEFEFE010160
05-13 12:05:39.541  1207 10498 D EventBus: No subscribers registered for event class cn.inbot.padbotbasesdk.event.ReceiveRangingDataEvent
05-13 12:05:39.541  1207 10498 D EventBus: No subscribers registered for event class org.greenrobot.eventbus.NoSubscriberEvent
05-13 12:05:39.541  1207 10498 D EventBus: No subscribers registered for event class cn.inbot.padbotbasesdk.event.Receive2ndRangingDataEvent
05-13 12:05:39.541  1207 10498 D EventBus: No subscribers registered for event class org.greenrobot.eventbus.NoSubscriberEvent
05-13 12:05:39.556  2222 10640 I PadBotNavigation: 下位机收到指令:4D41180701414D120A007463733A3034252538392A23B512, 414D120A007463733A3034252538392A23B5
05-13 12:05:39.558  1535  1744 D #PadBotRobot: 下位机收到的指令:414D120A007463733A3034252538392A23B5
05-13 12:05:39.561  2222 10640 D EventBus: No subscribers registered for event class cn.inbot.basiclib.event.ReceiveRangingDataEvent
05-13 12:05:39.561  2222 10640 D EventBus: No subscribers registered for event class org.greenrobot.eventbus.NoSubscriberEvent
05-13 12:05:39.564  2222 10640 D EventBus: No subscribers registered for event class cn.inbot.basiclib.event.Receive2ndRangingDataEvent
05-13 12:05:39.564  2222 10640 D EventBus: No subscribers registered for event class org.greenrobot.eventbus.NoSubscriberEvent
05-13 12:05:39.565  1535  1535 D __padbot_receive: 测距数据, 底左:74|地:12|底右:21|底后:74|头前:44
05-13 12:05:39.566  1535  1535 D EventBus: No subscribers registered for event class cn.inbot.padbotrobot.event.InfraEvent
05-13 12:05:39.566  1535  1535 D EventBus: No subscribers registered for event class org.greenrobot.eventbus.NoSubscriberEvent
05-13 12:05:39.568  1614  1642 I zygote64: Waiting for a blocking GC ProfileSaver
05-13 12:05:39.582  1614  1631 I zygote64: Background concurrent copying GC freed 10029(3MB) AllocSpace objects, 0(0B) LOS objects, 49% free, 6MB/12MB, paused 552us total 128.634ms
05-13 12:05:39.582  1614  1642 I zygote64: WaitForGcToComplete blocked ProfileSaver on HeapTrim for 14.583ms
05-13 12:05:39.609  1535 32725 D -ExtensionManager: 接收到扩展机Event: heart_beat
05-13 12:05:39.610  1535 32725 D ExtensionCommunicateService: onEvent:heart_beat detail:{"wifiIp":"192.168.22.252","port":50001,"ethernetIp":"192.168.11.242"}
05-13 12:05:39.610  1535 32725 D -ExtensionManager: 接收到心跳事件: {"wifiIp":"192.168.22.252","port":50001,"ethernetIp":"192.168.11.242"}
05-13 12:05:39.610  1535 32725 D NetworkUtils: ping ip:192.168.22.252
05-13 12:05:39.895  2222  2508 D PadBotNavigation: 机器人当前位置:worldGoord=(-6.436654567718506,-15.153412818908691,-1.4445772171020508),gridCoord=(21,189,-82), mileage:6155
05-13 12:05:39.927  2522  2522 D EventBus: No subscribers registered for event class cn.inbot.padbotapplauncher.event.OnUnLockRobotEvent
05-13 12:05:39.928  2522  2522 D EventBus: No subscribers registered for event class org.greenrobot.eventbus.NoSubscriberEvent
05-13 12:05:40.032  1304  1401 D #SerialPort: port1,in hex:4D4114030029FF4A4A144A080CFEFEFEFE010164
05-13 12:05:40.032  2522  2535 D #base_sdk_binary_r: 接收到hex数据:4D4114030029FF4A4A144A080CFEFEFEFE010164
05-13 12:05:40.032  2522  2535 D #base_sdk___r: 接收到测距数据
05-13 12:05:40.032  2522  2535 D EventBus: No subscribers registered for event class cn.inbot.padbotbasesdk.event.ReceiveRangingDataEvent
05-13 12:05:40.032  2522  2535 D EventBus: No subscribers registered for event class org.greenrobot.eventbus.NoSubscriberEvent
05-13 12:05:40.033  2522  2535 D EventBus: No subscribers registered for event class cn.inbot.padbotbasesdk.event.Receive2ndRangingDataEvent
05-13 12:05:40.033  2522  2535 D EventBus: No subscribers registered for event class org.greenrobot.eventbus.NoSubscriberEvent
05-13 12:05:40.033  2133  2173 D #base_sdk_binary_r: 接收到hex数据:4D4114030029FF4A4A144A080CFEFEFEFE010164
05-13 12:05:40.033  2133  2173 D #base_sdk___r: 接收到测距数据
05-13 12:05:40.033  2133  2173 D EventBus: No subscribers registered for event class cn.inbot.padbotbasesdk.event.ReceiveRangingDataEvent
05-13 12:05:40.033  2133  2173 D EventBus: No subscribers registered for event class org.greenrobot.eventbus.NoSubscriberEvent
05-13 12:05:40.033  2133  2173 D EventBus: No subscribers registered for event class cn.inbot.padbotbasesdk.event.Receive2ndRangingDataEvent
05-13 12:05:40.033  2133  2173 D EventBus: No subscribers registered for event class org.greenrobot.eventbus.NoSubscriberEvent
05-13 12:05:40.033  1614  1907 D #base_sdk_binary_r: 接收到hex数据:4D4114030029FF4A4A144A080CFEFEFEFE010164
05-13 12:05:40.034  2222 10640 D EventBus: No subscribers registered for event class cn.inbot.basiclib.event.ReceiveRangingDataEvent
05-13 12:05:40.034  2222 10640 D EventBus: No subscribers registered for event class org.greenrobot.eventbus.NoSubscriberEvent
05-13 12:05:40.035  1407  1627 D #base_sdk_binary_r: 接收到hex数据:4D4114030029FF4A4A144A080CFEFEFEFE010164
05-13 12:05:40.035  1407  1627 D EventBus: No subscribers registered for event class cn.inbot.padbotbasesdk.event.ReceiveRangingDataEvent
05-13 12:05:40.035  1407  1627 D EventBus: No subscribers registered for event class org.greenrobot.eventbus.NoSubscriberEvent
05-13 12:05:40.035  1407  1627 D EventBus: No subscribers registered for event class cn.inbot.padbotbasesdk.event.Receive2ndRangingDataEvent
05-13 12:05:40.035  1407  1627 D EventBus: No subscribers registered for event class org.greenrobot.eventbus.NoSubscriberEvent
