05-13 12:05:28.972  8741  8772 D mali_so : current process is NOT sf, to bail out.
05-13 12:05:28.978   251   251 I [Gralloc]: Got fd 16 for handle 1
05-13 12:05:28.979   251   251 I [Gralloc]: leave, w : 800, h : 1280, format : 0x1,internal_format : 0x1, usage : 0x900. size=4096000,pixel_stride=800,byte_stride=3200
05-13 12:05:28.979   251   251 I [Gralloc]: leave: prime_fd=16,share_attr_fd=17
05-13 12:05:28.979   260   303 I [Gralloc]: Got handle 3 for fd 131
05-13 12:05:28.979   260   303 I [Gralloc]: leave, w : 800, h : 1280, format : 0x1,internal_format : 0x1, usage : 0x900. size=4096000,pixel_stride=800,byte_stride=3200
05-13 12:05:28.979   260   303 I [Gralloc]: leave: prime_fd=131,share_attr_fd=133
05-13 12:05:28.986   251   372 I [Gralloc]: Got fd 16 for handle 1
05-13 12:05:28.987   251   372 I [Gralloc]: leave, w : 800, h : 1280, format : 0x1,internal_format : 0x1, usage : 0x900. size=4096000,pixel_stride=800,byte_stride=3200
05-13 12:05:28.987   251   372 I [Gralloc]: leave: prime_fd=16,share_attr_fd=17
05-13 12:05:28.987   260   303 I [Gralloc]: Got handle 17 for fd 140
05-13 12:05:28.987  8741  8764 W unknown:BridgelessReact: ReactHost{0}.getOrCreateReactInstanceTask(): Loading JS Bundle
05-13 12:05:28.987   260   303 I [Gralloc]: leave, w : 800, h : 1280, format : 0x1,internal_format : 0x1, usage : 0x900. size=4096000,pixel_stride=800,byte_stride=3200
05-13 12:05:28.987   260   303 I [Gralloc]: leave: prime_fd=140,share_attr_fd=141
05-13 12:05:28.989   252   332 E hwc_rk  : hwc_get_handle_layername:cann't get value from gralloc
05-13 12:05:28.994  8741  8772 I com.x3prep: android::hardware::configstore::V1_0::ISurfaceFlingerConfigs::hasWideColorDisplay retrieved: 0
05-13 12:05:28.994  8741  8772 I OpenGLRenderer: Initialized EGL, version 1.4
05-13 12:05:28.994  8741  8772 D OpenGLRenderer: Swap behavior 2
05-13 12:05:28.995   251   251 I [Gralloc]: Got fd 16 for handle 1
05-13 12:05:28.995   251   251 I [Gralloc]: leave, w : 800, h : 1280, format : 0x1,internal_format : 0x1, usage : 0x900. size=4096000,pixel_stride=800,byte_stride=3200
05-13 12:05:28.995   251   251 I [Gralloc]: leave: prime_fd=16,share_attr_fd=17
05-13 12:05:28.995   260   303 I [Gralloc]: Got handle 21 for fd 159
05-13 12:05:28.995   260   303 I [Gralloc]: leave, w : 800, h : 1280, format : 0x1,internal_format : 0x1, usage : 0x900. size=4096000,pixel_stride=800,byte_stride=3200
05-13 12:05:28.995   260   303 I [Gralloc]: leave: prime_fd=159,share_attr_fd=162
05-13 12:05:29.002   251   372 I [Gralloc]: Got fd 16 for handle 1
05-13 12:05:29.003   251   372 I [Gralloc]: leave, w : 800, h : 1280, format : 0x1,internal_format : 0x1, usage : 0x900. size=4096000,pixel_stride=800,byte_stride=3200
05-13 12:05:29.003   251   372 I [Gralloc]: leave: prime_fd=16,share_attr_fd=17
05-13 12:05:29.004   260   303 I [Gralloc]: Got handle 22 for fd 165
05-13 12:05:29.004   260   303 I [Gralloc]: leave, w : 800, h : 1280, format : 0x1,internal_format : 0x1, usage : 0x900. size=4096000,pixel_stride=800,byte_stride=3200
05-13 12:05:29.004   260   303 I [Gralloc]: leave: prime_fd=165,share_attr_fd=170
05-13 12:05:29.007   252   252 E hwc_rk  : hwc_get_handle_layername:cann't get value from gralloc
05-13 12:05:29.010  8741  8772 D mali_winsys: EGLint new_window_surface(egl_winsys_display *, void *, EGLSurface, EGLConfig, egl_winsys_surface **, egl_color_buffer_format *, EGLBoolean) returns 0x3000
05-13 12:05:29.016  8741  8764 W unknown:BridgelessReact: ReactHost{0}.getOrCreateReactInstanceTask(): Calling DevSupportManagerBase.onNewReactContextCreated(reactContext)
05-13 12:05:29.022   685   685 I GoogleInputMethodService: GoogleInputMethodService.onFinishInput():3340 
05-13 12:05:29.024   685   685 I GoogleInputMethodService: GoogleInputMethodService.onStartInput():1929 
05-13 12:05:29.025   252   252 E hwc_rk  : hwc_get_handle_layername:cann't get value from gralloc
05-13 12:05:29.025  8741  8764 W unknown:BridgelessReact: ReactHost{0}.startSurface(surfaceId = 0): Execute
05-13 12:05:29.041   251   372 I [Gralloc]: Got fd 16 for handle 1
05-13 12:05:29.042   251   372 I [Gralloc]: leave, w : 800, h : 1280, format : 0x1,internal_format : 0x1, usage : 0xb00. size=4096000,pixel_stride=800,byte_stride=3200
05-13 12:05:29.042   251   372 I [Gralloc]: leave: prime_fd=16,share_attr_fd=17
05-13 12:05:29.042   260   369 I [Gralloc]: Got handle 22 for fd 170
05-13 12:05:29.042   260   369 I [Gralloc]: leave, w : 800, h : 1280, format : 0x1,internal_format : 0x1, usage : 0xb00. size=4096000,pixel_stride=800,byte_stride=3200
05-13 12:05:29.042   260   369 I [Gralloc]: leave: prime_fd=170,share_attr_fd=171
05-13 12:05:29.043   252   252 E hwc_rk  : hwc_get_handle_layername:cann't get value from gralloc
05-13 12:05:29.046  1207  1207 D LockRobotService: lock status:2
05-13 12:05:29.046  1207  1207 D EventBus: No subscribers registered for event class cn.inbot.padbotlauncher.event.OnUnLockRobotEvent
05-13 12:05:29.046  1207  1207 D EventBus: No subscribers registered for event class org.greenrobot.eventbus.NoSubscriberEvent
05-13 12:05:29.063  1535  2419 I PBTimerManager: 定时执行：心跳任务
05-13 12:05:29.070  8741  8772 I [Gralloc]: Got handle 1 for fd 61
05-13 12:05:29.071  8741  8772 I [Gralloc]: leave, w : 800, h : 1280, format : 0x1,internal_format : 0x1, usage : 0xb00. size=4096000,pixel_stride=800,byte_stride=3200
05-13 12:05:29.071  8741  8772 I [Gralloc]: leave: prime_fd=61,share_attr_fd=62
05-13 12:05:29.073  8741  8768 W unknown:ViewManagerPropertyUpdater: Could not find generated setter for class com.facebook.react.views.debuggingoverlay.DebuggingOverlayManager
05-13 12:05:29.088  8741  8741 W unknown:ReactNative: Packager connection already open, nooping.
05-13 12:05:29.089  8741  8741 W unknown:BridgelessReact: ReactContext.onHostResume()
05-13 12:05:29.089  8741  8741 W unknown:BridgelessReact: ReactHost{0}.getOrCreateReactInstanceTask(): Executing ReactInstanceEventListeners
05-13 12:05:29.091  8741  8741 I ReactNativeJNI: Error occurred, shutting down websocket connection: WebSocket exception Failed to connect to localhost/127.0.0.1:8081
05-13 12:05:29.091  8741  8741 W ReactNativeJNI: Couldn't connect to packager, will silently retry
05-13 12:05:29.091   511   541 I ActivityManager: Displayed com.x3prep/com.robotgui.MainActivity: +771ms
05-13 12:05:29.103  8741  8768 W unknown:ViewManagerPropertyUpdater: Could not find generated setter for class com.facebook.react.uimanager.LayoutShadowNode
05-13 12:05:29.124  8741  8768 W unknown:ViewManagerPropertyUpdater: Could not find generated setter for class com.facebook.react.views.safeareaview.ReactSafeAreaViewManager
05-13 12:05:29.127  8741  8768 W unknown:ViewManagerPropertyUpdater: Could not find generated setter for class com.facebook.react.views.safeareaview.ReactSafeAreaViewShadowNode
05-13 12:05:29.132   252   252 I [Gralloc]: Got handle 1 for fd 46
05-13 12:05:29.132   252   252 I [Gralloc]: leave, w : 800, h : 1280, format : 0x1,internal_format : 0x1, usage : 0xb00. size=4096000,pixel_stride=800,byte_stride=3200
05-13 12:05:29.133   252   252 I [Gralloc]: leave: prime_fd=46,share_attr_fd=62
05-13 12:05:29.138  8741  8768 W unknown:ViewManagerPropertyUpdater: Could not find generated setter for class com.facebook.react.views.modal.ReactModalHostManager
05-13 12:05:29.153  1304  1401 D #SerialPort: port1,in hex:4D4114030012FF4A2B1A4A080CFEFEFEFE010130
05-13 12:05:29.153  8741  8768 W unknown:ViewManagerPropertyUpdater: Could not find generated setter for class com.facebook.react.views.text.frescosupport.FrescoBasedReactTextInlineImageViewManager
05-13 12:05:29.154  2522  2535 D #base_sdk_binary_r: 接收到hex数据:4D4114030012FF4A2B1A4A080CFEFEFEFE010130
05-13 12:05:29.154  2522  2535 D #base_sdk___r: 接收到测距数据
05-13 12:05:29.154  2522  2535 D EventBus: No subscribers registered for event class cn.inbot.padbotbasesdk.event.ReceiveRangingDataEvent
05-13 12:05:29.154  2522  2535 D EventBus: No subscribers registered for event class org.greenrobot.eventbus.NoSubscriberEvent
05-13 12:05:29.154  2522  2535 D EventBus: No subscribers registered for event class cn.inbot.padbotbasesdk.event.Receive2ndRangingDataEvent
05-13 12:05:29.154  2522  2535 D EventBus: No subscribers registered for event class org.greenrobot.eventbus.NoSubscriberEvent
05-13 12:05:29.155  8741  8768 W unknown:ViewManagerPropertyUpdater: Could not find generated setter for class com.facebook.react.views.text.frescosupport.FrescoBasedReactTextInlineImageShadowNode
05-13 12:05:29.155  2133  2173 D #base_sdk_binary_r: 接收到hex数据:4D4114030012FF4A2B1A4A080CFEFEFEFE010130
05-13 12:05:29.155  2133  2173 D #base_sdk___r: 接收到测距数据
05-13 12:05:29.155  2133  2173 D EventBus: No subscribers registered for event class cn.inbot.padbotbasesdk.event.ReceiveRangingDataEvent
05-13 12:05:29.155  2133  2173 D EventBus: No subscribers registered for event class org.greenrobot.eventbus.NoSubscriberEvent
05-13 12:05:29.156  2133  2173 D EventBus: No subscribers registered for event class cn.inbot.padbotbasesdk.event.Receive2ndRangingDataEvent
05-13 12:05:29.156  2133  2173 D EventBus: No subscribers registered for event class org.greenrobot.eventbus.NoSubscriberEvent
05-13 12:05:29.156  1614  1907 D #base_sdk_binary_r: 接收到hex数据:4D4114030012FF4A2B1A4A080CFEFEFEFE010130
05-13 12:05:29.158  2222 10640 D EventBus: No subscribers registered for event class cn.inbot.basiclib.event.ReceiveRangingDataEvent
05-13 12:05:29.158  2222 10640 D EventBus: No subscribers registered for event class org.greenrobot.eventbus.NoSubscriberEvent
05-13 12:05:29.159  1407  1627 D #base_sdk_binary_r: 接收到hex数据:4D4114030012FF4A2B1A4A080CFEFEFEFE010130
05-13 12:05:29.159  1407  1627 D EventBus: No subscribers registered for event class cn.inbot.padbotbasesdk.event.ReceiveRangingDataEvent
05-13 12:05:29.159  1407  1627 D EventBus: No subscribers registered for event class org.greenrobot.eventbus.NoSubscriberEvent
05-13 12:05:29.159  1407  1627 D EventBus: No subscribers registered for event class cn.inbot.padbotbasesdk.event.Receive2ndRangingDataEvent
05-13 12:05:29.159  1407  1627 D EventBus: No subscribers registered for event class org.greenrobot.eventbus.NoSubscriberEvent
05-13 12:05:29.159  1207  1221 D #base_sdk_binary_r: 接收到hex数据:4D4114030012FF4A2B1A4A080CFEFEFEFE010130
05-13 12:05:29.159  1207  1221 D EventBus: No subscribers registered for event class cn.inbot.padbotbasesdk.event.ReceiveRangingDataEvent
05-13 12:05:29.159  1207  1221 D EventBus: No subscribers registered for event class org.greenrobot.eventbus.NoSubscriberEvent
05-13 12:05:29.159  1207  1221 D EventBus: No subscribers registered for event class cn.inbot.padbotbasesdk.event.Receive2ndRangingDataEvent
05-13 12:05:29.159  1207  1221 D EventBus: No subscribers registered for event class org.greenrobot.eventbus.NoSubscriberEvent
05-13 12:05:29.160  2222 10640 D EventBus: No subscribers registered for event class cn.inbot.basiclib.event.Receive2ndRangingDataEvent
05-13 12:05:29.161  2222 10640 D EventBus: No subscribers registered for event class org.greenrobot.eventbus.NoSubscriberEvent
05-13 12:05:29.162  1535  1535 D __padbot_receive: 测距数据, 底左:43|地:12|底右:26|底后:74|头前:18
05-13 12:05:29.162  1535  1535 D EventBus: No subscribers registered for event class cn.inbot.padbotrobot.event.InfraEvent
05-13 12:05:29.162  1535  1535 D EventBus: No subscribers registered for event class org.greenrobot.eventbus.NoSubscriberEvent
05-13 12:05:29.169  8741  8768 W unknown:ViewManagerPropertyUpdater: Could not find generated setter for class com.facebook.react.views.progressbar.ReactProgressBarViewManager
05-13 12:05:29.172  8741  8768 W unknown:ViewManagerPropertyUpdater: Could not find generated setter for class com.facebook.react.views.progressbar.ProgressBarShadowNode
05-13 12:05:29.178  8741  8746 I zygote64: Do full code cache collection, code=124KB, data=85KB
05-13 12:05:29.179  8741  8746 I zygote64: After code cache collection, code=101KB, data=56KB
05-13 12:05:29.186  8741  8768 W unknown:ViewManagerPropertyUpdater: Could not find generated setter for class com.facebook.react.views.scroll.ReactHorizontalScrollViewManager
05-13 12:05:29.206  8741  8768 W unknown:ViewManagerPropertyUpdater: Could not find generated setter for class com.facebook.react.views.image.ReactImageManager
05-13 12:05:29.226  8741  8768 W unknown:ViewManagerPropertyUpdater: Could not find generated setter for class com.facebook.react.views.text.ReactTextViewManager
05-13 12:05:29.234  8741  8768 W unknown:ViewManagerPropertyUpdater: Could not find generated setter for class com.facebook.react.views.text.ReactTextShadowNode
05-13 12:05:29.257  8741  8768 W unknown:ViewManagerPropertyUpdater: Could not find generated setter for class com.facebook.react.views.scroll.ReactHorizontalScrollContainerViewManager
05-13 12:05:29.278  8741  8768 W unknown:ViewManagerPropertyUpdater: Could not find generated setter for class com.facebook.react.views.unimplementedview.ReactUnimplementedViewManager
05-13 12:05:29.291  8741  8768 W unknown:ViewManagerPropertyUpdater: Could not find generated setter for class com.facebook.react.views.scroll.ReactScrollViewManager
05-13 12:05:29.307  8741  8768 W unknown:ViewManagerPropertyUpdater: Could not find generated setter for class com.facebook.react.views.view.ReactViewManager
05-13 12:05:29.318  8741  8768 W unknown:ViewManagerPropertyUpdater: Could not find generated setter for class com.facebook.react.views.drawer.ReactDrawerLayoutManager
05-13 12:05:29.329  8741  8768 W unknown:ViewManagerPropertyUpdater: Could not find generated setter for class com.facebook.react.views.switchview.ReactSwitchManager
05-13 12:05:29.332  8741  8768 W unknown:ViewManagerPropertyUpdater: Could not find generated setter for class com.facebook.react.views.switchview.ReactSwitchShadowNode
05-13 12:05:29.339  8741  8768 W unknown:ViewManagerPropertyUpdater: Could not find generated setter for class com.facebook.react.views.text.ReactVirtualTextViewManager
05-13 12:05:29.339  8741  8768 W unknown:ViewManagerPropertyUpdater: Could not find generated setter for class com.facebook.react.views.text.ReactVirtualTextShadowNode
05-13 12:05:29.348  8741  8768 W unknown:ViewManagerPropertyUpdater: Could not find generated setter for class com.facebook.react.views.swiperefresh.SwipeRefreshLayoutManager
05-13 12:05:29.355  8741  8768 W unknown:ViewManagerPropertyUpdater: Could not find generated setter for class com.facebook.react.views.text.ReactRawTextManager
05-13 12:05:29.356  8741  8768 W unknown:ViewManagerPropertyUpdater: Could not find generated setter for class com.facebook.react.views.text.ReactRawTextShadowNode
05-13 12:05:29.368  8741  8768 W unknown:ViewManagerPropertyUpdater: Could not find generated setter for class com.facebook.react.views.textinput.ReactTextInputManager
05-13 12:05:29.381  8741  8768 W unknown:ViewManagerPropertyUpdater: Could not find generated setter for class com.facebook.react.views.textinput.ReactTextInputShadowNode
05-13 12:05:29.393  2222  2508 D PadBotNavigation: 机器人当前位置:worldGoord=(-6.436654567718506,-15.153412818908691,-1.4454025030136108),gridCoord=(21,189,-82), mileage:6155
05-13 12:05:29.397  8741  8768 I ReactNativeJS: Running "X3-Prep"
05-13 12:05:29.593  8741  8795 D SlamtecUtilsModule: SDK Health Check: Starting connection to 192.168.11.1:1445
05-13 12:05:29.596  1535 32725 D -ExtensionManager: 接收到扩展机Event: heart_beat
05-13 12:05:29.596  1535 32725 D ExtensionCommunicateService: onEvent:heart_beat detail:{"wifiIp":"192.168.22.252","port":50001,"ethernetIp":"192.168.11.242"}
05-13 12:05:29.596  1535 32725 D -ExtensionManager: 接收到心跳事件: {"wifiIp":"192.168.22.252","port":50001,"ethernetIp":"192.168.11.242"}
05-13 12:05:29.597  1535 32725 D NetworkUtils: ping ip:192.168.22.252
05-13 12:05:29.608  8741  8795 D SlamtecUtilsModule: SDK Health Check: Calling SlamwareSdpPlatform.connect()
05-13 12:05:29.619  8741  8746 I zygote64: Do partial code cache collection, code=123KB, data=81KB
05-13 12:05:29.619  8741  8746 I zygote64: After code cache collection, code=123KB, data=81KB
05-13 12:05:29.619  8741  8746 I zygote64: Increasing code cache capacity to 512KB
05-13 12:05:29.629  8741  8795 D SlamtecUtilsModule: SDK Health Check: Connection successful
05-13 12:05:29.638  8741  8795 D SlamtecUtilsModule: SDK Health Check: Getting robot health
05-13 12:05:29.643  8741  8795 D SlamtecUtilsModule: SDK Health Check: Health info - Error: false, Warning: false, Fatal: false
05-13 12:05:29.654  8741  8795 D SlamtecUtilsModule: SDK Health Check: Complete health response: {"hasError":false,"hasWarning":false,"hasFatal":false}
05-13 12:05:29.654  8741  8795 D SlamtecUtilsModule: SDK Health Check: Disconnecting from platform
05-13 12:05:29.656  8741  8795 D SlamtecUtilsModule: SDK Health Check: Disconnected successfully
05-13 12:05:29.657  8741  8795 D SlamtecUtilsModule: SDK Health Check: Final result - deviceFound: true
05-13 12:05:29.745  1304  1401 D #SerialPort: port1,in hex:4D4114030014FF4A2D164A080CFEFEFEFE01013C
05-13 12:05:29.746  2522  2535 D #base_sdk_binary_r: 接收到hex数据:4D4114030014FF4A2D164A080CFEFEFEFE01013C
05-13 12:05:29.746  2522  2535 D #base_sdk___r: 接收到测距数据
05-13 12:05:29.746  2522  2535 D EventBus: No subscribers registered for event class cn.inbot.padbotbasesdk.event.ReceiveRangingDataEvent
05-13 12:05:29.746  2522  2535 D EventBus: No subscribers registered for event class org.greenrobot.eventbus.NoSubscriberEvent
05-13 12:05:29.747  2522  2535 D EventBus: No subscribers registered for event class cn.inbot.padbotbasesdk.event.Receive2ndRangingDataEvent
05-13 12:05:29.747  2522  2535 D EventBus: No subscribers registered for event class org.greenrobot.eventbus.NoSubscriberEvent
05-13 12:05:29.748  2133  2173 D #base_sdk_binary_r: 接收到hex数据:4D4114030014FF4A2D164A080CFEFEFEFE01013C
05-13 12:05:29.748  2133  2173 D #base_sdk___r: 接收到测距数据
05-13 12:05:29.748  2133  2173 D EventBus: No subscribers registered for event class cn.inbot.padbotbasesdk.event.ReceiveRangingDataEvent
05-13 12:05:29.748  2133  2173 D EventBus: No subscribers registered for event class org.greenrobot.eventbus.NoSubscriberEvent
05-13 12:05:29.748  2133  2173 D EventBus: No subscribers registered for event class cn.inbot.padbotbasesdk.event.Receive2ndRangingDataEvent
05-13 12:05:29.748  2133  2173 D EventBus: No subscribers registered for event class org.greenrobot.eventbus.NoSubscriberEvent
05-13 12:05:29.749  1614  1907 D #base_sdk_binary_r: 接收到hex数据:4D4114030014FF4A2D164A080CFEFEFEFE01013C
05-13 12:05:29.751  2222 10640 D EventBus: No subscribers registered for event class cn.inbot.basiclib.event.ReceiveRangingDataEvent
05-13 12:05:29.752  1407  1627 D #base_sdk_binary_r: 接收到hex数据:4D4114030014FF4A2D164A080CFEFEFEFE01013C
05-13 12:05:29.752  2222 10640 D EventBus: No subscribers registered for event class org.greenrobot.eventbus.NoSubscriberEvent
05-13 12:05:29.752  1407  1627 D EventBus: No subscribers registered for event class cn.inbot.padbotbasesdk.event.ReceiveRangingDataEvent
05-13 12:05:29.752  1407  1627 D EventBus: No subscribers registered for event class org.greenrobot.eventbus.NoSubscriberEvent
05-13 12:05:29.752  1407  1627 D EventBus: No subscribers registered for event class cn.inbot.padbotbasesdk.event.Receive2ndRangingDataEvent
05-13 12:05:29.752  1407  1627 D EventBus: No subscribers registered for event class org.greenrobot.eventbus.NoSubscriberEvent
05-13 12:05:29.753  1207  1221 D #base_sdk_binary_r: 接收到hex数据:4D4114030014FF4A2D164A080CFEFEFEFE01013C
05-13 12:05:29.753  1207  1221 D EventBus: No subscribers registered for event class cn.inbot.padbotbasesdk.event.ReceiveRangingDataEvent
05-13 12:05:29.753  1207  1221 D EventBus: No subscribers registered for event class org.greenrobot.eventbus.NoSubscriberEvent
05-13 12:05:29.754  1207  1221 D EventBus: No subscribers registered for event class cn.inbot.padbotbasesdk.event.Receive2ndRangingDataEvent
05-13 12:05:29.754  1207  1221 D EventBus: No subscribers registered for event class org.greenrobot.eventbus.NoSubscriberEvent
05-13 12:05:29.755  8741  8746 I zygote64: Compiler allocated 7MB to compile void android.widget.TextView.<init>(android.content.Context, android.util.AttributeSet, int, int)
05-13 12:05:29.757  2222 10640 D EventBus: No subscribers registered for event class cn.inbot.basiclib.event.Receive2ndRangingDataEvent
05-13 12:05:29.757  2222 10640 D EventBus: No subscribers registered for event class org.greenrobot.eventbus.NoSubscriberEvent
05-13 12:05:29.759  1535  1535 D __padbot_receive: 测距数据, 底左:45|地:12|底右:22|底后:74|头前:20
05-13 12:05:29.760  1535  1535 D EventBus: No subscribers registered for event class cn.inbot.padbotrobot.event.InfraEvent
05-13 12:05:29.760  1535  1535 D EventBus: No subscribers registered for event class org.greenrobot.eventbus.NoSubscriberEvent
05-13 12:05:29.958   251   372 I [Gralloc]: Got fd 16 for handle 1
05-13 12:05:29.961   251   372 I [Gralloc]: leave, w : 800, h : 1280, format : 0x1,internal_format : 0x1, usage : 0xb00. size=4096000,pixel_stride=800,byte_stride=3200
05-13 12:05:29.961   251   372 I [Gralloc]: leave: prime_fd=16,share_attr_fd=17
05-13 12:05:29.961   260   302 I [Gralloc]: Got handle 6 for fd 117
05-13 12:05:29.961   260   302 I [Gralloc]: leave, w : 800, h : 1280, format : 0x1,internal_format : 0x1, usage : 0xb00. size=4096000,pixel_stride=800,byte_stride=3200
05-13 12:05:29.961   260   302 I [Gralloc]: leave: prime_fd=117,share_attr_fd=119
05-13 12:05:29.962  8741  8772 I [Gralloc]: Got handle 2 for fd 71
05-13 12:05:29.962  8741  8772 I [Gralloc]: leave, w : 800, h : 1280, format : 0x1,internal_format : 0x1, usage : 0xb00. size=4096000,pixel_stride=800,byte_stride=3200
05-13 12:05:29.962  8741  8772 I [Gralloc]: leave: prime_fd=71,share_attr_fd=72
05-13 12:05:30.029   252   252 I [Gralloc]: Got handle 3 for fd 48
05-13 12:05:30.029   252   252 I [Gralloc]: leave, w : 800, h : 1280, format : 0x1,internal_format : 0x1, usage : 0xb00. size=4096000,pixel_stride=800,byte_stride=3200
05-13 12:05:30.029   252   252 I [Gralloc]: leave: prime_fd=48,share_attr_fd=57
05-13 12:05:30.046  1207  1207 D LockRobotService: lock status:2
05-13 12:05:30.046  1207  1207 D EventBus: No subscribers registered for event class cn.inbot.padbotlauncher.event.OnUnLockRobotEvent
05-13 12:05:30.046  1207  1207 D EventBus: No subscribers registered for event class org.greenrobot.eventbus.NoSubscriberEvent
05-13 12:05:30.062   251   372 I [Gralloc]: Got fd 16 for handle 1
05-13 12:05:30.062   251   372 I [Gralloc]: leave, w : 800, h : 1280, format : 0x1,internal_format : 0x1, usage : 0xb00. size=4096000,pixel_stride=800,byte_stride=3200
05-13 12:05:30.062   251   372 I [Gralloc]: leave: prime_fd=16,share_attr_fd=17
05-13 12:05:30.062   260   302 I [Gralloc]: Got handle 14 for fd 124
05-13 12:05:30.062   260   302 I [Gralloc]: leave, w : 800, h : 1280, format : 0x1,internal_format : 0x1, usage : 0xb00. size=4096000,pixel_stride=800,byte_stride=3200
05-13 12:05:30.062   260   302 I [Gralloc]: leave: prime_fd=124,share_attr_fd=140
05-13 12:05:30.063  8741  8772 I [Gralloc]: Got handle 3 for fd 75
05-13 12:05:30.063  8741  8772 I [Gralloc]: leave, w : 800, h : 1280, format : 0x1,internal_format : 0x1, usage : 0xb00. size=4096000,pixel_stride=800,byte_stride=3200
05-13 12:05:30.063  8741  8772 I [Gralloc]: leave: prime_fd=75,share_attr_fd=76
05-13 12:05:30.078   251   372 I [Gralloc]: Got fd 16 for handle 1
05-13 12:05:30.079   251   372 I [Gralloc]: leave, w : 800, h : 1280, format : 0x1,internal_format : 0x1, usage : 0xb00. size=4096000,pixel_stride=800,byte_stride=3200
05-13 12:05:30.079   251   372 I [Gralloc]: leave: prime_fd=16,share_attr_fd=17
05-13 12:05:30.079   260   302 I [Gralloc]: Got handle 3 for fd 133
05-13 12:05:30.079   260   302 I [Gralloc]: leave, w : 800, h : 1280, format : 0x1,internal_format : 0x1, usage : 0xb00. size=4096000,pixel_stride=800,byte_stride=3200
05-13 12:05:30.079   260   302 I [Gralloc]: leave: prime_fd=133,share_attr_fd=138
05-13 12:05:30.080  8741  8772 I [Gralloc]: Got handle 4 for fd 78
05-13 12:05:30.080  8741  8772 I [Gralloc]: leave, w : 800, h : 1280, format : 0x1,internal_format : 0x1, usage : 0xb00. size=4096000,pixel_stride=800,byte_stride=3200
05-13 12:05:30.080  8741  8772 I [Gralloc]: leave: prime_fd=78,share_attr_fd=79
05-13 12:05:30.083   252   252 I [Gralloc]: Got handle 6 for fd 47
05-13 12:05:30.083   252   252 I [Gralloc]: leave, w : 800, h : 1280, format : 0x1,internal_format : 0x1, usage : 0xb00. size=4096000,pixel_stride=800,byte_stride=3200
05-13 12:05:30.083   252   252 I [Gralloc]: leave: prime_fd=47,share_attr_fd=54
05-13 12:05:30.086  8741  8746 I zygote64: Do full code cache collection, code=247KB, data=163KB
05-13 12:05:30.088  8741  8746 I zygote64: After code cache collection, code=193KB, data=108KB
05-13 12:05:30.101   252   252 I [Gralloc]: Got handle 8 for fd 56
05-13 12:05:30.101   252   252 I [Gralloc]: leave, w : 800, h : 1280, format : 0x1,internal_format : 0x1, usage : 0xb00. size=4096000,pixel_stride=800,byte_stride=3200
05-13 12:05:30.101   252   252 I [Gralloc]: leave: prime_fd=56,share_attr_fd=60
05-13 12:05:30.257  1304  1401 D #SerialPort: port1,in hex:4D4114030010FF4A46164A080CFEFEFEFE010153
05-13 12:05:30.258  2522  2535 D #base_sdk_binary_r: 接收到hex数据:4D4114030010FF4A46164A080CFEFEFEFE010153
05-13 12:05:30.258  2522  2535 D #base_sdk___r: 接收到测距数据
05-13 12:05:30.258  2522  2535 D EventBus: No subscribers registered for event class cn.inbot.padbotbasesdk.event.ReceiveRangingDataEvent
05-13 12:05:30.258  2522  2535 D EventBus: No subscribers registered for event class org.greenrobot.eventbus.NoSubscriberEvent
05-13 12:05:30.258  2522  2535 D EventBus: No subscribers registered for event class cn.inbot.padbotbasesdk.event.Receive2ndRangingDataEvent
05-13 12:05:30.258  2522  2535 D EventBus: No subscribers registered for event class org.greenrobot.eventbus.NoSubscriberEvent
05-13 12:05:30.259  2133  2173 D #base_sdk_binary_r: 接收到hex数据:4D4114030010FF4A46164A080CFEFEFEFE010153
05-13 12:05:30.259  2133  2173 D #base_sdk___r: 接收到测距数据
05-13 12:05:30.259  2133  2173 D EventBus: No subscribers registered for event class cn.inbot.padbotbasesdk.event.ReceiveRangingDataEvent
05-13 12:05:30.259  2133  2173 D EventBus: No subscribers registered for event class org.greenrobot.eventbus.NoSubscriberEvent
05-13 12:05:30.259  2133  2173 D EventBus: No subscribers registered for event class cn.inbot.padbotbasesdk.event.Receive2ndRangingDataEvent
05-13 12:05:30.260  2133  2173 D EventBus: No subscribers registered for event class org.greenrobot.eventbus.NoSubscriberEvent
05-13 12:05:30.260  1614  1907 D #base_sdk_binary_r: 接收到hex数据:4D4114030010FF4A46164A080CFEFEFEFE010153
05-13 12:05:30.263  1407  1627 D #base_sdk_binary_r: 接收到hex数据:4D4114030010FF4A46164A080CFEFEFEFE010153
05-13 12:05:30.263  2222 10640 D EventBus: No subscribers registered for event class cn.inbot.basiclib.event.ReceiveRangingDataEvent
05-13 12:05:30.263  1407  1627 D EventBus: No subscribers registered for event class cn.inbot.padbotbasesdk.event.ReceiveRangingDataEvent
05-13 12:05:30.263  1407  1627 D EventBus: No subscribers registered for event class org.greenrobot.eventbus.NoSubscriberEvent
05-13 12:05:30.263  2222 10640 D EventBus: No subscribers registered for event class org.greenrobot.eventbus.NoSubscriberEvent
05-13 12:05:30.263  1407  1627 D EventBus: No subscribers registered for event class cn.inbot.padbotbasesdk.event.Receive2ndRangingDataEvent
05-13 12:05:30.263  1407  1627 D EventBus: No subscribers registered for event class org.greenrobot.eventbus.NoSubscriberEvent
05-13 12:05:30.264  1207  1221 D #base_sdk_binary_r: 接收到hex数据:4D4114030010FF4A46164A080CFEFEFEFE010153
05-13 12:05:30.265  1207  1221 D EventBus: No subscribers registered for event class cn.inbot.padbotbasesdk.event.ReceiveRangingDataEvent
05-13 12:05:30.265  1207  1221 D EventBus: No subscribers registered for event class org.greenrobot.eventbus.NoSubscriberEvent
05-13 12:05:30.265  1207  1221 D EventBus: No subscribers registered for event class cn.inbot.padbotbasesdk.event.Receive2ndRangingDataEvent
05-13 12:05:30.265  1207  1221 D EventBus: No subscribers registered for event class org.greenrobot.eventbus.NoSubscriberEvent
05-13 12:05:30.267  2222 10640 D EventBus: No subscribers registered for event class cn.inbot.basiclib.event.Receive2ndRangingDataEvent
05-13 12:05:30.267  2222 10640 D EventBus: No subscribers registered for event class org.greenrobot.eventbus.NoSubscriberEvent
05-13 12:05:30.268  1535  1535 D __padbot_receive: 测距数据, 底左:70|地:12|底右:22|底后:74|头前:16
05-13 12:05:30.270  1535  1535 D EventBus: No subscribers registered for event class cn.inbot.padbotrobot.event.InfraEvent
05-13 12:05:30.270  1535  1535 D EventBus: No subscribers registered for event class org.greenrobot.eventbus.NoSubscriberEvent
05-13 12:05:30.397  2222  2508 D PadBotNavigation: 机器人当前位置:worldGoord=(-6.436654567718506,-15.153412818908691,-1.4454025030136108),gridCoord=(21,189,-82), mileage:6155
05-13 12:05:30.443  2222  2443 D PadBotNavigation: Ping 192.168.11.101
05-13 12:05:30.446  2222  2443 D PadBotNavigation: 192.168.11.101 可以访问
05-13 12:05:30.785  1304  1401 D #SerialPort: port1,in hex:4D4114030018FF4A49164A080CFEFEFEFE010154
05-13 12:05:30.786  2522  2535 D #base_sdk_binary_r: 接收到hex数据:4D4114030018FF4A49164A080CFEFEFEFE010154
05-13 12:05:30.786  2522  2535 D #base_sdk___r: 接收到测距数据
05-13 12:05:30.786  2522  2535 D EventBus: No subscribers registered for event class cn.inbot.padbotbasesdk.event.ReceiveRangingDataEvent
05-13 12:05:30.786  2522  2535 D EventBus: No subscribers registered for event class org.greenrobot.eventbus.NoSubscriberEvent
05-13 12:05:30.786  2522  2535 D EventBus: No subscribers registered for event class cn.inbot.padbotbasesdk.event.Receive2ndRangingDataEvent
05-13 12:05:30.786  2522  2535 D EventBus: No subscribers registered for event class org.greenrobot.eventbus.NoSubscriberEvent
05-13 12:05:30.787  2133  2173 D #base_sdk_binary_r: 接收到hex数据:4D4114030018FF4A49164A080CFEFEFEFE010154
05-13 12:05:30.787  2133  2173 D #base_sdk___r: 接收到测距数据
05-13 12:05:30.787  2133  2173 D EventBus: No subscribers registered for event class cn.inbot.padbotbasesdk.event.ReceiveRangingDataEvent
05-13 12:05:30.787  2133  2173 D EventBus: No subscribers registered for event class org.greenrobot.eventbus.NoSubscriberEvent
05-13 12:05:30.787  2133  2173 D EventBus: No subscribers registered for event class cn.inbot.padbotbasesdk.event.Receive2ndRangingDataEvent
05-13 12:05:30.787  2133  2173 D EventBus: No subscribers registered for event class org.greenrobot.eventbus.NoSubscriberEvent
05-13 12:05:30.788  1614  1907 D #base_sdk_binary_r: 接收到hex数据:4D4114030018FF4A49164A080CFEFEFEFE010154
05-13 12:05:30.790  1407  1627 D #base_sdk_binary_r: 接收到hex数据:4D4114030018FF4A49164A080CFEFEFEFE010154
05-13 12:05:30.790  1407  1627 D EventBus: No subscribers registered for event class cn.inbot.padbotbasesdk.event.ReceiveRangingDataEvent
05-13 12:05:30.790  1407  1627 D EventBus: No subscribers registered for event class org.greenrobot.eventbus.NoSubscriberEvent
05-13 12:05:30.790  2222 10640 D EventBus: No subscribers registered for event class cn.inbot.basiclib.event.ReceiveRangingDataEvent
05-13 12:05:30.790  1407  1627 D EventBus: No subscribers registered for event class cn.inbot.padbotbasesdk.event.Receive2ndRangingDataEvent
05-13 12:05:30.790  2222 10640 D EventBus: No subscribers registered for event class org.greenrobot.eventbus.NoSubscriberEvent
05-13 12:05:30.790  1407  1627 D EventBus: No subscribers registered for event class org.greenrobot.eventbus.NoSubscriberEvent
05-13 12:05:30.792  1207  1221 D #base_sdk_binary_r: 接收到hex数据:4D4114030018FF4A49164A080CFEFEFEFE010154
05-13 12:05:30.792  1207  1221 D EventBus: No subscribers registered for event class cn.inbot.padbotbasesdk.event.ReceiveRangingDataEvent
05-13 12:05:30.792  1207  1221 D EventBus: No subscribers registered for event class org.greenrobot.eventbus.NoSubscriberEvent
05-13 12:05:30.792  1207  1221 D EventBus: No subscribers registered for event class cn.inbot.padbotbasesdk.event.Receive2ndRangingDataEvent
05-13 12:05:30.792  1207  1221 D EventBus: No subscribers registered for event class org.greenrobot.eventbus.NoSubscriberEvent
05-13 12:05:30.793  2222 10640 D EventBus: No subscribers registered for event class cn.inbot.basiclib.event.Receive2ndRangingDataEvent
05-13 12:05:30.793  2222 10640 D EventBus: No subscribers registered for event class org.greenrobot.eventbus.NoSubscriberEvent
05-13 12:05:30.795  1535  1535 D __padbot_receive: 测距数据, 底左:73|地:12|底右:22|底后:74|头前:24
05-13 12:05:30.796  1535  1535 D EventBus: No subscribers registered for event class cn.inbot.padbotrobot.event.InfraEvent
05-13 12:05:30.796  1535  1535 D EventBus: No subscribers registered for event class org.greenrobot.eventbus.NoSubscriberEvent
05-13 12:05:30.906  2522  2549 D PadBotAppLauncher: sendLockBroadcast
05-13 12:05:30.909  1207  1207 D PBExportBroadcast: PBExportBroadcastReceiver onReceive action:padbot.action.lock_server_check
05-13 12:05:30.910  1207  1207 D LockRobotService: LockRobotService running
05-13 12:05:30.926   252   252 I [Gralloc]: Got handle 9 for fd 33
05-13 12:05:30.927   252   252 I [Gralloc]: leave, w : 43, h : 43, format : 0x1,internal_format : 0x1, usage : 0x8933. size=8256,pixel_stride=48,byte_stride=192
05-13 12:05:30.927   252   252 I [Gralloc]: leave: prime_fd=33,share_attr_fd=39
05-13 12:05:30.927  2522  2522 D EventBus: No subscribers registered for event class cn.inbot.padbotapplauncher.event.OnUnLockRobotEvent
05-13 12:05:30.927  2522  2522 D EventBus: No subscribers registered for event class org.greenrobot.eventbus.NoSubscriberEvent
05-13 12:05:31.046  1207  1207 D LockRobotService: lock status:2
05-13 12:05:31.046  1207  1207 D EventBus: No subscribers registered for event class cn.inbot.padbotlauncher.event.OnUnLockRobotEvent
05-13 12:05:31.046  1207  1207 D EventBus: No subscribers registered for event class org.greenrobot.eventbus.NoSubscriberEvent
05-13 12:05:31.109  8741  8741 I ReactNativeJNI: Error occurred, shutting down websocket connection: WebSocket exception Failed to connect to localhost/127.0.0.1:8081
05-13 12:05:31.281  1304  1401 D #SerialPort: port1,in hex:4D4114030027FF4A31164A080CFEFEFEFE010113
05-13 12:05:31.281  2522  2535 D #base_sdk_binary_r: 接收到hex数据:4D4114030027FF4A31164A080CFEFEFEFE010113
05-13 12:05:31.281  2522  2535 D #base_sdk___r: 接收到测距数据
05-13 12:05:31.281  2522  2535 D EventBus: No subscribers registered for event class cn.inbot.padbotbasesdk.event.ReceiveRangingDataEvent
05-13 12:05:31.281  2522  2535 D EventBus: No subscribers registered for event class org.greenrobot.eventbus.NoSubscriberEvent
05-13 12:05:31.281  2522  2535 D EventBus: No subscribers registered for event class cn.inbot.padbotbasesdk.event.Receive2ndRangingDataEvent
05-13 12:05:31.281  2522  2535 D EventBus: No subscribers registered for event class org.greenrobot.eventbus.NoSubscriberEvent
05-13 12:05:31.282  2133  2173 D #base_sdk_binary_r: 接收到hex数据:4D4114030027FF4A31164A080CFEFEFEFE010113
05-13 12:05:31.282  2133  2173 D #base_sdk___r: 接收到测距数据
05-13 12:05:31.282  2133  2173 D EventBus: No subscribers registered for event class cn.inbot.padbotbasesdk.event.ReceiveRangingDataEvent
05-13 12:05:31.282  2133  2173 D EventBus: No subscribers registered for event class org.greenrobot.eventbus.NoSubscriberEvent
05-13 12:05:31.282  2133  2173 D EventBus: No subscribers registered for event class cn.inbot.padbotbasesdk.event.Receive2ndRangingDataEvent
05-13 12:05:31.282  2133  2173 D EventBus: No subscribers registered for event class org.greenrobot.eventbus.NoSubscriberEvent
05-13 12:05:31.282  1614  1907 D #base_sdk_binary_r: 接收到hex数据:4D4114030027FF4A31164A080CFEFEFEFE010113
05-13 12:05:31.283  1407  1627 D #base_sdk_binary_r: 接收到hex数据:4D4114030027FF4A31164A080CFEFEFEFE010113
05-13 12:05:31.283  2222 10640 D EventBus: No subscribers registered for event class cn.inbot.basiclib.event.ReceiveRangingDataEvent
05-13 12:05:31.283  2222 10640 D EventBus: No subscribers registered for event class org.greenrobot.eventbus.NoSubscriberEvent
05-13 12:05:31.284  1407  1627 D EventBus: No subscribers registered for event class cn.inbot.padbotbasesdk.event.ReceiveRangingDataEvent
05-13 12:05:31.285  2222 10640 D EventBus: No subscribers registered for event class cn.inbot.basiclib.event.Receive2ndRangingDataEvent
05-13 12:05:31.285  1407  1627 D EventBus: No subscribers registered for event class org.greenrobot.eventbus.NoSubscriberEvent
05-13 12:05:31.285  2222 10640 D EventBus: No subscribers registered for event class org.greenrobot.eventbus.NoSubscriberEvent
05-13 12:05:31.285  1407  1627 D EventBus: No subscribers registered for event class cn.inbot.padbotbasesdk.event.Receive2ndRangingDataEvent
05-13 12:05:31.285  1407  1627 D EventBus: No subscribers registered for event class org.greenrobot.eventbus.NoSubscriberEvent
05-13 12:05:31.286  1207  1221 D #base_sdk_binary_r: 接收到hex数据:4D4114030027FF4A31164A080CFEFEFEFE010113
05-13 12:05:31.286  1207  1221 D EventBus: No subscribers registered for event class cn.inbot.padbotbasesdk.event.ReceiveRangingDataEvent
05-13 12:05:31.286  1207  1221 D EventBus: No subscribers registered for event class org.greenrobot.eventbus.NoSubscriberEvent
05-13 12:05:31.286  1207  1221 D EventBus: No subscribers registered for event class cn.inbot.padbotbasesdk.event.Receive2ndRangingDataEvent
05-13 12:05:31.286  1207  1221 D EventBus: No subscribers registered for event class org.greenrobot.eventbus.NoSubscriberEvent
05-13 12:05:31.287  1535  1535 D __padbot_receive: 测距数据, 底左:49|地:12|底右:22|底后:74|头前:39
05-13 12:05:31.287  1535  1535 D EventBus: No subscribers registered for event class cn.inbot.padbotrobot.event.InfraEvent
05-13 12:05:31.287  1535  1535 D EventBus: No subscribers registered for event class org.greenrobot.eventbus.NoSubscriberEvent
05-13 12:05:31.391  2222  2508 D PadBotNavigation: 机器人静止, static:true, nv-status:null, allow:true, df:83044
05-13 12:05:31.422  1535  1535 D PBAppHeartbeatManager: acitivitynum :1  lifeCount:0
05-13 12:05:31.422  1535  1535 D PBAppHeartbeatManager: cn.inbot.padbotrobot not running
05-13 12:05:31.857  1304  1401 D #SerialPort: port1,in hex:4D4114030011FF4A49164A080CFEFEFEFE01015D
05-13 12:05:31.858  2522  2535 D #base_sdk_binary_r: 接收到hex数据:4D4114030011FF4A49164A080CFEFEFEFE01015D
05-13 12:05:31.858  2522  2535 D #base_sdk___r: 接收到测距数据
05-13 12:05:31.858  2522  2535 D EventBus: No subscribers registered for event class cn.inbot.padbotbasesdk.event.ReceiveRangingDataEvent
05-13 12:05:31.858  2522  2535 D EventBus: No subscribers registered for event class org.greenrobot.eventbus.NoSubscriberEvent
05-13 12:05:31.858  2522  2535 D EventBus: No subscribers registered for event class cn.inbot.padbotbasesdk.event.Receive2ndRangingDataEvent
05-13 12:05:31.858  2522  2535 D EventBus: No subscribers registered for event class org.greenrobot.eventbus.NoSubscriberEvent
05-13 12:05:31.859  2133  2173 D #base_sdk_binary_r: 接收到hex数据:4D4114030011FF4A49164A080CFEFEFEFE01015D
05-13 12:05:31.859  2133  2173 D #base_sdk___r: 接收到测距数据
05-13 12:05:31.860  2133  2173 D EventBus: No subscribers registered for event class cn.inbot.padbotbasesdk.event.ReceiveRangingDataEvent
05-13 12:05:31.860  2133  2173 D EventBus: No subscribers registered for event class org.greenrobot.eventbus.NoSubscriberEvent
05-13 12:05:31.860  2133  2173 D EventBus: No subscribers registered for event class cn.inbot.padbotbasesdk.event.Receive2ndRangingDataEvent
05-13 12:05:31.860  2133  2173 D EventBus: No subscribers registered for event class org.greenrobot.eventbus.NoSubscriberEvent
05-13 12:05:31.861  1614  1907 D #base_sdk_binary_r: 接收到hex数据:4D4114030011FF4A49164A080CFEFEFEFE01015D
05-13 12:05:31.862  1407  1627 D #base_sdk_binary_r: 接收到hex数据:4D4114030011FF4A49164A080CFEFEFEFE01015D
05-13 12:05:31.862  1407  1627 D EventBus: No subscribers registered for event class cn.inbot.padbotbasesdk.event.ReceiveRangingDataEvent
05-13 12:05:31.863  1407  1627 D EventBus: No subscribers registered for event class org.greenrobot.eventbus.NoSubscriberEvent
05-13 12:05:31.863  2222 10640 D EventBus: No subscribers registered for event class cn.inbot.basiclib.event.ReceiveRangingDataEvent
05-13 12:05:31.863  1407  1627 D EventBus: No subscribers registered for event class cn.inbot.padbotbasesdk.event.Receive2ndRangingDataEvent
05-13 12:05:31.863  2222 10640 D EventBus: No subscribers registered for event class org.greenrobot.eventbus.NoSubscriberEvent
05-13 12:05:31.863  1407  1627 D EventBus: No subscribers registered for event class org.greenrobot.eventbus.NoSubscriberEvent
05-13 12:05:31.864  1207  1221 D #base_sdk_binary_r: 接收到hex数据:4D4114030011FF4A49164A080CFEFEFEFE01015D
05-13 12:05:31.864  1207  1221 D EventBus: No subscribers registered for event class cn.inbot.padbotbasesdk.event.ReceiveRangingDataEvent
05-13 12:05:31.864  1207  1221 D EventBus: No subscribers registered for event class org.greenrobot.eventbus.NoSubscriberEvent
05-13 12:05:31.864  1207  1221 D EventBus: No subscribers registered for event class cn.inbot.padbotbasesdk.event.Receive2ndRangingDataEvent
05-13 12:05:31.864  1207  1221 D EventBus: No subscribers registered for event class org.greenrobot.eventbus.NoSubscriberEvent
05-13 12:05:31.866  2222 10640 D EventBus: No subscribers registered for event class cn.inbot.basiclib.event.Receive2ndRangingDataEvent
05-13 12:05:31.866  2222 10640 D EventBus: No subscribers registered for event class org.greenrobot.eventbus.NoSubscriberEvent
05-13 12:05:31.868  1535  1535 D __padbot_receive: 测距数据, 底左:73|地:12|底右:22|底后:74|头前:17
05-13 12:05:31.868  1535  1535 D EventBus: No subscribers registered for event class cn.inbot.padbotrobot.event.InfraEvent
05-13 12:05:31.868  1535  1535 D EventBus: No subscribers registered for event class org.greenrobot.eventbus.NoSubscriberEvent
05-13 12:05:31.905  2222  2508 D PadBotNavigation: 机器人当前位置:worldGoord=(-6.436654567718506,-15.153412818908691,-1.4454025030136108),gridCoord=(21,189,-82), mileage:6155
05-13 12:05:32.047  1207  1207 D LockRobotService: lock status:2
05-13 12:05:32.047  1207  1207 D EventBus: No subscribers registered for event class cn.inbot.padbotlauncher.event.OnUnLockRobotEvent
05-13 12:05:32.047  1207  1207 D EventBus: No subscribers registered for event class org.greenrobot.eventbus.NoSubscriberEvent
05-13 12:05:32.401  1304  1401 D #SerialPort: port1,in hex:4D411403000AFF4A4A154A080CFEFEFEFE010146
05-13 12:05:32.401  2522  2535 D #base_sdk_binary_r: 接收到hex数据:4D411403000AFF4A4A154A080CFEFEFEFE010146
05-13 12:05:32.401  2522  2535 D #base_sdk___r: 接收到测距数据
05-13 12:05:32.401  2522  2535 D EventBus: No subscribers registered for event class cn.inbot.padbotbasesdk.event.ReceiveRangingDataEvent
05-13 12:05:32.401  2522  2535 D EventBus: No subscribers registered for event class org.greenrobot.eventbus.NoSubscriberEvent
05-13 12:05:32.401  2522  2535 D EventBus: No subscribers registered for event class cn.inbot.padbotbasesdk.event.Receive2ndRangingDataEvent
05-13 12:05:32.401  2522  2535 D EventBus: No subscribers registered for event class org.greenrobot.eventbus.NoSubscriberEvent
05-13 12:05:32.402  2133  2173 D #base_sdk_binary_r: 接收到hex数据:4D411403000AFF4A4A154A080CFEFEFEFE010146
05-13 12:05:32.402  2133  2173 D #base_sdk___r: 接收到测距数据
05-13 12:05:32.402  2133  2173 D EventBus: No subscribers registered for event class cn.inbot.padbotbasesdk.event.ReceiveRangingDataEvent
05-13 12:05:32.402  2133  2173 D EventBus: No subscribers registered for event class org.greenrobot.eventbus.NoSubscriberEvent
05-13 12:05:32.402  2133  2173 D EventBus: No subscribers registered for event class cn.inbot.padbotbasesdk.event.Receive2ndRangingDataEvent
05-13 12:05:32.402  2133  2173 D EventBus: No subscribers registered for event class org.greenrobot.eventbus.NoSubscriberEvent
05-13 12:05:32.403  1614  1907 D #base_sdk_binary_r: 接收到hex数据:4D411403000AFF4A4A154A080CFEFEFEFE010146
05-13 12:05:32.404  2222 10640 D EventBus: No subscribers registered for event class cn.inbot.basiclib.event.ReceiveRangingDataEvent
05-13 12:05:32.404  1407  1627 D #base_sdk_binary_r: 接收到hex数据:4D411403000AFF4A4A154A080CFEFEFEFE010146
05-13 12:05:32.404  2222 10640 D EventBus: No subscribers registered for event class org.greenrobot.eventbus.NoSubscriberEvent
05-13 12:05:32.404  1407  1627 D EventBus: No subscribers registered for event class cn.inbot.padbotbasesdk.event.ReceiveRangingDataEvent
05-13 12:05:32.404  1407  1627 D EventBus: No subscribers registered for event class org.greenrobot.eventbus.NoSubscriberEvent
05-13 12:05:32.404  1407  1627 D EventBus: No subscribers registered for event class cn.inbot.padbotbasesdk.event.Receive2ndRangingDataEvent
05-13 12:05:32.404  1407  1627 D EventBus: No subscribers registered for event class org.greenrobot.eventbus.NoSubscriberEvent
05-13 12:05:32.405  1207  1221 D #base_sdk_binary_r: 接收到hex数据:4D411403000AFF4A4A154A080CFEFEFEFE010146
05-13 12:05:32.406  1207  1221 D EventBus: No subscribers registered for event class cn.inbot.padbotbasesdk.event.ReceiveRangingDataEvent
05-13 12:05:32.406  1207  1221 D EventBus: No subscribers registered for event class org.greenrobot.eventbus.NoSubscriberEvent
05-13 12:05:32.406  1207  1221 D EventBus: No subscribers registered for event class cn.inbot.padbotbasesdk.event.Receive2ndRangingDataEvent
05-13 12:05:32.406  1207  1221 D EventBus: No subscribers registered for event class org.greenrobot.eventbus.NoSubscriberEvent
05-13 12:05:32.407  2222 10640 D EventBus: No subscribers registered for event class cn.inbot.basiclib.event.Receive2ndRangingDataEvent
05-13 12:05:32.407  2222 10640 D EventBus: No subscribers registered for event class org.greenrobot.eventbus.NoSubscriberEvent
05-13 12:05:32.409  1535  1535 D __padbot_receive: 测距数据, 底左:74|地:12|底右:21|底后:74|头前:10
05-13 12:05:32.409  1535  1535 D EventBus: No subscribers registered for event class cn.inbot.padbotrobot.event.InfraEvent
05-13 12:05:32.409  1535  1535 D EventBus: No subscribers registered for event class org.greenrobot.eventbus.NoSubscriberEvent
05-13 12:05:32.924  2522  2522 D PBExportBroadcast: PBExportBroadcastReceiver onReceive action:padbot.action.lock_server_check
05-13 12:05:32.926  2522  2522 D LockRobotService:  service name: cn.inbot.padbotapplauncher.service.LockRobotService
05-13 12:05:32.926  2522  2522 D LockRobotService: LockRobotService running
05-13 12:05:32.960  1304  1401 D #SerialPort: port1,in hex:4D411403000AFF4A4A154A080CFEFEFEFE010146
05-13 12:05:32.961  2522  2535 D #base_sdk_binary_r: 接收到hex数据:4D411403000AFF4A4A154A080CFEFEFEFE010146
05-13 12:05:32.961  2522  2535 D #base_sdk___r: 接收到测距数据
05-13 12:05:32.961  2522  2535 D EventBus: No subscribers registered for event class cn.inbot.padbotbasesdk.event.ReceiveRangingDataEvent
05-13 12:05:32.961  2522  2535 D EventBus: No subscribers registered for event class org.greenrobot.eventbus.NoSubscriberEvent
05-13 12:05:32.961  2522  2535 D EventBus: No subscribers registered for event class cn.inbot.padbotbasesdk.event.Receive2ndRangingDataEvent
05-13 12:05:32.961  2522  2535 D EventBus: No subscribers registered for event class org.greenrobot.eventbus.NoSubscriberEvent
05-13 12:05:32.962  2133  2173 D #base_sdk_binary_r: 接收到hex数据:4D411403000AFF4A4A154A080CFEFEFEFE010146
05-13 12:05:32.962  2133  2173 D #base_sdk___r: 接收到测距数据
05-13 12:05:32.962  2133  2173 D EventBus: No subscribers registered for event class cn.inbot.padbotbasesdk.event.ReceiveRangingDataEvent
05-13 12:05:32.962  2133  2173 D EventBus: No subscribers registered for event class org.greenrobot.eventbus.NoSubscriberEvent
05-13 12:05:32.962  2133  2173 D EventBus: No subscribers registered for event class cn.inbot.padbotbasesdk.event.Receive2ndRangingDataEvent
05-13 12:05:32.962  2133  2173 D EventBus: No subscribers registered for event class org.greenrobot.eventbus.NoSubscriberEvent
05-13 12:05:32.963  1614  1907 D #base_sdk_binary_r: 接收到hex数据:4D411403000AFF4A4A154A080CFEFEFEFE010146
05-13 12:05:32.964  2222 10640 D EventBus: No subscribers registered for event class cn.inbot.basiclib.event.ReceiveRangingDataEvent
05-13 12:05:32.964  2222 10640 D EventBus: No subscribers registered for event class org.greenrobot.eventbus.NoSubscriberEvent
05-13 12:05:32.964  1407  1627 D #base_sdk_binary_r: 接收到hex数据:4D411403000AFF4A4A154A080CFEFEFEFE010146
05-13 12:05:32.964  1407  1627 D EventBus: No subscribers registered for event class cn.inbot.padbotbasesdk.event.ReceiveRangingDataEvent
05-13 12:05:32.964  1407  1627 D EventBus: No subscribers registered for event class org.greenrobot.eventbus.NoSubscriberEvent
05-13 12:05:32.964  1407  1627 D EventBus: No subscribers registered for event class cn.inbot.padbotbasesdk.event.Receive2ndRangingDataEvent
05-13 12:05:32.964  1407  1627 D EventBus: No subscribers registered for event class org.greenrobot.eventbus.NoSubscriberEvent
05-13 12:05:32.965  1207  1221 D #base_sdk_binary_r: 接收到hex数据:4D411403000AFF4A4A154A080CFEFEFEFE010146
05-13 12:05:32.965  1207  1221 D EventBus: No subscribers registered for event class cn.inbot.padbotbasesdk.event.ReceiveRangingDataEvent
05-13 12:05:32.965  1207  1221 D EventBus: No subscribers registered for event class org.greenrobot.eventbus.NoSubscriberEvent
05-13 12:05:32.965  1207  1221 D EventBus: No subscribers registered for event class cn.inbot.padbotbasesdk.event.Receive2ndRangingDataEvent
05-13 12:05:32.965  1207  1221 D EventBus: No subscribers registered for event class org.greenrobot.eventbus.NoSubscriberEvent
05-13 12:05:32.966  2222 10640 D EventBus: No subscribers registered for event class cn.inbot.basiclib.event.Receive2ndRangingDataEvent
05-13 12:05:32.966  2222 10640 D EventBus: No subscribers registered for event class org.greenrobot.eventbus.NoSubscriberEvent
05-13 12:05:32.968  1535  1535 D __padbot_receive: 测距数据, 底左:74|地:12|底右:21|底后:74|头前:10
