05-13 12:05:25.348  2133  2173 D EventBus: No subscribers registered for event class org.greenrobot.eventbus.NoSubscriberEvent
05-13 12:05:25.349  1614  1907 D #base_sdk_binary_r: 接收到hex数据:4D41140300FDFF4A4A4A4A080CFEFEFEFE0101EE
05-13 12:05:25.351  1407  1627 D #base_sdk_binary_r: 接收到hex数据:4D41140300FDFF4A4A4A4A080CFEFEFEFE0101EE
05-13 12:05:25.351  2222 10640 D EventBus: No subscribers registered for event class cn.inbot.basiclib.event.ReceiveRangingDataEvent
05-13 12:05:25.351  1407  1627 D EventBus: No subscribers registered for event class cn.inbot.padbotbasesdk.event.ReceiveRangingDataEvent
05-13 12:05:25.351  2222 10640 D EventBus: No subscribers registered for event class org.greenrobot.eventbus.NoSubscriberEvent
05-13 12:05:25.351  1407  1627 D EventBus: No subscribers registered for event class org.greenrobot.eventbus.NoSubscriberEvent
05-13 12:05:25.351  1407  1627 D EventBus: No subscribers registered for event class cn.inbot.padbotbasesdk.event.Receive2ndRangingDataEvent
05-13 12:05:25.351  1407  1627 D EventBus: No subscribers registered for event class org.greenrobot.eventbus.NoSubscriberEvent
05-13 12:05:25.353  1207  1221 D #base_sdk_binary_r: 接收到hex数据:4D41140300FDFF4A4A4A4A080CFEFEFEFE0101EE
05-13 12:05:25.353  2222 10640 D EventBus: No subscribers registered for event class cn.inbot.basiclib.event.Receive2ndRangingDataEvent
05-13 12:05:25.353  1207  1221 D EventBus: No subscribers registered for event class cn.inbot.padbotbasesdk.event.ReceiveRangingDataEvent
05-13 12:05:25.353  1207  1221 D EventBus: No subscribers registered for event class org.greenrobot.eventbus.NoSubscriberEvent
05-13 12:05:25.353  2222 10640 D EventBus: No subscribers registered for event class org.greenrobot.eventbus.NoSubscriberEvent
05-13 12:05:25.354  1207  1221 D EventBus: No subscribers registered for event class cn.inbot.padbotbasesdk.event.Receive2ndRangingDataEvent
05-13 12:05:25.354  1207  1221 D EventBus: No subscribers registered for event class org.greenrobot.eventbus.NoSubscriberEvent
05-13 12:05:25.355  1535  1535 D __padbot_receive: 测距数据, 底左:74|地:12|底右:74|底后:74|头前:253
05-13 12:05:25.355  1535  1535 D EventBus: No subscribers registered for event class cn.inbot.padbotrobot.event.InfraEvent
05-13 12:05:25.355  1535  1535 D EventBus: No subscribers registered for event class org.greenrobot.eventbus.NoSubscriberEvent
05-13 12:05:25.400  2222  2508 D PadBotNavigation: 机器人当前位置:worldGoord=(-6.436654567718506,-15.153412818908691,-1.4454025030136108),gridCoord=(21,189,-82), mileage:6155
05-13 12:05:25.401  2222  2508 D PadBotNavigation: 机器人静止, static:true, nv-status:null, allow:true, df:77054
05-13 12:05:25.585  1535 32725 D NetworkUtils: ping ip:192.168.11.242
05-13 12:05:25.588  1535 32725 D -ExtensionManager: 连接服务192.168.11.242:50001
05-13 12:05:25.588  1535 32725 D -ExtensionManager: 服务已连接192.168.11.242:50001
05-13 12:05:25.905  1304  1401 D #SerialPort: port1,in hex:4D41140300FDFF4A4A4A4A080CFEFEFEFE0101EE
05-13 12:05:25.906  2522  2535 D #base_sdk_binary_r: 接收到hex数据:4D41140300FDFF4A4A4A4A080CFEFEFEFE0101EE
05-13 12:05:25.906  2522  2535 D #base_sdk___r: 接收到测距数据
05-13 12:05:25.906  2522  2535 D EventBus: No subscribers registered for event class cn.inbot.padbotbasesdk.event.ReceiveRangingDataEvent
05-13 12:05:25.907  2522  2535 D EventBus: No subscribers registered for event class org.greenrobot.eventbus.NoSubscriberEvent
05-13 12:05:25.907  2522  2535 D EventBus: No subscribers registered for event class cn.inbot.padbotbasesdk.event.Receive2ndRangingDataEvent
05-13 12:05:25.907  2522  2535 D EventBus: No subscribers registered for event class org.greenrobot.eventbus.NoSubscriberEvent
05-13 12:05:25.908  2133  2173 D #base_sdk_binary_r: 接收到hex数据:4D41140300FDFF4A4A4A4A080CFEFEFEFE0101EE
05-13 12:05:25.908  2133  2173 D #base_sdk___r: 接收到测距数据
05-13 12:05:25.908  2133  2173 D EventBus: No subscribers registered for event class cn.inbot.padbotbasesdk.event.ReceiveRangingDataEvent
05-13 12:05:25.908  2133  2173 D EventBus: No subscribers registered for event class org.greenrobot.eventbus.NoSubscriberEvent
05-13 12:05:25.908  2133  2173 D EventBus: No subscribers registered for event class cn.inbot.padbotbasesdk.event.Receive2ndRangingDataEvent
05-13 12:05:25.908  2133  2173 D EventBus: No subscribers registered for event class org.greenrobot.eventbus.NoSubscriberEvent
05-13 12:05:25.909  1614  1907 D #base_sdk_binary_r: 接收到hex数据:4D41140300FDFF4A4A4A4A080CFEFEFEFE0101EE
05-13 12:05:25.911  1407  1627 D #base_sdk_binary_r: 接收到hex数据:4D41140300FDFF4A4A4A4A080CFEFEFEFE0101EE
05-13 12:05:25.911  2222 10640 D EventBus: No subscribers registered for event class cn.inbot.basiclib.event.ReceiveRangingDataEvent
05-13 12:05:25.911  1407  1627 D EventBus: No subscribers registered for event class cn.inbot.padbotbasesdk.event.ReceiveRangingDataEvent
05-13 12:05:25.911  2222 10640 D EventBus: No subscribers registered for event class org.greenrobot.eventbus.NoSubscriberEvent
05-13 12:05:25.911  1407  1627 D EventBus: No subscribers registered for event class org.greenrobot.eventbus.NoSubscriberEvent
05-13 12:05:25.911  1407  1627 D EventBus: No subscribers registered for event class cn.inbot.padbotbasesdk.event.Receive2ndRangingDataEvent
05-13 12:05:25.911  1407  1627 D EventBus: No subscribers registered for event class org.greenrobot.eventbus.NoSubscriberEvent
05-13 12:05:25.912  1207  1221 D #base_sdk_binary_r: 接收到hex数据:4D41140300FDFF4A4A4A4A080CFEFEFEFE0101EE
05-13 12:05:25.912  1207  1221 D EventBus: No subscribers registered for event class cn.inbot.padbotbasesdk.event.ReceiveRangingDataEvent
05-13 12:05:25.912  1207  1221 D EventBus: No subscribers registered for event class org.greenrobot.eventbus.NoSubscriberEvent
05-13 12:05:25.912  1207  1221 D EventBus: No subscribers registered for event class cn.inbot.padbotbasesdk.event.Receive2ndRangingDataEvent
05-13 12:05:25.912  1207  1221 D EventBus: No subscribers registered for event class org.greenrobot.eventbus.NoSubscriberEvent
05-13 12:05:25.913  2222 10640 D EventBus: No subscribers registered for event class cn.inbot.basiclib.event.Receive2ndRangingDataEvent
05-13 12:05:25.913  2222 10640 D EventBus: No subscribers registered for event class org.greenrobot.eventbus.NoSubscriberEvent
05-13 12:05:25.915  1535  1535 D __padbot_receive: 测距数据, 底左:74|地:12|底右:74|底后:74|头前:253
05-13 12:05:25.915  1535  1535 D EventBus: No subscribers registered for event class cn.inbot.padbotrobot.event.InfraEvent
05-13 12:05:25.915  1535  1535 D EventBus: No subscribers registered for event class org.greenrobot.eventbus.NoSubscriberEvent
05-13 12:05:26.046  1207  1207 D LockRobotService: lock status:2
05-13 12:05:26.047  1207  1207 D EventBus: No subscribers registered for event class cn.inbot.padbotlauncher.event.OnUnLockRobotEvent
05-13 12:05:26.047  1207  1207 D EventBus: No subscribers registered for event class org.greenrobot.eventbus.NoSubscriberEvent
05-13 12:05:26.450  1304  1401 D #SerialPort: port1,in hex:4D41140300FDFF4A4A4A4A080CFEFEFEFE0101EE
05-13 12:05:26.450  2522  2535 D #base_sdk_binary_r: 接收到hex数据:4D41140300FDFF4A4A4A4A080CFEFEFEFE0101EE
05-13 12:05:26.451  2522  2535 D #base_sdk___r: 接收到测距数据
05-13 12:05:26.451  2522  2535 D EventBus: No subscribers registered for event class cn.inbot.padbotbasesdk.event.ReceiveRangingDataEvent
05-13 12:05:26.451  2522  2535 D EventBus: No subscribers registered for event class org.greenrobot.eventbus.NoSubscriberEvent
05-13 12:05:26.451  2522  2535 D EventBus: No subscribers registered for event class cn.inbot.padbotbasesdk.event.Receive2ndRangingDataEvent
05-13 12:05:26.451  2522  2535 D EventBus: No subscribers registered for event class org.greenrobot.eventbus.NoSubscriberEvent
05-13 12:05:26.452  2133  2173 D #base_sdk_binary_r: 接收到hex数据:4D41140300FDFF4A4A4A4A080CFEFEFEFE0101EE
05-13 12:05:26.452  2133  2173 D #base_sdk___r: 接收到测距数据
05-13 12:05:26.452  2133  2173 D EventBus: No subscribers registered for event class cn.inbot.padbotbasesdk.event.ReceiveRangingDataEvent
05-13 12:05:26.452  2133  2173 D EventBus: No subscribers registered for event class org.greenrobot.eventbus.NoSubscriberEvent
05-13 12:05:26.452  2133  2173 D EventBus: No subscribers registered for event class cn.inbot.padbotbasesdk.event.Receive2ndRangingDataEvent
05-13 12:05:26.453  2133  2173 D EventBus: No subscribers registered for event class org.greenrobot.eventbus.NoSubscriberEvent
05-13 12:05:26.453  1614  1907 D #base_sdk_binary_r: 接收到hex数据:4D41140300FDFF4A4A4A4A080CFEFEFEFE0101EE
05-13 12:05:26.455  1407  1627 D #base_sdk_binary_r: 接收到hex数据:4D41140300FDFF4A4A4A4A080CFEFEFEFE0101EE
05-13 12:05:26.455  2222 10640 D EventBus: No subscribers registered for event class cn.inbot.basiclib.event.ReceiveRangingDataEvent
05-13 12:05:26.455  1407  1627 D EventBus: No subscribers registered for event class cn.inbot.padbotbasesdk.event.ReceiveRangingDataEvent
05-13 12:05:26.455  1407  1627 D EventBus: No subscribers registered for event class org.greenrobot.eventbus.NoSubscriberEvent
05-13 12:05:26.455  2222 10640 D EventBus: No subscribers registered for event class org.greenrobot.eventbus.NoSubscriberEvent
05-13 12:05:26.455  1407  1627 D EventBus: No subscribers registered for event class cn.inbot.padbotbasesdk.event.Receive2ndRangingDataEvent
05-13 12:05:26.456  1407  1627 D EventBus: No subscribers registered for event class org.greenrobot.eventbus.NoSubscriberEvent
05-13 12:05:26.456  1207  1221 D #base_sdk_binary_r: 接收到hex数据:4D41140300FDFF4A4A4A4A080CFEFEFEFE0101EE
05-13 12:05:26.457  1207  1221 D EventBus: No subscribers registered for event class cn.inbot.padbotbasesdk.event.ReceiveRangingDataEvent
05-13 12:05:26.457  1207  1221 D EventBus: No subscribers registered for event class org.greenrobot.eventbus.NoSubscriberEvent
05-13 12:05:26.457  1207  1221 D EventBus: No subscribers registered for event class cn.inbot.padbotbasesdk.event.Receive2ndRangingDataEvent
05-13 12:05:26.457  1207  1221 D EventBus: No subscribers registered for event class org.greenrobot.eventbus.NoSubscriberEvent
05-13 12:05:26.458  2222 10640 D EventBus: No subscribers registered for event class cn.inbot.basiclib.event.Receive2ndRangingDataEvent
05-13 12:05:26.458  2222 10640 D EventBus: No subscribers registered for event class org.greenrobot.eventbus.NoSubscriberEvent
05-13 12:05:26.459  1535  1535 D __padbot_receive: 测距数据, 底左:74|地:12|底右:74|底后:74|头前:253
05-13 12:05:26.460  1535  1535 D EventBus: No subscribers registered for event class cn.inbot.padbotrobot.event.InfraEvent
05-13 12:05:26.460  1535  1535 D EventBus: No subscribers registered for event class org.greenrobot.eventbus.NoSubscriberEvent
05-13 12:05:26.906  2222  2508 D PadBotNavigation: 机器人当前位置:worldGoord=(-6.436654567718506,-15.153412818908691,-1.4454025030136108),gridCoord=(21,189,-82), mileage:6155
05-13 12:05:27.009  1304  1401 D #SerialPort: port1,in hex:4D41140300A0FF4A4A4A4A080BFEFEFEFE0101B4
05-13 12:05:27.010  2522  2535 D #base_sdk_binary_r: 接收到hex数据:4D41140300A0FF4A4A4A4A080BFEFEFEFE0101B4
05-13 12:05:27.010  2522  2535 D #base_sdk___r: 接收到测距数据
05-13 12:05:27.011  2522  2535 D EventBus: No subscribers registered for event class cn.inbot.padbotbasesdk.event.ReceiveRangingDataEvent
05-13 12:05:27.011  2522  2535 D EventBus: No subscribers registered for event class org.greenrobot.eventbus.NoSubscriberEvent
05-13 12:05:27.011  2522  2535 D EventBus: No subscribers registered for event class cn.inbot.padbotbasesdk.event.Receive2ndRangingDataEvent
05-13 12:05:27.011  2522  2535 D EventBus: No subscribers registered for event class org.greenrobot.eventbus.NoSubscriberEvent
05-13 12:05:27.012  2133  2173 D #base_sdk_binary_r: 接收到hex数据:4D41140300A0FF4A4A4A4A080BFEFEFEFE0101B4
05-13 12:05:27.012  2133  2173 D #base_sdk___r: 接收到测距数据
05-13 12:05:27.012  2133  2173 D EventBus: No subscribers registered for event class cn.inbot.padbotbasesdk.event.ReceiveRangingDataEvent
05-13 12:05:27.012  2133  2173 D EventBus: No subscribers registered for event class org.greenrobot.eventbus.NoSubscriberEvent
05-13 12:05:27.012  2133  2173 D EventBus: No subscribers registered for event class cn.inbot.padbotbasesdk.event.Receive2ndRangingDataEvent
05-13 12:05:27.012  2133  2173 D EventBus: No subscribers registered for event class org.greenrobot.eventbus.NoSubscriberEvent
05-13 12:05:27.013  1614  1907 D #base_sdk_binary_r: 接收到hex数据:4D41140300A0FF4A4A4A4A080BFEFEFEFE0101B4
05-13 12:05:27.015  2222 10640 D EventBus: No subscribers registered for event class cn.inbot.basiclib.event.ReceiveRangingDataEvent
05-13 12:05:27.015  1407  1627 D #base_sdk_binary_r: 接收到hex数据:4D41140300A0FF4A4A4A4A080BFEFEFEFE0101B4
05-13 12:05:27.015  2222 10640 D EventBus: No subscribers registered for event class org.greenrobot.eventbus.NoSubscriberEvent
05-13 12:05:27.015  1407  1627 D EventBus: No subscribers registered for event class cn.inbot.padbotbasesdk.event.ReceiveRangingDataEvent
05-13 12:05:27.015  1407  1627 D EventBus: No subscribers registered for event class org.greenrobot.eventbus.NoSubscriberEvent
05-13 12:05:27.015  1407  1627 D EventBus: No subscribers registered for event class cn.inbot.padbotbasesdk.event.Receive2ndRangingDataEvent
05-13 12:05:27.015  1407  1627 D EventBus: No subscribers registered for event class org.greenrobot.eventbus.NoSubscriberEvent
05-13 12:05:27.016  1207  1221 D #base_sdk_binary_r: 接收到hex数据:4D41140300A0FF4A4A4A4A080BFEFEFEFE0101B4
05-13 12:05:27.016  1207  1221 D EventBus: No subscribers registered for event class cn.inbot.padbotbasesdk.event.ReceiveRangingDataEvent
05-13 12:05:27.016  1207  1221 D EventBus: No subscribers registered for event class org.greenrobot.eventbus.NoSubscriberEvent
05-13 12:05:27.016  1207  1221 D EventBus: No subscribers registered for event class cn.inbot.padbotbasesdk.event.Receive2ndRangingDataEvent
05-13 12:05:27.017  1207  1221 D EventBus: No subscribers registered for event class org.greenrobot.eventbus.NoSubscriberEvent
05-13 12:05:27.017  2222 10640 D EventBus: No subscribers registered for event class cn.inbot.basiclib.event.Receive2ndRangingDataEvent
05-13 12:05:27.017  2222 10640 D EventBus: No subscribers registered for event class org.greenrobot.eventbus.NoSubscriberEvent
05-13 12:05:27.019  1535  1535 D __padbot_receive: 测距数据, 底左:74|地:11|底右:74|底后:74|头前:160
05-13 12:05:27.019  1535  1535 D EventBus: No subscribers registered for event class cn.inbot.padbotrobot.event.InfraEvent
05-13 12:05:27.019  1535  1535 D EventBus: No subscribers registered for event class org.greenrobot.eventbus.NoSubscriberEvent
05-13 12:05:27.046  1207  1207 D LockRobotService: lock status:2
05-13 12:05:27.046  1207  1207 D EventBus: No subscribers registered for event class cn.inbot.padbotlauncher.event.OnUnLockRobotEvent
05-13 12:05:27.047  1207  1207 D EventBus: No subscribers registered for event class org.greenrobot.eventbus.NoSubscriberEvent
05-13 12:05:27.089  1304  1401 D #SerialPort: port1,in hex:4D4107060401FB
05-13 12:05:27.090  2522  2535 D #base_sdk_binary_r: 接收到hex数据:4D4107060401FB
05-13 12:05:27.090  2522  2535 D #base_sdk___r: 接收到唤醒
05-13 12:05:27.090  2522  2535 D EventBus: No subscribers registered for event class cn.inbot.padbotbasesdk.event.ReceiveWakeupEvent
05-13 12:05:27.090  2522  2535 D EventBus: No subscribers registered for event class org.greenrobot.eventbus.NoSubscriberEvent
05-13 12:05:27.091  2133  2173 D #base_sdk_binary_r: 接收到hex数据:4D4107060401FB
05-13 12:05:27.091  2133  2173 D #base_sdk___r: 接收到唤醒
05-13 12:05:27.091  2133  2173 D EventBus: No subscribers registered for event class cn.inbot.padbotbasesdk.event.ReceiveWakeupEvent
05-13 12:05:27.092  2133  2173 D EventBus: No subscribers registered for event class org.greenrobot.eventbus.NoSubscriberEvent
05-13 12:05:27.092  1614  1907 D #base_sdk_binary_r: 接收到hex数据:4D4107060401FB
05-13 12:05:27.092  1614  1907 D #base_sdk___r: 接收到唤醒
05-13 12:05:27.093  1614  1907 D #RobotBasic: 临近唤醒->  |头部:true
05-13 12:05:27.094  1407  1627 D #base_sdk_binary_r: 接收到hex数据:4D4107060401FB
05-13 12:05:27.094  1407  1627 D #base_sdk___r: 接收到唤醒
05-13 12:05:27.095  1407  1627 D EventBus: No subscribers registered for event class cn.inbot.padbotbasesdk.event.ReceiveWakeupEvent
05-13 12:05:27.095  2222 10640 D EventBus: No subscribers registered for event class cn.inbot.basiclib.event.ReceiveWakeupEvent
05-13 12:05:27.095  1407  1627 D EventBus: No subscribers registered for event class org.greenrobot.eventbus.NoSubscriberEvent
05-13 12:05:27.095  2222 10640 D EventBus: No subscribers registered for event class org.greenrobot.eventbus.NoSubscriberEvent
05-13 12:05:27.096  1207  1221 D #base_sdk_binary_r: 接收到hex数据:4D4107060401FB
05-13 12:05:27.096  1207  1221 D #base_sdk___r: 接收到唤醒
05-13 12:05:27.096  1207  1221 D EventBus: No subscribers registered for event class cn.inbot.padbotbasesdk.event.ReceiveWakeupEvent
05-13 12:05:27.096  1207  1221 D EventBus: No subscribers registered for event class org.greenrobot.eventbus.NoSubscriberEvent
05-13 12:05:27.097  1535  1535 D #PadBotRobot: 临近唤醒, 头部:true|身体前:false|身体后:false
05-13 12:05:27.098  1614  1907 I #RobotBasic: AIDL 请求, flag:Brain, type:1103, data:null
05-13 12:05:27.099  1535  1535 I 发送指令: 发送信息给胸前屏幕, message:00%%1
05-13 12:05:27.100  1535  1535 I 发送指令: 准备向胸前扩展屏发送消息
05-13 12:05:27.101  1614  1907 I #RobotBasic: AIDL 请求, flag:Brain, type:4000, data:{"data":"00%%1"}
05-13 12:05:27.102  1614  1907 D #base_sdk___s: 向下蓝牙透传, message:00%%1
05-13 12:05:27.102  1614  1907 D #base_sdk___s: 3rd 向下蓝牙透传, message:00%%1*
05-13 12:05:27.102  1614  1907 D #base_sdk_binary_s: 串口1发送指令hex:414D110A007463733A30302525312A2382
05-13 12:05:27.103  1535  1535 I zxw     : 发送信息给胸前屏幕, message:00%%1
05-13 12:05:27.104  1535  1535 I zxw     : 准备向胸前扩展屏发送消息
05-13 12:05:27.191  1535  2393 I zxw     : 发送指令 : 00%%1 , queue length : 0
05-13 12:05:27.192  2133  2173 D x2communication_log: not find device
05-13 12:05:27.204  1304  1400 I #SerialPort: port1,out hex:414D110A007463733A30302525312A2382
05-13 12:05:27.265  1304  1401 D #SerialPort: port1,in hex:4D41170701414D110A007463733A30302525312A23821D
05-13 12:05:27.266  2522  2535 D #base_sdk_binary_r: 接收到hex数据:4D41170701414D110A007463733A30302525312A23821D
05-13 12:05:27.266  2522  2535 D EventBus: No subscribers registered for event class cn.inbot.padbotbasesdk.event.ReceiveCommandEvent
05-13 12:05:27.267  2522  2535 D EventBus: No subscribers registered for event class org.greenrobot.eventbus.NoSubscriberEvent
05-13 12:05:27.267  2133  2173 D #base_sdk_binary_r: 接收到hex数据:4D41170701414D110A007463733A30302525312A23821D
05-13 12:05:27.268  2133  2173 D EventBus: No subscribers registered for event class cn.inbot.padbotbasesdk.event.ReceiveCommandEvent
05-13 12:05:27.268  2133  2173 D EventBus: No subscribers registered for event class org.greenrobot.eventbus.NoSubscriberEvent
05-13 12:05:27.269  1614  1907 D #base_sdk_binary_r: 接收到hex数据:4D41170701414D110A007463733A30302525312A23821D
05-13 12:05:27.269  1614  1907 D #RobotBasic: 下位机接收指令-> 返回数据:4D41170701414D110A007463733A30302525312A23821D, 发送:414D110A007463733A30302525312A2382
05-13 12:05:27.269  1614  1907 I #RobotBasic: 下位机收到指令:4D41170701414D110A007463733A30302525312A23821D
05-13 12:05:27.270  1407  1627 D #base_sdk_binary_r: 接收到hex数据:4D41170701414D110A007463733A30302525312A23821D
05-13 12:05:27.270  2222 10640 I PadBotNavigation: 下位机收到指令:4D41170701414D110A007463733A30302525312A23821D, 414D110A007463733A30302525312A2382
05-13 12:05:27.271  1407  1627 D EventBus: No subscribers registered for event class cn.inbot.padbotbasesdk.event.ReceiveCommandEvent
05-13 12:05:27.271  1407  1627 D EventBus: No subscribers registered for event class org.greenrobot.eventbus.NoSubscriberEvent
05-13 12:05:27.272  1535  1744 D #PadBotRobot: 下位机收到的指令:414D110A007463733A30302525312A2382
05-13 12:05:27.272  1207  1221 D #base_sdk_binary_r: 接收到hex数据:4D41170701414D110A007463733A30302525312A23821D
05-13 12:05:27.273  1207  1221 D EventBus: No subscribers registered for event class cn.inbot.padbotbasesdk.event.ReceiveCommandEvent
05-13 12:05:27.273  1207  1221 D EventBus: No subscribers registered for event class org.greenrobot.eventbus.NoSubscriberEvent
05-13 12:05:27.521  1304  1401 D #SerialPort: port1,in hex:4D4114030024FF4A4A454A080CFEFEFEFE010138
05-13 12:05:27.522  2522  2535 D #base_sdk_binary_r: 接收到hex数据:4D4114030024FF4A4A454A080CFEFEFEFE010138
05-13 12:05:27.522  2522  2535 D #base_sdk___r: 接收到测距数据
05-13 12:05:27.522  2522  2535 D EventBus: No subscribers registered for event class cn.inbot.padbotbasesdk.event.ReceiveRangingDataEvent
05-13 12:05:27.523  2522  2535 D EventBus: No subscribers registered for event class org.greenrobot.eventbus.NoSubscriberEvent
05-13 12:05:27.523  2522  2535 D EventBus: No subscribers registered for event class cn.inbot.padbotbasesdk.event.Receive2ndRangingDataEvent
05-13 12:05:27.523  2522  2535 D EventBus: No subscribers registered for event class org.greenrobot.eventbus.NoSubscriberEvent
05-13 12:05:27.524  2133  2173 D #base_sdk_binary_r: 接收到hex数据:4D4114030024FF4A4A454A080CFEFEFEFE010138
05-13 12:05:27.524  2133  2173 D #base_sdk___r: 接收到测距数据
05-13 12:05:27.524  2133  2173 D EventBus: No subscribers registered for event class cn.inbot.padbotbasesdk.event.ReceiveRangingDataEvent
05-13 12:05:27.524  2133  2173 D EventBus: No subscribers registered for event class org.greenrobot.eventbus.NoSubscriberEvent
05-13 12:05:27.524  2133  2173 D EventBus: No subscribers registered for event class cn.inbot.padbotbasesdk.event.Receive2ndRangingDataEvent
05-13 12:05:27.524  2133  2173 D EventBus: No subscribers registered for event class org.greenrobot.eventbus.NoSubscriberEvent
05-13 12:05:27.525  1614  1907 D #base_sdk_binary_r: 接收到hex数据:4D4114030024FF4A4A454A080CFEFEFEFE010138
05-13 12:05:27.527  1407  1627 D #base_sdk_binary_r: 接收到hex数据:4D4114030024FF4A4A454A080CFEFEFEFE010138
05-13 12:05:27.527  2222 10640 D EventBus: No subscribers registered for event class cn.inbot.basiclib.event.ReceiveRangingDataEvent
05-13 12:05:27.527  1407  1627 D EventBus: No subscribers registered for event class cn.inbot.padbotbasesdk.event.ReceiveRangingDataEvent
05-13 12:05:27.527  1407  1627 D EventBus: No subscribers registered for event class org.greenrobot.eventbus.NoSubscriberEvent
05-13 12:05:27.527  2222 10640 D EventBus: No subscribers registered for event class org.greenrobot.eventbus.NoSubscriberEvent
05-13 12:05:27.528  1407  1627 D EventBus: No subscribers registered for event class cn.inbot.padbotbasesdk.event.Receive2ndRangingDataEvent
05-13 12:05:27.528  1407  1627 D EventBus: No subscribers registered for event class org.greenrobot.eventbus.NoSubscriberEvent
05-13 12:05:27.529  1207  1221 D #base_sdk_binary_r: 接收到hex数据:4D4114030024FF4A4A454A080CFEFEFEFE010138
05-13 12:05:27.529  1207  1221 D EventBus: No subscribers registered for event class cn.inbot.padbotbasesdk.event.ReceiveRangingDataEvent
05-13 12:05:27.529  1207  1221 D EventBus: No subscribers registered for event class org.greenrobot.eventbus.NoSubscriberEvent
05-13 12:05:27.529  1207  1221 D EventBus: No subscribers registered for event class cn.inbot.padbotbasesdk.event.Receive2ndRangingDataEvent
05-13 12:05:27.529  1207  1221 D EventBus: No subscribers registered for event class org.greenrobot.eventbus.NoSubscriberEvent
05-13 12:05:27.530  2222 10640 D EventBus: No subscribers registered for event class cn.inbot.basiclib.event.Receive2ndRangingDataEvent
05-13 12:05:27.531  2222 10640 D EventBus: No subscribers registered for event class org.greenrobot.eventbus.NoSubscriberEvent
05-13 12:05:27.533  1535  1535 D __padbot_receive: 测距数据, 底左:74|地:12|底右:69|底后:74|头前:36
05-13 12:05:27.533  1535  1535 D EventBus: No subscribers registered for event class cn.inbot.padbotrobot.event.InfraEvent
05-13 12:05:27.533  1535  1535 D EventBus: No subscribers registered for event class org.greenrobot.eventbus.NoSubscriberEvent
05-13 12:05:27.928  2522  2522 D EventBus: No subscribers registered for event class cn.inbot.padbotapplauncher.event.OnUnLockRobotEvent
05-13 12:05:27.928  2522  2522 D EventBus: No subscribers registered for event class org.greenrobot.eventbus.NoSubscriberEvent
05-13 12:05:28.047  1207  1207 D LockRobotService: lock status:2
05-13 12:05:28.047  1207  1207 D EventBus: No subscribers registered for event class cn.inbot.padbotlauncher.event.OnUnLockRobotEvent
05-13 12:05:28.047  1207  1207 D EventBus: No subscribers registered for event class org.greenrobot.eventbus.NoSubscriberEvent
05-13 12:05:28.113  1304  1401 D #SerialPort: port1,in hex:4D411403001DFF4A4A274A080CFEFEFEFE010163
05-13 12:05:28.114  2522  2535 D #base_sdk_binary_r: 接收到hex数据:4D411403001DFF4A4A274A080CFEFEFEFE010163
05-13 12:05:28.114  2522  2535 D #base_sdk___r: 接收到测距数据
05-13 12:05:28.115  2522  2535 D EventBus: No subscribers registered for event class cn.inbot.padbotbasesdk.event.ReceiveRangingDataEvent
05-13 12:05:28.115  2522  2535 D EventBus: No subscribers registered for event class org.greenrobot.eventbus.NoSubscriberEvent
05-13 12:05:28.115  2522  2535 D EventBus: No subscribers registered for event class cn.inbot.padbotbasesdk.event.Receive2ndRangingDataEvent
05-13 12:05:28.115  2522  2535 D EventBus: No subscribers registered for event class org.greenrobot.eventbus.NoSubscriberEvent
05-13 12:05:28.116  2133  2173 D #base_sdk_binary_r: 接收到hex数据:4D411403001DFF4A4A274A080CFEFEFEFE010163
05-13 12:05:28.116  2133  2173 D #base_sdk___r: 接收到测距数据
05-13 12:05:28.116  2133  2173 D EventBus: No subscribers registered for event class cn.inbot.padbotbasesdk.event.ReceiveRangingDataEvent
05-13 12:05:28.116  2133  2173 D EventBus: No subscribers registered for event class org.greenrobot.eventbus.NoSubscriberEvent
05-13 12:05:28.116  2133  2173 D EventBus: No subscribers registered for event class cn.inbot.padbotbasesdk.event.Receive2ndRangingDataEvent
05-13 12:05:28.116  2133  2173 D EventBus: No subscribers registered for event class org.greenrobot.eventbus.NoSubscriberEvent
05-13 12:05:28.117  1614  1907 D #base_sdk_binary_r: 接收到hex数据:4D411403001DFF4A4A274A080CFEFEFEFE010163
05-13 12:05:28.118  1407  1627 D #base_sdk_binary_r: 接收到hex数据:4D411403001DFF4A4A274A080CFEFEFEFE010163
05-13 12:05:28.119  1407  1627 D EventBus: No subscribers registered for event class cn.inbot.padbotbasesdk.event.ReceiveRangingDataEvent
05-13 12:05:28.119  1407  1627 D EventBus: No subscribers registered for event class org.greenrobot.eventbus.NoSubscriberEvent
05-13 12:05:28.119  1407  1627 D EventBus: No subscribers registered for event class cn.inbot.padbotbasesdk.event.Receive2ndRangingDataEvent
05-13 12:05:28.119  1407  1627 D EventBus: No subscribers registered for event class org.greenrobot.eventbus.NoSubscriberEvent
05-13 12:05:28.119  2222 10640 D EventBus: No subscribers registered for event class cn.inbot.basiclib.event.ReceiveRangingDataEvent
05-13 12:05:28.119  2222 10640 D EventBus: No subscribers registered for event class org.greenrobot.eventbus.NoSubscriberEvent
05-13 12:05:28.120  1207  1221 D #base_sdk_binary_r: 接收到hex数据:4D411403001DFF4A4A274A080CFEFEFEFE010163
05-13 12:05:28.120  1207  1221 D EventBus: No subscribers registered for event class cn.inbot.padbotbasesdk.event.ReceiveRangingDataEvent
05-13 12:05:28.120  1207  1221 D EventBus: No subscribers registered for event class org.greenrobot.eventbus.NoSubscriberEvent
05-13 12:05:28.121  1207  1221 D EventBus: No subscribers registered for event class cn.inbot.padbotbasesdk.event.Receive2ndRangingDataEvent
05-13 12:05:28.121  1207  1221 D EventBus: No subscribers registered for event class org.greenrobot.eventbus.NoSubscriberEvent
05-13 12:05:28.122  2222 10640 D EventBus: No subscribers registered for event class cn.inbot.basiclib.event.Receive2ndRangingDataEvent
05-13 12:05:28.122  2222 10640 D EventBus: No subscribers registered for event class org.greenrobot.eventbus.NoSubscriberEvent
05-13 12:05:28.124  1535  1535 D __padbot_receive: 测距数据, 底左:74|地:12|底右:39|底后:74|头前:29
05-13 12:05:28.124  1535  1535 D EventBus: No subscribers registered for event class cn.inbot.padbotrobot.event.InfraEvent
05-13 12:05:28.124  1535  1535 D EventBus: No subscribers registered for event class org.greenrobot.eventbus.NoSubscriberEvent
05-13 12:05:28.201   252   252 I [Gralloc]: Got handle 3 for fd 30
05-13 12:05:28.202   252   252 I [Gralloc]: leave, w : 43, h : 43, format : 0x1,internal_format : 0x1, usage : 0x8933. size=8256,pixel_stride=48,byte_stride=192
05-13 12:05:28.202   252   252 I [Gralloc]: leave: prime_fd=30,share_attr_fd=39
--------- beginning of system
05-13 12:05:28.292   511   886 I ActivityManager: START u0 {act=android.intent.action.MAIN cat=[android.intent.category.LAUNCHER] flg=0x10000000 cmp=com.x3prep/com.robotgui.MainActivity} from uid 10052
05-13 12:05:28.293   243   994 D AudioHardwareTiny: start_output_stream device: 2
05-13 12:05:28.293   243   994 D AudioHardwareTiny: read_out_sound_card: buf =  0 [realtekrt5651co]: realtek_rt5651- - realtek,rt5651-codec
05-13 12:05:28.294   243   994 D AudioHardwareTiny: get_card_number: number =0,card_name =  0 [realtekrt5651co]: realtek_rt5651- - realtek,rt5651-codec
05-13 12:05:28.294   243   994 D AudioHardwareTiny: read_out_sound_card: buf =                       realtek,rt5651-codec
05-13 12:05:28.294   243   994 D AudioHardwareTiny: read_out_sound_card: buf =  1 [rockchiphdmi   ]: rockchip_hdmi - rockchip,hdmi
05-13 12:05:28.294   243   994 D AudioHardwareTiny: get_card_number: number =1,card_name =  1 [rockchiphdmi   ]: rockchip_hdmi - rockchip,hdmi
05-13 12:05:28.294   243   994 D AudioHardwareTiny: read_out_sound_card: buf =                       rockchip,hdmi
05-13 12:05:28.294   243   994 D AudioHardwareTiny: read_out_sound_card: buf =  2 [dongle         ]: usb-audio - bothlent uac dongle
05-13 12:05:28.294   243   994 D AudioHardwareTiny: read_out_sound_card: buf =                       bothlent bothlent uac dongle at usb-xhci-hcd.10.auto-1, high speed
05-13 12:05:28.294   243   994 D alsa_route: route_info->sound_card 0, route_info->devices 0  
05-13 12:05:28.295   243   994 D alsa_route: route_set_controls() set route 0
05-13 12:05:28.307   511   886 E ActivityManager: getPackageFerformanceMode--ComponentInfo{com.x3prep/com.robotgui.MainActivity}----com.x3prep
05-13 12:05:28.316   511   886 E ActivityManager: getPackageFerformanceMode--ComponentInfo{com.x3prep/com.robotgui.MainActivity}----com.x3prep
05-13 12:05:28.325   251   251 I [Gralloc]: Got fd 16 for handle 1
05-13 12:05:28.326   251   251 I [Gralloc]: leave, w : 800, h : 1217, format : 0x1,internal_format : 0x1, usage : 0xb00. size=3894400,pixel_stride=800,byte_stride=3200
05-13 12:05:28.326   251   251 I [Gralloc]: leave: prime_fd=16,share_attr_fd=17
05-13 12:05:28.326   260   302 I [Gralloc]: Got handle 14 for fd 99
05-13 12:05:28.326   260   302 I [Gralloc]: leave, w : 800, h : 1217, format : 0x1,internal_format : 0x1, usage : 0xb00. size=3894400,pixel_stride=800,byte_stride=3200
05-13 12:05:28.326   260   302 I [Gralloc]: leave: prime_fd=99,share_attr_fd=100
05-13 12:05:28.327  1207  1360 I [Gralloc]: Got handle 2 for fd 63
05-13 12:05:28.327  1207  1360 I [Gralloc]: leave, w : 800, h : 1217, format : 0x1,internal_format : 0x1, usage : 0xb00. size=3894400,pixel_stride=800,byte_stride=3200
05-13 12:05:28.327  1207  1360 I [Gralloc]: leave: prime_fd=63,share_attr_fd=64
05-13 12:05:28.331   511   886 I ActivityManager: Start proc 8741:com.x3prep/u0a59 for activity com.x3prep/com.robotgui.MainActivity
05-13 12:05:28.334   511   585 D WindowManager: serialNumber is:X30010329717
05-13 12:05:28.338  8741  8741 I zygote64: Late-enabling -Xcheck:jni
05-13 12:05:28.344   252   252 I [Gralloc]: Got handle 6 for fd 57
05-13 12:05:28.344   252   252 I [Gralloc]: leave, w : 800, h : 1217, format : 0x1,internal_format : 0x1, usage : 0xb00. size=3894400,pixel_stride=800,byte_stride=3200
05-13 12:05:28.345   252   252 I [Gralloc]: leave: prime_fd=57,share_attr_fd=63
05-13 12:05:28.352   251   372 I [Gralloc]: Got fd 16 for handle 1
05-13 12:05:28.353   251   372 I [Gralloc]: leave, w : 800, h : 1280, format : 0x1,internal_format : 0x1, usage : 0x933. size=4096000,pixel_stride=800,byte_stride=3200
05-13 12:05:28.353   251   372 I [Gralloc]: leave: prime_fd=16,share_attr_fd=17
05-13 12:05:28.353   251   251 I [Gralloc]: Got fd 19 for handle 2
05-13 12:05:28.353   260   302 I [Gralloc]: Got handle 6 for fd 119
05-13 12:05:28.353   260   302 I [Gralloc]: leave, w : 800, h : 1280, format : 0x1,internal_format : 0x1, usage : 0x933. size=4096000,pixel_stride=800,byte_stride=3200
05-13 12:05:28.353   260   302 I [Gralloc]: leave: prime_fd=119,share_attr_fd=124
05-13 12:05:28.354   511   585 I [Gralloc]: Got handle 6 for fd 292
05-13 12:05:28.354   511   585 I [Gralloc]: leave, w : 800, h : 1280, format : 0x1,internal_format : 0x1, usage : 0x933. size=4096000,pixel_stride=800,byte_stride=3200
05-13 12:05:28.354   511   585 I [Gralloc]: leave: prime_fd=292,share_attr_fd=293
05-13 12:05:28.355   251   251 I [Gralloc]: leave, w : 800, h : 1217, format : 0x1,internal_format : 0x1, usage : 0xb00. size=3894400,pixel_stride=800,byte_stride=3200
05-13 12:05:28.355   251   251 I [Gralloc]: leave: prime_fd=19,share_attr_fd=20
05-13 12:05:28.355   260  1098 I [Gralloc]: Got handle 21 for fd 159
05-13 12:05:28.355   260  1098 I [Gralloc]: leave, w : 800, h : 1217, format : 0x1,internal_format : 0x1, usage : 0xb00. size=3894400,pixel_stride=800,byte_stride=3200
05-13 12:05:28.355   260  1098 I [Gralloc]: leave: prime_fd=159,share_attr_fd=162
05-13 12:05:28.356  1207  1360 I [Gralloc]: Got handle 3 for fd 66
05-13 12:05:28.356  1207  1360 I [Gralloc]: leave, w : 800, h : 1217, format : 0x1,internal_format : 0x1, usage : 0xb00. size=3894400,pixel_stride=800,byte_stride=3200
05-13 12:05:28.356  1207  1360 I [Gralloc]: leave: prime_fd=66,share_attr_fd=67
05-13 12:05:28.377   251   251 I [Gralloc]: Got fd 16 for handle 1
05-13 12:05:28.378   251   251 I [Gralloc]: leave, w : 800, h : 1217, format : 0x1,internal_format : 0x1, usage : 0xb00. size=3894400,pixel_stride=800,byte_stride=3200
05-13 12:05:28.378   251   251 I [Gralloc]: leave: prime_fd=16,share_attr_fd=17
05-13 12:05:28.379   260   303 I [Gralloc]: Got handle 3 for fd 87
05-13 12:05:28.379   260   303 I [Gralloc]: leave, w : 800, h : 1217, format : 0x1,internal_format : 0x1, usage : 0xb00. size=3894400,pixel_stride=800,byte_stride=3200
05-13 12:05:28.379   260   303 I [Gralloc]: leave: prime_fd=87,share_attr_fd=90
05-13 12:05:28.380  1207  1360 I [Gralloc]: Got handle 4 for fd 70
05-13 12:05:28.380  1207  1360 I [Gralloc]: leave, w : 800, h : 1217, format : 0x1,internal_format : 0x1, usage : 0xb00. size=3894400,pixel_stride=800,byte_stride=3200
05-13 12:05:28.380  1207  1360 I [Gralloc]: leave: prime_fd=70,share_attr_fd=72
05-13 12:05:28.381   252   252 I [Gralloc]: Got handle 8 for fd 59
05-13 12:05:28.381   252   252 I [Gralloc]: leave, w : 800, h : 1217, format : 0x1,internal_format : 0x1, usage : 0xb00. size=3894400,pixel_stride=800,byte_stride=3200
05-13 12:05:28.381   252   252 I [Gralloc]: leave: prime_fd=59,share_attr_fd=73
05-13 12:05:28.390   511   886 D WindowManager: serialNumber is:X30010329717
05-13 12:05:28.393  2222  2508 D PadBotNavigation: 机器人当前位置:worldGoord=(-6.436654567718506,-15.153412818908691,-1.4454025030136108),gridCoord=(21,189,-82), mileage:6155
05-13 12:05:28.398   252   252 I [Gralloc]: Got handle 9 for fd 75
05-13 12:05:28.398   252   252 I [Gralloc]: leave, w : 800, h : 1217, format : 0x1,internal_format : 0x1, usage : 0xb00. size=3894400,pixel_stride=800,byte_stride=3200
05-13 12:05:28.398   252   252 I [Gralloc]: leave: prime_fd=75,share_attr_fd=78
05-13 12:05:28.401   511   886 D WindowManager: serialNumber is:X30010329717
05-13 12:05:28.426   260   302 E BufferQueueProducer: [cn.inbot.padbotlauncher/cn.inbot.padbotlauncher.MainActivity#0] disconnect: not connected (req=1)
05-13 12:05:28.426  1207  1360 W libEGL  : EGLNativeWindowType 0x79bdfe4010 disconnect failed
05-13 12:05:28.428   243   994 W StreamHAL: Error from HAL stream in function get_presentation_position: Operation not permitted
05-13 12:05:28.428   243   994 W StreamHAL: Error from HAL stream in function get_presentation_position: Operation not permitted
05-13 12:05:28.428   511  5058 D WindowManager: serialNumber is:X30010329717
05-13 12:05:28.434   252   252 E hwc_rk  : hwc_get_handle_layername:cann't get value from gralloc
05-13 12:05:28.470   252   252 I chatty  : uid=1000(system) composer@2.1-se identical 2 lines
05-13 12:05:28.488   252   252 E hwc_rk  : hwc_get_handle_layername:cann't get value from gralloc
05-13 12:05:28.504  8741  8741 W SoLoader: Initializing SoLoader: 0
05-13 12:05:28.505  8741  8741 W SoLoader: Recording new base apk path: /data/app/com.x3prep-qiJ9bDZoM8AMmNceqGmn5Q==/base.apk
05-13 12:05:28.505  8741  8741 W SoLoader: Previously recorded 0 base apk paths.
05-13 12:05:28.506   252   252 E hwc_rk  : hwc_get_handle_layername:cann't get value from gralloc
05-13 12:05:28.507  8741  8741 I SoLoader: Preparing SO source: DirectorySoSource[root = /vendor/lib64 flags = 2]
05-13 12:05:28.507  8741  8741 I SoLoader: Preparing SO source: DirectorySoSource[root = /system/lib64 flags = 2]
05-13 12:05:28.507  8741  8741 I SoLoader: Preparing SO source: DirectApkSoSource[root = [/data/app/com.x3prep-qiJ9bDZoM8AMmNceqGmn5Q==/base.apk!/lib/arm64-v8a]]
05-13 12:05:28.524   252   252 E hwc_rk  : hwc_get_handle_layername:cann't get value from gralloc
05-13 12:05:28.541   252   252 E hwc_rk  : hwc_get_handle_layername:cann't get value from gralloc
05-13 12:05:28.549  8741  8746 I zygote64: Do partial code cache collection, code=30KB, data=20KB
05-13 12:05:28.550  8741  8746 I zygote64: After code cache collection, code=30KB, data=20KB
05-13 12:05:28.550  8741  8746 I zygote64: Increasing code cache capacity to 128KB
05-13 12:05:28.557  8741  8741 I SoLoader: Preparing SO source: ApplicationSoSource[DirectorySoSource[root = /data/app/com.x3prep-qiJ9bDZoM8AMmNceqGmn5Q==/lib/arm64 flags = 0]]
05-13 12:05:28.557  8741  8741 I SoLoader: init finish: 4 SO sources prepared
05-13 12:05:28.558  8741  8741 W SoLoader: SoLoader initialized: 8
05-13 12:05:28.559   252   252 E hwc_rk  : hwc_get_handle_layername:cann't get value from gralloc
05-13 12:05:28.613   252   252 I chatty  : uid=1000(system) composer@2.1-se identical 3 lines
05-13 12:05:28.631   252   252 E hwc_rk  : hwc_get_handle_layername:cann't get value from gralloc
05-13 12:05:28.641  1304  1401 D #SerialPort: port1,in hex:4D411403001AFF4A4A1C4A080CFEFEFEFE01015F
05-13 12:05:28.641  2522  2535 D #base_sdk_binary_r: 接收到hex数据:4D411403001AFF4A4A1C4A080CFEFEFEFE01015F
05-13 12:05:28.642  2522  2535 D #base_sdk___r: 接收到测距数据
05-13 12:05:28.642  2522  2535 D EventBus: No subscribers registered for event class cn.inbot.padbotbasesdk.event.ReceiveRangingDataEvent
05-13 12:05:28.642  2522  2535 D EventBus: No subscribers registered for event class org.greenrobot.eventbus.NoSubscriberEvent
05-13 12:05:28.642  2522  2535 D EventBus: No subscribers registered for event class cn.inbot.padbotbasesdk.event.Receive2ndRangingDataEvent
05-13 12:05:28.642  2522  2535 D EventBus: No subscribers registered for event class org.greenrobot.eventbus.NoSubscriberEvent
05-13 12:05:28.643  2133  2173 D #base_sdk_binary_r: 接收到hex数据:4D411403001AFF4A4A1C4A080CFEFEFEFE01015F
05-13 12:05:28.643  2133  2173 D #base_sdk___r: 接收到测距数据
05-13 12:05:28.643  2133  2173 D EventBus: No subscribers registered for event class cn.inbot.padbotbasesdk.event.ReceiveRangingDataEvent
05-13 12:05:28.643  2133  2173 D EventBus: No subscribers registered for event class org.greenrobot.eventbus.NoSubscriberEvent
05-13 12:05:28.643  2133  2173 D EventBus: No subscribers registered for event class cn.inbot.padbotbasesdk.event.Receive2ndRangingDataEvent
05-13 12:05:28.643  2133  2173 D EventBus: No subscribers registered for event class org.greenrobot.eventbus.NoSubscriberEvent
05-13 12:05:28.643  1614  1907 D #base_sdk_binary_r: 接收到hex数据:4D411403001AFF4A4A1C4A080CFEFEFEFE01015F
05-13 12:05:28.644  1407  1627 D #base_sdk_binary_r: 接收到hex数据:4D411403001AFF4A4A1C4A080CFEFEFEFE01015F
05-13 12:05:28.644  1407  1627 D EventBus: No subscribers registered for event class cn.inbot.padbotbasesdk.event.ReceiveRangingDataEvent
05-13 12:05:28.644  1407  1627 D EventBus: No subscribers registered for event class org.greenrobot.eventbus.NoSubscriberEvent
05-13 12:05:28.644  1407  1627 D EventBus: No subscribers registered for event class cn.inbot.padbotbasesdk.event.Receive2ndRangingDataEvent
05-13 12:05:28.644  1407  1627 D EventBus: No subscribers registered for event class org.greenrobot.eventbus.NoSubscriberEvent
05-13 12:05:28.644  2222 10640 D EventBus: No subscribers registered for event class cn.inbot.basiclib.event.ReceiveRangingDataEvent
05-13 12:05:28.644  2222 10640 D EventBus: No subscribers registered for event class org.greenrobot.eventbus.NoSubscriberEvent
05-13 12:05:28.645  1207  1221 D #base_sdk_binary_r: 接收到hex数据:4D411403001AFF4A4A1C4A080CFEFEFEFE01015F
05-13 12:05:28.645  1207  1221 D EventBus: No subscribers registered for event class cn.inbot.padbotbasesdk.event.ReceiveRangingDataEvent
05-13 12:05:28.645  1207  1221 D EventBus: No subscribers registered for event class org.greenrobot.eventbus.NoSubscriberEvent
05-13 12:05:28.645  1207  1221 D EventBus: No subscribers registered for event class cn.inbot.padbotbasesdk.event.Receive2ndRangingDataEvent
05-13 12:05:28.645  1207  1221 D EventBus: No subscribers registered for event class org.greenrobot.eventbus.NoSubscriberEvent
05-13 12:05:28.646  2222 10640 D EventBus: No subscribers registered for event class cn.inbot.basiclib.event.Receive2ndRangingDataEvent
05-13 12:05:28.646  2222 10640 D EventBus: No subscribers registered for event class org.greenrobot.eventbus.NoSubscriberEvent
05-13 12:05:28.647  8741  8746 I zygote64: Do partial code cache collection, code=61KB, data=41KB
05-13 12:05:28.647  8741  8746 I zygote64: After code cache collection, code=61KB, data=41KB
05-13 12:05:28.647  8741  8746 I zygote64: Increasing code cache capacity to 256KB
05-13 12:05:28.648  1535  1535 D __padbot_receive: 测距数据, 底左:74|地:12|底右:28|底后:74|头前:26
05-13 12:05:28.648  1535  1535 D EventBus: No subscribers registered for event class cn.inbot.padbotrobot.event.InfraEvent
05-13 12:05:28.649  1535  1535 D EventBus: No subscribers registered for event class org.greenrobot.eventbus.NoSubscriberEvent
05-13 12:05:28.649   252   252 E hwc_rk  : hwc_get_handle_layername:cann't get value from gralloc
05-13 12:05:28.666   252   252 E hwc_rk  : hwc_get_handle_layername:cann't get value from gralloc
05-13 12:05:28.669  8741  8741 W linker  : "/data/app/com.x3prep-qiJ9bDZoM8AMmNceqGmn5Q==/base.apk!/lib/arm64-v8a/libc++_shared.so" unused DT entry: type 0x70000001 arg 0x0
05-13 12:05:28.684   252   252 E hwc_rk  : hwc_get_handle_layername:cann't get value from gralloc
05-13 12:05:28.701  8741  8741 D jni_lib_merge: Entering merged library JNI_OnLoad.
05-13 12:05:28.701  8741  8741 D jni_lib_merge: Preparing 12 pre-merged libs (including stub)
05-13 12:05:28.701  8741  8741 D jni_lib_merge: Preparing to register libfabricjni_so.  onload_func: 0x79c40ec68c
05-13 12:05:28.701  8741  8741 D jni_lib_merge: Preparing to register libmapbufferjni_so.  onload_func: 0x79c413fee0
05-13 12:05:28.701  8741  8741 D jni_lib_merge: Preparing to register libreact_devsupportjni_so.  onload_func: 0x79c41b73a0
05-13 12:05:28.701  8741  8741 D jni_lib_merge: Preparing to register libreact_featureflagsjni_so.  onload_func: 0x79c41bf8c4
05-13 12:05:28.701  8741  8741 D jni_lib_merge: Preparing to register libreact_newarchdefaults_so.  onload_func: 0x79c41e2ae8
05-13 12:05:28.701  8741  8741 D jni_lib_merge: Preparing to register libreactnativeblob_so.  onload_func: 0x79c4266aa8
05-13 12:05:28.701  8741  8741 D jni_lib_merge: Preparing to register libreactnativejni_so.  onload_func: 0x79c4284a90
05-13 12:05:28.701  8741  8741 D jni_lib_merge: Preparing to register librninstance_so.  onload_func: 0x79c429fa98
05-13 12:05:28.701  8741  8741 D jni_lib_merge: Preparing to register libturbomodulejsijni_so.  onload_func: 0x79c4305198
05-13 12:05:28.701  8741  8741 D jni_lib_merge: Preparing to register libuimanagerjni_so.  onload_func: 0x79c430c6b0
05-13 12:05:28.701  8741  8741 D jni_lib_merge: Preparing to register libyoga_so.  onload_func: 0x79c4311b04
05-13 12:05:28.701  8741  8741 D jni_lib_merge: About to register 11 actual methods.
05-13 12:05:28.702   252   252 E hwc_rk  : hwc_get_handle_layername:cann't get value from gralloc
05-13 12:05:28.720   252   252 E hwc_rk  : hwc_get_handle_layername:cann't get value from gralloc
05-13 12:05:28.738   252   252 I [Gralloc]: Got handle 3 for fd 28
05-13 12:05:28.739   252   252 I [Gralloc]: leave, w : 800, h : 1280, format : 0x1,internal_format : 0x1, usage : 0x933. size=4096000,pixel_stride=800,byte_stride=3200
05-13 12:05:28.739   252   252 I [Gralloc]: leave: prime_fd=28,share_attr_fd=47
05-13 12:05:28.739   252   252 E hwc_rk  : hwc_get_handle_layername:cann't get value from gralloc
05-13 12:05:28.748  8741  8741 D AppCompatDelegate: Checking for metadata for AppLocalesMetadataHolderService : Service not found
05-13 12:05:28.756   252   252 E hwc_rk  : hwc_get_handle_layername:cann't get value from gralloc
05-13 12:05:28.774   252   252 I chatty  : uid=1000(system) composer@2.1-se identical 1 line
05-13 12:05:28.792   252   252 E hwc_rk  : hwc_get_handle_layername:cann't get value from gralloc
05-13 12:05:28.801  8741  8741 D jni_lib_merge: Entering merged library JNI_OnLoad.
05-13 12:05:28.801  8741  8741 D jni_lib_merge: Preparing 4 pre-merged libs (including stub)
05-13 12:05:28.801  8741  8741 D jni_lib_merge: Preparing to register libhermes_executor_so.  onload_func: 0x79c44aa2ec
05-13 12:05:28.801  8741  8741 D jni_lib_merge: Preparing to register libhermesinstancejni_so.  onload_func: 0x79c44b07e8
05-13 12:05:28.801  8741  8741 D jni_lib_merge: Preparing to register libjsijniprofiler_so.  onload_func: 0x79c44b0ea4
05-13 12:05:28.801  8741  8741 D jni_lib_merge: About to register 3 actual methods.
05-13 12:05:28.810   252   252 E hwc_rk  : hwc_get_handle_layername:cann't get value from gralloc
05-13 12:05:28.828   252   252 E hwc_rk  : hwc_get_handle_layername:cann't get value from gralloc
05-13 12:05:28.829  8741  8741 D NetworkSecurityConfig: No Network Security Config specified, using platform default
05-13 12:05:28.836   256   588 I SensorsHal: set flush: handle = 0
05-13 12:05:28.837   256   256 I SensorsHal: report 1 flush event
05-13 12:05:28.846   252   252 E hwc_rk  : hwc_get_handle_layername:cann't get value from gralloc
05-13 12:05:28.857  8741  8741 W unknown:BridgelessReact: ReactHost{0}.startSurface(surfaceId = 0): Schedule
05-13 12:05:28.857  8741  8741 W unknown:BridgelessReact: ReactHost{0}.attachSurface(surfaceId = 0)
05-13 12:05:28.858  8741  8764 W unknown:BridgelessReact: ReactHost{0}.getOrCreateReactInstanceTask()
05-13 12:05:28.859  8741  8764 W unknown:BridgelessReact: ReactHost{0}.getOrCreateReactInstanceTask(): Start
05-13 12:05:28.859  8741  8764 W unknown:BridgelessReact: ReactHost{0}.getJSBundleLoader()
05-13 12:05:28.859  8741  8764 W unknown:BridgelessReact: ReactHost{0}.isMetroRunning()
05-13 12:05:28.864   252   252 E hwc_rk  : hwc_get_handle_layername:cann't get value from gralloc
05-13 12:05:28.890   252   252 E hwc_rk  : hwc_get_handle_layername:cann't get value from gralloc
05-13 12:05:28.896  8741  8765 W unknown:ReactNative: The packager does not seem to be running as we got an IOException requesting its status: Failed to connect to localhost/127.0.0.1:8081
05-13 12:05:28.897  8741  8765 W unknown:BridgelessReact: ReactHost{0}.isMetroRunning(): Async result = false
05-13 12:05:28.899   252   252 E hwc_rk  : hwc_get_handle_layername:cann't get value from gralloc
05-13 12:05:28.900  8741  8764 W unknown:BridgelessReact: ReactHost{0}.getOrCreateReactContext(): Creating BridgelessReactContext
05-13 12:05:28.900  8741  8766 W unknown:ReconnectingWebSocket: Couldn't connect to "ws://localhost:8081/message?device=PADBOT-R710%20-%208.1.0%20-%20API%2027&app=com.x3prep&clientid=BridgelessDevSupportManager", will silently retry
05-13 12:05:28.900  8741  8764 W unknown:BridgelessReact: ReactHost{0}.getOrCreateReactInstanceTask(): Creating ReactInstance
05-13 12:05:28.912  8741  8741 W unknown:BridgelessReact: ReactHost{0}.onHostResume(activity)
05-13 12:05:28.912  8741  8741 W unknown:ReactNative: Packager connection already open, nooping.
05-13 12:05:28.912  8741  8741 W unknown:BridgelessReact: ReactContext.onHostResume()
05-13 12:05:28.917   252   252 E hwc_rk  : hwc_get_handle_layername:cann't get value from gralloc
05-13 12:05:28.925  8741  8772 D OpenGLRenderer: HWUI GL Pipeline
05-13 12:05:28.935   252   332 E hwc_rk  : hwc_get_handle_layername:cann't get value from gralloc
05-13 12:05:28.941  8741  8764 D CactusModule: CactusModule constructor called
05-13 12:05:28.953   252   332 E hwc_rk  : hwc_get_handle_layername:cann't get value from gralloc
05-13 12:05:28.961   511  8048 D WindowManager: serialNumber is:X30010329717
05-13 12:05:28.971   252   332 E hwc_rk  : hwc_get_handle_layername:cann't get value from gralloc
05-13 12:05:28.971  8741  8772 I mali_so : [File] : hardware/arm/maliT760/driver/product/base/src/mali_base_kbase.c; [Line] : 947; [Func] : base_context_deal_with_version_affairs_rk_ext;
05-13 12:05:28.971  8741  8772 I mali_so : arm_release_ver of this mali_so is 'r18p0-01rel0', rk_so_ver is '11@0'.
05-13 12:05:28.972  8741  8772 I mali_so : [File] : hardware/arm/maliT760/driver/product/base/src/mali_base_kbase.c; [Line] : 914; [Func] : determine_policy_against_patch_for_sf_memory_leak;
05-13 12:05:28.972  8741  8772 I mali_so : cmdline : com.x3prep, we should GO THROUGH patch_for_sf_memory_leak.
05-13 12:05:28.972  8741  8772 D mali_so : [File] : hardware/arm/maliT760/driver/product/base/src/mali_base_kbase.c; [Line] : 955; [Func] : base_context_deal_with_version_affairs_rk_ext;
