05-13 12:05:37.363  2133  2173 D EventBus: No subscribers registered for event class cn.inbot.padbotbasesdk.event.Receive2ndRangingDataEvent
05-13 12:05:37.363  2133  2173 D EventBus: No subscribers registered for event class org.greenrobot.eventbus.NoSubscriberEvent
05-13 12:05:37.364  1614  1907 D #base_sdk_binary_r: 接收到hex数据:4D411403000EFF4A4A144A080CFEFEFEFE010143
05-13 12:05:37.365  1407  1627 D #base_sdk_binary_r: 接收到hex数据:4D411403000EFF4A4A144A080CFEFEFEFE010143
05-13 12:05:37.365  1407  1627 D EventBus: No subscribers registered for event class cn.inbot.padbotbasesdk.event.ReceiveRangingDataEvent
05-13 12:05:37.365  2222 10640 D EventBus: No subscribers registered for event class cn.inbot.basiclib.event.ReceiveRangingDataEvent
05-13 12:05:37.365  1407  1627 D EventBus: No subscribers registered for event class org.greenrobot.eventbus.NoSubscriberEvent
05-13 12:05:37.365  1407  1627 D EventBus: No subscribers registered for event class cn.inbot.padbotbasesdk.event.Receive2ndRangingDataEvent
05-13 12:05:37.365  2222 10640 D EventBus: No subscribers registered for event class org.greenrobot.eventbus.NoSubscriberEvent
05-13 12:05:37.365  1407  1627 D EventBus: No subscribers registered for event class org.greenrobot.eventbus.NoSubscriberEvent
05-13 12:05:37.366  1207  1221 D #base_sdk_binary_r: 接收到hex数据:4D411403000EFF4A4A144A080CFEFEFEFE010143
05-13 12:05:37.366  1207  1221 D EventBus: No subscribers registered for event class cn.inbot.padbotbasesdk.event.ReceiveRangingDataEvent
05-13 12:05:37.366  1207  1221 D EventBus: No subscribers registered for event class org.greenrobot.eventbus.NoSubscriberEvent
05-13 12:05:37.366  1207  1221 D EventBus: No subscribers registered for event class cn.inbot.padbotbasesdk.event.Receive2ndRangingDataEvent
05-13 12:05:37.366  1207  1221 D EventBus: No subscribers registered for event class org.greenrobot.eventbus.NoSubscriberEvent
05-13 12:05:37.367  2222 10640 D EventBus: No subscribers registered for event class cn.inbot.basiclib.event.Receive2ndRangingDataEvent
05-13 12:05:37.368  2222 10640 D EventBus: No subscribers registered for event class org.greenrobot.eventbus.NoSubscriberEvent
05-13 12:05:37.369  1535  1535 D __padbot_receive: 测距数据, 底左:74|地:12|底右:20|底后:74|头前:14
05-13 12:05:37.369  1535  1535 D EventBus: No subscribers registered for event class cn.inbot.padbotrobot.event.InfraEvent
05-13 12:05:37.369  1535  1535 D EventBus: No subscribers registered for event class org.greenrobot.eventbus.NoSubscriberEvent
05-13 12:05:37.370   251   251 I [Gralloc]: Got fd 16 for handle 1
05-13 12:05:37.370   251   251 I [Gralloc]: leave, w : 723, h : 341, format : 0x1,internal_format : 0x1, usage : 0xb00. size=1003904,pixel_stride=736,byte_stride=2944
05-13 12:05:37.370   251   251 I [Gralloc]: leave: prime_fd=16,share_attr_fd=17
05-13 12:05:37.370   260  1098 I [Gralloc]: Got handle 24 for fd 178
05-13 12:05:37.370   260  1098 I [Gralloc]: leave, w : 723, h : 341, format : 0x1,internal_format : 0x1, usage : 0xb00. size=1003904,pixel_stride=736,byte_stride=2944
05-13 12:05:37.370   260  1098 I [Gralloc]: leave: prime_fd=178,share_attr_fd=179
05-13 12:05:37.371  8741  8772 I [Gralloc]: Got handle 5 for fd 95
05-13 12:05:37.371  8741  8772 I [Gralloc]: leave, w : 723, h : 341, format : 0x1,internal_format : 0x1, usage : 0xb00. size=1003904,pixel_stride=736,byte_stride=2944
05-13 12:05:37.371  8741  8772 I [Gralloc]: leave: prime_fd=95,share_attr_fd=96
05-13 12:05:37.386  1614  1614 D AlarmPingSender: Sending Ping at:1747109137386
05-13 12:05:37.387  1614  1614 D AlarmPingSender: Schedule next alarm at 1747109167387
05-13 12:05:37.387  1614  1614 D AlarmPingSender: Alarm scheule using setExactAndAllowWhileIdle, next: 30000
05-13 12:05:37.389   251   251 I [Gralloc]: Got fd 16 for handle 1
05-13 12:05:37.389   251   251 I [Gralloc]: leave, w : 723, h : 341, format : 0x1,internal_format : 0x1, usage : 0xb00. size=1003904,pixel_stride=736,byte_stride=2944
05-13 12:05:37.389   251   251 I [Gralloc]: leave: prime_fd=16,share_attr_fd=17
05-13 12:05:37.389   260   303 I [Gralloc]: Got handle 23 for fd 176
05-13 12:05:37.390   260   303 I [Gralloc]: leave, w : 723, h : 341, format : 0x1,internal_format : 0x1, usage : 0xb00. size=1003904,pixel_stride=736,byte_stride=2944
05-13 12:05:37.390   260   303 I [Gralloc]: leave: prime_fd=176,share_attr_fd=177
05-13 12:05:37.390  8741  8772 I [Gralloc]: Got handle 6 for fd 98
05-13 12:05:37.390  8741  8772 I [Gralloc]: leave, w : 723, h : 341, format : 0x1,internal_format : 0x1, usage : 0xb00. size=1003904,pixel_stride=736,byte_stride=2944
05-13 12:05:37.390  8741  8772 I [Gralloc]: leave: prime_fd=98,share_attr_fd=99
05-13 12:05:37.393  2222  2508 D PadBotNavigation: 机器人当前位置:worldGoord=(-6.436654567718506,-15.153412818908691,-1.4454025030136108),gridCoord=(21,189,-82), mileage:6155
05-13 12:05:37.402  1614 10917 D AlarmPingSender: Success. Release lock(MqttService.client.GID_Robot@@@4740742883):1747109137402
05-13 12:05:37.432   252   252 I [Gralloc]: Got handle 9 for fd 73
05-13 12:05:37.433   252   252 I [Gralloc]: leave, w : 723, h : 341, format : 0x1,internal_format : 0x1, usage : 0xb00. size=1003904,pixel_stride=736,byte_stride=2944
05-13 12:05:37.433   252   252 I [Gralloc]: leave: prime_fd=73,share_attr_fd=74
05-13 12:05:37.748  1731  1759 W Settings: Setting adb_enabled has moved from android.provider.Settings.Secure to android.provider.Settings.Global.
05-13 12:05:37.888  1304  1401 D #SerialPort: port1,in hex:4D4114030025FF4A4A144A080CFEFEFEFE010168
05-13 12:05:37.889  2522  2535 D #base_sdk_binary_r: 接收到hex数据:4D4114030025FF4A4A144A080CFEFEFEFE010168
05-13 12:05:37.890  2522  2535 D #base_sdk___r: 接收到测距数据
05-13 12:05:37.890  2522  2535 D EventBus: No subscribers registered for event class cn.inbot.padbotbasesdk.event.ReceiveRangingDataEvent
05-13 12:05:37.890  2522  2535 D EventBus: No subscribers registered for event class org.greenrobot.eventbus.NoSubscriberEvent
05-13 12:05:37.890  2522  2535 D EventBus: No subscribers registered for event class cn.inbot.padbotbasesdk.event.Receive2ndRangingDataEvent
05-13 12:05:37.890  2522  2535 D EventBus: No subscribers registered for event class org.greenrobot.eventbus.NoSubscriberEvent
05-13 12:05:37.891  2133  2173 D #base_sdk_binary_r: 接收到hex数据:4D4114030025FF4A4A144A080CFEFEFEFE010168
05-13 12:05:37.891  2133  2173 D #base_sdk___r: 接收到测距数据
05-13 12:05:37.891  2133  2173 D EventBus: No subscribers registered for event class cn.inbot.padbotbasesdk.event.ReceiveRangingDataEvent
05-13 12:05:37.892  2133  2173 D EventBus: No subscribers registered for event class org.greenrobot.eventbus.NoSubscriberEvent
05-13 12:05:37.892  2133  2173 D EventBus: No subscribers registered for event class cn.inbot.padbotbasesdk.event.Receive2ndRangingDataEvent
05-13 12:05:37.892  2133  2173 D EventBus: No subscribers registered for event class org.greenrobot.eventbus.NoSubscriberEvent
05-13 12:05:37.893  1614  1907 D #base_sdk_binary_r: 接收到hex数据:4D4114030025FF4A4A144A080CFEFEFEFE010168
05-13 12:05:37.895  2222 10640 D EventBus: No subscribers registered for event class cn.inbot.basiclib.event.ReceiveRangingDataEvent
05-13 12:05:37.895  2222 10640 D EventBus: No subscribers registered for event class org.greenrobot.eventbus.NoSubscriberEvent
05-13 12:05:37.895  1407  1627 D #base_sdk_binary_r: 接收到hex数据:4D4114030025FF4A4A144A080CFEFEFEFE010168
05-13 12:05:37.895  1407  1627 D EventBus: No subscribers registered for event class cn.inbot.padbotbasesdk.event.ReceiveRangingDataEvent
05-13 12:05:37.895  1407  1627 D EventBus: No subscribers registered for event class org.greenrobot.eventbus.NoSubscriberEvent
05-13 12:05:37.898  1407  1627 D EventBus: No subscribers registered for event class cn.inbot.padbotbasesdk.event.Receive2ndRangingDataEvent
05-13 12:05:37.898  1407  1627 D EventBus: No subscribers registered for event class org.greenrobot.eventbus.NoSubscriberEvent
05-13 12:05:37.899  2222 10640 D EventBus: No subscribers registered for event class cn.inbot.basiclib.event.Receive2ndRangingDataEvent
05-13 12:05:37.899  2222 10640 D EventBus: No subscribers registered for event class org.greenrobot.eventbus.NoSubscriberEvent
05-13 12:05:37.899  1207  1221 D #base_sdk_binary_r: 接收到hex数据:4D4114030025FF4A4A144A080CFEFEFEFE010168
05-13 12:05:37.899  1207  1221 D EventBus: No subscribers registered for event class cn.inbot.padbotbasesdk.event.ReceiveRangingDataEvent
05-13 12:05:37.900  1207  1221 D EventBus: No subscribers registered for event class org.greenrobot.eventbus.NoSubscriberEvent
05-13 12:05:37.900  1207  1221 D EventBus: No subscribers registered for event class cn.inbot.padbotbasesdk.event.Receive2ndRangingDataEvent
05-13 12:05:37.900  1207  1221 D EventBus: No subscribers registered for event class org.greenrobot.eventbus.NoSubscriberEvent
05-13 12:05:37.901  1535  1535 D __padbot_receive: 测距数据, 底左:74|地:12|底右:20|底后:74|头前:37
05-13 12:05:37.901  1535  1535 D EventBus: No subscribers registered for event class cn.inbot.padbotrobot.event.InfraEvent
05-13 12:05:37.901  1535  1535 D EventBus: No subscribers registered for event class org.greenrobot.eventbus.NoSubscriberEvent
05-13 12:05:38.046  1207  1207 D LockRobotService: lock status:2
05-13 12:05:38.047  1207  1207 D EventBus: No subscribers registered for event class cn.inbot.padbotlauncher.event.OnUnLockRobotEvent
05-13 12:05:38.047  1207  1207 D EventBus: No subscribers registered for event class org.greenrobot.eventbus.NoSubscriberEvent
05-13 12:05:38.353  8741  8808 D DomainUtilsModule: Response content type: multipart/form-data; boundary=----7109177806034577696782536627
05-13 12:05:38.362  8741  8808 D DomainUtilsModule: Successfully decoded 19516 bytes of base64 data to 14637 bytes of binary STCM data
05-13 12:05:38.365  8741  8808 D DomainUtilsModule: STCM map saved to: /storage/emulated/0/Download/X3-Prep/map.stcm
05-13 12:05:38.369  8741  8794 D SlamtecUtilsModule: Processing map with SDK: /storage/emulated/0/Download/X3-Prep/map.stcm
05-13 12:05:38.383  8741  8794 D SlamtecUtilsModule: Loading map from: /storage/emulated/0/Download/X3-Prep/map.stcm
05-13 12:05:38.389  8741  8794 D uicommander_jni_debug: start
05-13 12:05:38.389  8741  8794 D uicommander_jni_debug: OK
05-13 12:05:38.391  8741  8794 D SlamtecUtilsModule: Map loaded successfully with SDK
05-13 12:05:38.396  8741  8794 D SlamtecUtilsModule: Connecting to robot at 192.168.11.1:1445
05-13 12:05:38.400  1304  1401 D #SerialPort: port1,in hex:4D411403002EFF4A4A154A080CFEFEFEFE010162
05-13 12:05:38.400  2522  2535 D #base_sdk_binary_r: 接收到hex数据:4D411403002EFF4A4A154A080CFEFEFEFE010162
05-13 12:05:38.400  2522  2535 D #base_sdk___r: 接收到测距数据
05-13 12:05:38.400  2522  2535 D EventBus: No subscribers registered for event class cn.inbot.padbotbasesdk.event.ReceiveRangingDataEvent
05-13 12:05:38.401  2522  2535 D EventBus: No subscribers registered for event class org.greenrobot.eventbus.NoSubscriberEvent
05-13 12:05:38.401  2522  2535 D EventBus: No subscribers registered for event class cn.inbot.padbotbasesdk.event.Receive2ndRangingDataEvent
05-13 12:05:38.401  2522  2535 D EventBus: No subscribers registered for event class org.greenrobot.eventbus.NoSubscriberEvent
05-13 12:05:38.401  2133  2173 D #base_sdk_binary_r: 接收到hex数据:4D411403002EFF4A4A154A080CFEFEFEFE010162
05-13 12:05:38.401  2133  2173 D #base_sdk___r: 接收到测距数据
05-13 12:05:38.401  2133  2173 D EventBus: No subscribers registered for event class cn.inbot.padbotbasesdk.event.ReceiveRangingDataEvent
05-13 12:05:38.401  2133  2173 D EventBus: No subscribers registered for event class org.greenrobot.eventbus.NoSubscriberEvent
05-13 12:05:38.401  2133  2173 D EventBus: No subscribers registered for event class cn.inbot.padbotbasesdk.event.Receive2ndRangingDataEvent
05-13 12:05:38.401  2133  2173 D EventBus: No subscribers registered for event class org.greenrobot.eventbus.NoSubscriberEvent
05-13 12:05:38.402  2222  2508 D PadBotNavigation: 机器人当前位置:worldGoord=(-6.436654567718506,-15.153412818908691,-1.4454025030136108),gridCoord=(21,189,-82), mileage:6155
05-13 12:05:38.402  1614  1907 D #base_sdk_binary_r: 接收到hex数据:4D411403002EFF4A4A154A080CFEFEFEFE010162
05-13 12:05:38.403  8741  8794 D SlamtecUtilsModule: Clearing existing map using SDK
05-13 12:05:38.405  2222 10640 D EventBus: No subscribers registered for event class cn.inbot.basiclib.event.ReceiveRangingDataEvent
05-13 12:05:38.405  2222 10640 D EventBus: No subscribers registered for event class org.greenrobot.eventbus.NoSubscriberEvent
05-13 12:05:38.406  1407  1627 D #base_sdk_binary_r: 接收到hex数据:4D411403002EFF4A4A154A080CFEFEFEFE010162
05-13 12:05:38.406  1407  1627 D EventBus: No subscribers registered for event class cn.inbot.padbotbasesdk.event.ReceiveRangingDataEvent
05-13 12:05:38.406  1407  1627 D EventBus: No subscribers registered for event class org.greenrobot.eventbus.NoSubscriberEvent
05-13 12:05:38.407  1407  1627 D EventBus: No subscribers registered for event class cn.inbot.padbotbasesdk.event.Receive2ndRangingDataEvent
05-13 12:05:38.407  1407  1627 D EventBus: No subscribers registered for event class org.greenrobot.eventbus.NoSubscriberEvent
05-13 12:05:38.408  1207  1221 D #base_sdk_binary_r: 接收到hex数据:4D411403002EFF4A4A154A080CFEFEFEFE010162
05-13 12:05:38.409  1207  1221 D EventBus: No subscribers registered for event class cn.inbot.padbotbasesdk.event.ReceiveRangingDataEvent
05-13 12:05:38.409  1207  1221 D EventBus: No subscribers registered for event class org.greenrobot.eventbus.NoSubscriberEvent
05-13 12:05:38.409  1207  1221 D EventBus: No subscribers registered for event class cn.inbot.padbotbasesdk.event.Receive2ndRangingDataEvent
05-13 12:05:38.409  1207  1221 D EventBus: No subscribers registered for event class org.greenrobot.eventbus.NoSubscriberEvent
05-13 12:05:38.409  2222 10640 D EventBus: No subscribers registered for event class cn.inbot.basiclib.event.Receive2ndRangingDataEvent
05-13 12:05:38.409  2222 10640 D EventBus: No subscribers registered for event class org.greenrobot.eventbus.NoSubscriberEvent
05-13 12:05:38.411  1535  1535 D __padbot_receive: 测距数据, 底左:74|地:12|底右:21|底后:74|头前:46
05-13 12:05:38.412  1535  1535 D EventBus: No subscribers registered for event class cn.inbot.padbotrobot.event.InfraEvent
05-13 12:05:38.412  1535  1535 D EventBus: No subscribers registered for event class org.greenrobot.eventbus.NoSubscriberEvent
05-13 12:05:38.893   251   251 I [Gralloc]: Got fd 16 for handle 1
05-13 12:05:38.893   251   251 I [Gralloc]: leave, w : 723, h : 341, format : 0x1,internal_format : 0x1, usage : 0xb00. size=1003904,pixel_stride=736,byte_stride=2944
05-13 12:05:38.893   251   251 I [Gralloc]: leave: prime_fd=16,share_attr_fd=17
05-13 12:05:38.894   260   303 I [Gralloc]: Got handle 21 for fd 131
05-13 12:05:38.894   260   303 I [Gralloc]: leave, w : 723, h : 341, format : 0x1,internal_format : 0x1, usage : 0xb00. size=1003904,pixel_stride=736,byte_stride=2944
05-13 12:05:38.894   260   303 I [Gralloc]: leave: prime_fd=131,share_attr_fd=143
05-13 12:05:38.895  8741  8772 I [Gralloc]: Got handle 7 for fd 104
05-13 12:05:38.896  8741  8772 I [Gralloc]: leave, w : 723, h : 341, format : 0x1,internal_format : 0x1, usage : 0xb00. size=1003904,pixel_stride=736,byte_stride=2944
05-13 12:05:38.896  8741  8772 I [Gralloc]: leave: prime_fd=104,share_attr_fd=105
05-13 12:05:38.911   251   251 I [Gralloc]: Got fd 16 for handle 1
05-13 12:05:38.911   251   251 I [Gralloc]: leave, w : 723, h : 341, format : 0x1,internal_format : 0x1, usage : 0xb00. size=1003904,pixel_stride=736,byte_stride=2944
05-13 12:05:38.911   251   251 I [Gralloc]: leave: prime_fd=16,share_attr_fd=17
05-13 12:05:38.911   260   303 I [Gralloc]: Got handle 17 for fd 100
05-13 12:05:38.912   260   303 I [Gralloc]: leave, w : 723, h : 341, format : 0x1,internal_format : 0x1, usage : 0xb00. size=1003904,pixel_stride=736,byte_stride=2944
05-13 12:05:38.912   260   303 I [Gralloc]: leave: prime_fd=100,share_attr_fd=101
05-13 12:05:38.913  8741  8772 I [Gralloc]: Got handle 8 for fd 107
05-13 12:05:38.913  8741  8772 I [Gralloc]: leave, w : 723, h : 341, format : 0x1,internal_format : 0x1, usage : 0xb00. size=1003904,pixel_stride=736,byte_stride=2944
05-13 12:05:38.913  8741  8772 I [Gralloc]: leave: prime_fd=107,share_attr_fd=108
05-13 12:05:38.922   252   252 I [Gralloc]: Got handle 13 for fd 78
05-13 12:05:38.922   252   252 I [Gralloc]: leave, w : 723, h : 341, format : 0x1,internal_format : 0x1, usage : 0xb00. size=1003904,pixel_stride=736,byte_stride=2944
05-13 12:05:38.922   252   252 I [Gralloc]: leave: prime_fd=78,share_attr_fd=79
05-13 12:05:38.940   252   252 I [Gralloc]: Got handle 14 for fd 77
05-13 12:05:38.940   252   252 I [Gralloc]: leave, w : 723, h : 341, format : 0x1,internal_format : 0x1, usage : 0xb00. size=1003904,pixel_stride=736,byte_stride=2944
05-13 12:05:38.940   252   252 I [Gralloc]: leave: prime_fd=77,share_attr_fd=81
05-13 12:05:38.957   252   252 I [Gralloc]: Got handle 15 for fd 83
05-13 12:05:38.957   252   252 I [Gralloc]: leave, w : 723, h : 341, format : 0x1,internal_format : 0x1, usage : 0xb00. size=1003904,pixel_stride=736,byte_stride=2944
05-13 12:05:38.957   252   252 I [Gralloc]: leave: prime_fd=83,share_attr_fd=84
05-13 12:05:38.992  1304  1401 D #SerialPort: port1,in hex:4D4114030030FF4A4A144A080CFEFEFEFE01017D
05-13 12:05:38.993  2522  2535 D #base_sdk_binary_r: 接收到hex数据:4D4114030030FF4A4A144A080CFEFEFEFE01017D
05-13 12:05:38.993  2522  2535 D #base_sdk___r: 接收到测距数据
05-13 12:05:38.994  2522  2535 D EventBus: No subscribers registered for event class cn.inbot.padbotbasesdk.event.ReceiveRangingDataEvent
05-13 12:05:38.994  2522  2535 D EventBus: No subscribers registered for event class org.greenrobot.eventbus.NoSubscriberEvent
05-13 12:05:38.994  2522  2535 D EventBus: No subscribers registered for event class cn.inbot.padbotbasesdk.event.Receive2ndRangingDataEvent
05-13 12:05:38.994  2522  2535 D EventBus: No subscribers registered for event class org.greenrobot.eventbus.NoSubscriberEvent
05-13 12:05:38.997  2133  2173 D #base_sdk_binary_r: 接收到hex数据:4D4114030030FF4A4A144A080CFEFEFEFE01017D
05-13 12:05:38.997  2133  2173 D #base_sdk___r: 接收到测距数据
05-13 12:05:38.998  2133  2173 D EventBus: No subscribers registered for event class cn.inbot.padbotbasesdk.event.ReceiveRangingDataEvent
05-13 12:05:38.998  2133  2173 D EventBus: No subscribers registered for event class org.greenrobot.eventbus.NoSubscriberEvent
05-13 12:05:38.998  2133  2173 D EventBus: No subscribers registered for event class cn.inbot.padbotbasesdk.event.Receive2ndRangingDataEvent
05-13 12:05:38.998  2133  2173 D EventBus: No subscribers registered for event class org.greenrobot.eventbus.NoSubscriberEvent
05-13 12:05:38.999  1614  1907 D #base_sdk_binary_r: 接收到hex数据:4D4114030030FF4A4A144A080CFEFEFEFE01017D
05-13 12:05:39.001  1407  1627 D #base_sdk_binary_r: 接收到hex数据:4D4114030030FF4A4A144A080CFEFEFEFE01017D
05-13 12:05:39.001  2222 10640 D EventBus: No subscribers registered for event class cn.inbot.basiclib.event.ReceiveRangingDataEvent
05-13 12:05:39.001  1407  1627 D EventBus: No subscribers registered for event class cn.inbot.padbotbasesdk.event.ReceiveRangingDataEvent
05-13 12:05:39.002  2222 10640 D EventBus: No subscribers registered for event class org.greenrobot.eventbus.NoSubscriberEvent
05-13 12:05:39.002  1407  1627 D EventBus: No subscribers registered for event class org.greenrobot.eventbus.NoSubscriberEvent
05-13 12:05:39.002  1407  1627 D EventBus: No subscribers registered for event class cn.inbot.padbotbasesdk.event.Receive2ndRangingDataEvent
05-13 12:05:39.002  1407  1627 D EventBus: No subscribers registered for event class org.greenrobot.eventbus.NoSubscriberEvent
05-13 12:05:39.003  1207  1221 D #base_sdk_binary_r: 接收到hex数据:4D4114030030FF4A4A144A080CFEFEFEFE01017D
05-13 12:05:39.003  1207  1221 D EventBus: No subscribers registered for event class cn.inbot.padbotbasesdk.event.ReceiveRangingDataEvent
05-13 12:05:39.003  1207  1221 D EventBus: No subscribers registered for event class org.greenrobot.eventbus.NoSubscriberEvent
05-13 12:05:39.003  1207  1221 D EventBus: No subscribers registered for event class cn.inbot.padbotbasesdk.event.Receive2ndRangingDataEvent
05-13 12:05:39.003  1207  1221 D EventBus: No subscribers registered for event class org.greenrobot.eventbus.NoSubscriberEvent
05-13 12:05:39.004  2222 10640 D EventBus: No subscribers registered for event class cn.inbot.basiclib.event.Receive2ndRangingDataEvent
05-13 12:05:39.004  2222 10640 D EventBus: No subscribers registered for event class org.greenrobot.eventbus.NoSubscriberEvent
05-13 12:05:39.006  1535  1535 D __padbot_receive: 测距数据, 底左:74|地:12|底右:20|底后:74|头前:48
05-13 12:05:39.006  1535  1535 D EventBus: No subscribers registered for event class cn.inbot.padbotrobot.event.InfraEvent
05-13 12:05:39.006  1535  1535 D EventBus: No subscribers registered for event class org.greenrobot.eventbus.NoSubscriberEvent
05-13 12:05:39.046  1207  1207 D LockRobotService: lock status:2
05-13 12:05:39.046  1207  1207 D EventBus: No subscribers registered for event class cn.inbot.padbotlauncher.event.OnUnLockRobotEvent
05-13 12:05:39.046  1207  1207 D EventBus: No subscribers registered for event class org.greenrobot.eventbus.NoSubscriberEvent
05-13 12:05:39.055  8741  8794 D SlamtecUtilsModule: Map cleared successfully with SDK
05-13 12:05:39.071  8741  8794 D SlamtecUtilsModule: Uploading map to platform
05-13 12:05:39.073  1535  2419 I PBTimerManager: 定时执行：心跳任务
05-13 12:05:39.110  8741  8794 F zygote64: java_vm_ext.cc:534] JNI DETECTED ERROR IN APPLICATION: can't call float com.slamtec.slamware.robot.Pose.getX() on null object
05-13 12:05:39.110  8741  8794 F zygote64: java_vm_ext.cc:534]     in call to CallFloatMethodV
05-13 12:05:39.110  8741  8794 F zygote64: java_vm_ext.cc:534]     from void com.slamtec.slamware.sdp.SlamwareSdpPlatform.setCompositeMap(com.slamtec.slamware.robot.CompositeMap, com.slamtec.slamware.robot.Pose)
05-13 12:05:39.110  8741  8794 F zygote64: java_vm_ext.cc:534] "pool-2-thread-1" prio=5 tid=24 Runnable
05-13 12:05:39.110  8741  8794 F zygote64: java_vm_ext.cc:534]   | group="main" sCount=0 dsCount=0 flags=0 obj=0x13400328 self=0x79d4716800
05-13 12:05:39.110  8741  8794 F zygote64: java_vm_ext.cc:534]   | sysTid=8794 nice=0 cgrp=default sched=0/0 handle=0x79c11ff4f0
05-13 12:05:39.110  8741  8794 F zygote64: java_vm_ext.cc:534]   | state=R schedstat=( 105577294 8408081 79 ) utm=9 stm=0 core=4 HZ=100
05-13 12:05:39.110  8741  8794 F zygote64: java_vm_ext.cc:534]   | stack=0x79c10fd000-0x79c10ff000 stackSize=1037KB
05-13 12:05:39.110  8741  8794 F zygote64: java_vm_ext.cc:534]   | held mutexes= "mutator lock"(shared held)
05-13 12:05:39.110  8741  8794 F zygote64: java_vm_ext.cc:534]   native: #00 pc 00000000003ccb5c  /system/lib64/libart.so (art::DumpNativeStack(std::__1::basic_ostream<char, std::__1::char_traits<char>>&, int, BacktraceMap*, char const*, art::ArtMethod*, void*)+208)
05-13 12:05:39.110  8741  8794 F zygote64: java_vm_ext.cc:534]   native: #01 pc 000000000049cdf4  /system/lib64/libart.so (art::Thread::DumpStack(std::__1::basic_ostream<char, std::__1::char_traits<char>>&, bool, BacktraceMap*, bool) const+348)
05-13 12:05:39.110  8741  8794 F zygote64: java_vm_ext.cc:534]   native: #02 pc 00000000002fe388  /system/lib64/libart.so (art::JavaVMExt::JniAbort(char const*, char const*)+1048)
05-13 12:05:39.110  8741  8794 F zygote64: java_vm_ext.cc:534]   native: #03 pc 00000000002fe788  /system/lib64/libart.so (art::JavaVMExt::JniAbortV(char const*, char const*, std::__va_list)+108)
05-13 12:05:39.110  8741  8794 F zygote64: java_vm_ext.cc:534]   native: #04 pc 000000000010e02c  /system/lib64/libart.so (art::ScopedCheck::AbortF(char const*, ...)+152)
05-13 12:05:39.110  8741  8794 F zygote64: java_vm_ext.cc:534]   native: #05 pc 0000000000111b10  /system/lib64/libart.so (art::ScopedCheck::CheckMethodAndSig(art::ScopedObjectAccess&, _jobject*, _jclass*, _jmethodID*, art::Primitive::Type, art::InvokeType)+1584)
05-13 12:05:39.110  8741  8794 F zygote64: java_vm_ext.cc:534]   native: #06 pc 00000000001103c4  /system/lib64/libart.so (art::CheckJNI::CallMethodV(char const*, _JNIEnv*, _jobject*, _jclass*, _jmethodID*, std::__va_list, art::Primitive::Type, art::InvokeType)+688)
05-13 12:05:39.110  8741  8794 F zygote64: java_vm_ext.cc:534]   native: #07 pc 00000000000feae0  /system/lib64/libart.so (art::CheckJNI::CallFloatMethodV(_JNIEnv*, _jobject*, _jmethodID*, std::__va_list)+84)
05-13 12:05:39.110  8741  8794 F zygote64: java_vm_ext.cc:534]   native: #08 pc 000000000023e470  /data/app/com.x3prep-qiJ9bDZoM8AMmNceqGmn5Q==/base.apk (???)
05-13 12:05:39.110  8741  8794 F zygote64: java_vm_ext.cc:534]   native: #09 pc 0000000000260904  /data/app/com.x3prep-qiJ9bDZoM8AMmNceqGmn5Q==/base.apk (???)
05-13 12:05:39.110  8741  8794 F zygote64: java_vm_ext.cc:534]   native: #10 pc 000000000001fa14  /data/app/com.x3prep-qiJ9bDZoM8AMmNceqGmn5Q==/oat/arm64/base.odex (Java_com_slamtec_slamware_sdp_SlamwareSdpPlatform_setCompositeMap__Lcom_slamtec_slamware_robot_CompositeMap_2Lcom_slamtec_slamware_robot_Pose_2+180)
05-13 12:05:39.110  8741  8794 F zygote64: java_vm_ext.cc:534]   at com.slamtec.slamware.sdp.SlamwareSdpPlatform.setCompositeMap(Native method)
05-13 12:05:39.110  8741  8794 F zygote64: java_vm_ext.cc:534]   at com.robotgui.SlamtecUtilsModule.lambda$processMapWithSdk$78(SlamtecUtilsModule.java:1527)
05-13 12:05:39.110  8741  8794 F zygote64: java_vm_ext.cc:534]   at com.robotgui.SlamtecUtilsModule.$r8$lambda$iJiJQzT4gfJIXKA-f0deV30kla8(SlamtecUtilsModule.java:-1)
05-13 12:05:39.110  8741  8794 F zygote64: java_vm_ext.cc:534]   at com.robotgui.SlamtecUtilsModule$$ExternalSyntheticLambda5.run(D8$$SyntheticClass:0)
05-13 12:05:39.110  8741  8794 F zygote64: java_vm_ext.cc:534]   at java.util.concurrent.ThreadPoolExecutor.runWorker(ThreadPoolExecutor.java:1162)
05-13 12:05:39.110  8741  8794 F zygote64: java_vm_ext.cc:534]   at java.util.concurrent.ThreadPoolExecutor$Worker.run(ThreadPoolExecutor.java:636)
05-13 12:05:39.110  8741  8794 F zygote64: java_vm_ext.cc:534]   at java.lang.Thread.run(Thread.java:764)
05-13 12:05:39.111  8741  8794 F zygote64: java_vm_ext.cc:534] 
05-13 12:05:39.235  8741  8794 F zygote64: runtime.cc:523] Runtime aborting...
05-13 12:05:39.235  8741  8794 F zygote64: runtime.cc:523] Dumping all threads without appropriate locks held: thread list lock mutator lock
05-13 12:05:39.235  8741  8794 F zygote64: runtime.cc:523] All threads:
05-13 12:05:39.235  8741  8794 F zygote64: runtime.cc:523] DALVIK THREADS (41):
05-13 12:05:39.235  8741  8794 F zygote64: runtime.cc:523] "pool-2-thread-1" prio=5 tid=24 Runnable
05-13 12:05:39.235  8741  8794 F zygote64: runtime.cc:523]   | group="" sCount=0 dsCount=0 flags=0 obj=0x13400328 self=0x79d4716800
05-13 12:05:39.235  8741  8794 F zygote64: runtime.cc:523]   | sysTid=8794 nice=0 cgrp=default sched=0/0 handle=0x79c11ff4f0
05-13 12:05:39.235  8741  8794 F zygote64: runtime.cc:523]   | state=R schedstat=( 149174459 10519748 96 ) utm=11 stm=3 core=4 HZ=100
05-13 12:05:39.235  8741  8794 F zygote64: runtime.cc:523]   | stack=0x79c10fd000-0x79c10ff000 stackSize=1037KB
05-13 12:05:39.235  8741  8794 F zygote64: runtime.cc:523]   | held mutexes= "abort lock" "mutator lock"(shared held)
05-13 12:05:39.235  8741  8794 F zygote64: runtime.cc:523]   native: #00 pc 00000000003ccb5c  /system/lib64/libart.so (art::DumpNativeStack(std::__1::basic_ostream<char, std::__1::char_traits<char>>&, int, BacktraceMap*, char const*, art::ArtMethod*, void*)+208)
05-13 12:05:39.235  8741  8794 F zygote64: runtime.cc:523]   native: #01 pc 000000000049cdf4  /system/lib64/libart.so (art::Thread::DumpStack(std::__1::basic_ostream<char, std::__1::char_traits<char>>&, bool, BacktraceMap*, bool) const+348)
05-13 12:05:39.235  8741  8794 F zygote64: runtime.cc:523]   native: #02 pc 00000000004b4b68  /system/lib64/libart.so (art::DumpCheckpoint::Run(art::Thread*)+884)
05-13 12:05:39.235  8741  8794 F zygote64: runtime.cc:523]   native: #03 pc 00000000004ad374  /system/lib64/libart.so (art::ThreadList::RunCheckpoint(art::Closure*, art::Closure*)+472)
05-13 12:05:39.235  8741  8794 F zygote64: runtime.cc:523]   native: #04 pc 00000000004accf0  /system/lib64/libart.so (art::ThreadList::Dump(std::__1::basic_ostream<char, std::__1::char_traits<char>>&, bool)+792)
05-13 12:05:39.235  8741  8794 F zygote64: runtime.cc:523]   native: #05 pc 000000000048435c  /system/lib64/libart.so (art::AbortState::Dump(std::__1::basic_ostream<char, std::__1::char_traits<char>>&) const+220)
05-13 12:05:39.235  8741  8794 F zygote64: runtime.cc:523]   native: #06 pc 000000000047598c  /system/lib64/libart.so (art::Runtime::Abort(char const*)+196)
05-13 12:05:39.235  8741  8794 F zygote64: runtime.cc:523]   native: #07 pc 000000000056b3ec  /system/lib64/libart.so (android::base::LogMessage::~LogMessage()+1004)
05-13 12:05:39.235  8741  8794 F zygote64: runtime.cc:523]   native: #08 pc 00000000002fe620  /system/lib64/libart.so (art::JavaVMExt::JniAbort(char const*, char const*)+1712)
05-13 12:05:39.235  8741  8794 F zygote64: runtime.cc:523]   native: #09 pc 00000000002fe788  /system/lib64/libart.so (art::JavaVMExt::JniAbortV(char const*, char const*, std::__va_list)+108)
05-13 12:05:39.235  8741  8794 F zygote64: runtime.cc:523]   native: #10 pc 000000000010e02c  /system/lib64/libart.so (art::ScopedCheck::AbortF(char const*, ...)+152)
05-13 12:05:39.235  8741  8794 F zygote64: runtime.cc:523]   native: #11 pc 0000000000111b10  /system/lib64/libart.so (art::ScopedCheck::CheckMethodAndSig(art::ScopedObjectAccess&, _jobject*, _jclass*, _jmethodID*, art::Primitive::Type, art::InvokeType)+1584)
05-13 12:05:39.235  8741  8794 F zygote64: runtime.cc:523]   native: #12 pc 00000000001103c4  /system/lib64/libart.so (art::CheckJNI::CallMethodV(char const*, _JNIEnv*, _jobject*, _jclass*, _jmethodID*, std::__va_list, art::Primitive::Type, art::InvokeType)+688)
05-13 12:05:39.235  8741  8794 F zygote64: runtime.cc:523]   native: #13 pc 00000000000feae0  /system/lib64/libart.so (art::CheckJNI::CallFloatMethodV(_JNIEnv*, _jobject*, _jmethodID*, std::__va_list)+84)
05-13 12:05:39.235  8741  8794 F zygote64: runtime.cc:523]   native: #14 pc 000000000023e470  /data/app/com.x3prep-qiJ9bDZoM8AMmNceqGmn5Q==/base.apk (???)
05-13 12:05:39.235  8741  8794 F zygote64: runtime.cc:523]   native: #15 pc 0000000000260904  /data/app/com.x3prep-qiJ9bDZoM8AMmNceqGmn5Q==/base.apk (???)
05-13 12:05:39.235  8741  8794 F zygote64: runtime.cc:523]   native: #16 pc 000000000001fa14  /data/app/com.x3prep-qiJ9bDZoM8AMmNceqGmn5Q==/oat/arm64/base.odex (Java_com_slamtec_slamware_sdp_SlamwareSdpPlatform_setCompositeMap__Lcom_slamtec_slamware_robot_CompositeMap_2Lcom_slamtec_slamware_robot_Pose_2+180)
05-13 12:05:39.235  8741  8794 F zygote64: runtime.cc:523]   at com.slamtec.slamware.sdp.SlamwareSdpPlatform.setCompositeMap(Native method)
05-13 12:05:39.235  8741  8794 F zygote64: runtime.cc:523]   at com.robotgui.SlamtecUtilsModule.lambda$processMapWithSdk$78(SlamtecUtilsModule.java:1527)
05-13 12:05:39.235  8741  8794 F zygote64: runtime.cc:523]   at com.robotgui.SlamtecUtilsModule.$r8$lambda$iJiJQzT4gfJIXKA-f0deV30kla8(SlamtecUtilsModule.java:-1)
05-13 12:05:39.235  8741  8794 F zygote64: runtime.cc:523]   at com.robotgui.SlamtecUtilsModule$$ExternalSyntheticLambda5.run(D8$$SyntheticClass:0)
05-13 12:05:39.235  8741  8794 F zygote64: runtime.cc:523]   at java.util.concurrent.ThreadPoolExecutor.runWorker(ThreadPoolExecutor.java:1162)
05-13 12:05:39.235  8741  8794 F zygote64: runtime.cc:523]   at java.util.concurrent.ThreadPoolExecutor$Worker.run(ThreadPoolExecutor.java:636)
05-13 12:05:39.235  8741  8794 F zygote64: runtime.cc:523]   at java.lang.Thread.run(Thread.java:764)
05-13 12:05:39.235  8741  8794 F zygote64: runtime.cc:523] 
05-13 12:05:39.235  8741  8794 F zygote64: runtime.cc:523] "main" prio=5 tid=1 Native
05-13 12:05:39.235  8741  8794 F zygote64: runtime.cc:523]   | group="" sCount=1 dsCount=0 flags=1 obj=0x725f45f0 self=0x79dccbea00
05-13 12:05:39.235  8741  8794 F zygote64: runtime.cc:523]   | sysTid=8741 nice=-10 cgrp=default sched=0/0 handle=0x7a6188b9a8
05-13 12:05:39.235  8741  8794 F zygote64: runtime.cc:523]   | state=S schedstat=( 2732477049 176948544 2007 ) utm=255 stm=17 core=5 HZ=100
05-13 12:05:39.235  8741  8794 F zygote64: runtime.cc:523]   | stack=0x7ffe886000-0x7ffe888000 stackSize=8MB
05-13 12:05:39.235  8741  8794 F zygote64: runtime.cc:523]   | held mutexes=
05-13 12:05:39.235  8741  8794 F zygote64: runtime.cc:523]   kernel: (couldn't read /proc/self/task/8741/stack)
05-13 12:05:39.236  8741  8794 F zygote64: runtime.cc:523]   native: #00 pc 000000000001d4ac  /system/lib64/libc.so (syscall+28)
05-13 12:05:39.236  8741  8794 F zygote64: runtime.cc:523]   native: #01 pc 00000000000e663c  /system/lib64/libart.so (art::ConditionVariable::WaitHoldingLocks(art::Thread*)+152)
05-13 12:05:39.236  8741  8794 F zygote64: runtime.cc:523]   native: #02 pc 00000000001102f8  /system/lib64/libart.so (art::CheckJNI::CallMethodV(char const*, _JNIEnv*, _jobject*, _jclass*, _jmethodID*, std::__va_list, art::Primitive::Type, art::InvokeType)+484)
05-13 12:05:39.236  8741  8794 F zygote64: runtime.cc:523]   native: #03 pc 00000000000fdfc8  /system/lib64/libart.so (art::CheckJNI::CallObjectMethod(_JNIEnv*, _jobject*, _jmethodID*, ...)+156)
05-13 12:05:39.236  8741  8794 F zygote64: runtime.cc:523]   native: #04 pc 0000000000166404  /system/lib64/libandroid_runtime.so (???)
05-13 12:05:39.236  8741  8794 F zygote64: runtime.cc:523]   native: #05 pc 0000000000015ffc  /system/lib64/libutils.so (android::Looper::pollInner(int)+836)
05-13 12:05:39.236  8741  8794 F zygote64: runtime.cc:523]   native: #06 pc 0000000000015c28  /system/lib64/libutils.so (android::Looper::pollOnce(int, int*, int*, void**)+108)
05-13 12:05:39.236  8741  8794 F zygote64: runtime.cc:523]   native: #07 pc 000000000010f558  /system/lib64/libandroid_runtime.so (???)
05-13 12:05:39.236  8741  8794 F zygote64: runtime.cc:523]   native: #08 pc 00000000001dca1c  /system/framework/arm64/boot-framework.oat (Java_android_os_MessageQueue_nativePollOnce__JI+140)
05-13 12:05:39.236  8741  8794 F zygote64: runtime.cc:523]   at android.os.MessageQueue.nativePollOnce(Native method)
05-13 12:05:39.236  8741  8794 F zygote64: runtime.cc:523]   at android.os.MessageQueue.next(MessageQueue.java:325)
05-13 12:05:39.236  8741  8794 F zygote64: runtime.cc:523]   at android.os.Looper.loop(Looper.java:142)
05-13 12:05:39.236  8741  8794 F zygote64: runtime.cc:523]   at android.app.ActivityThread.main(ActivityThread.java:6494)
05-13 12:05:39.236  8741  8794 F zygote64: runtime.cc:523]   at java.lang.reflect.Method.invoke(Native method)
05-13 12:05:39.236  8741  8794 F zygote64: runtime.cc:523]   at com.android.internal.os.RuntimeInit$MethodAndArgsCaller.run(RuntimeInit.java:438)
05-13 12:05:39.236  8741  8794 F zygote64: runtime.cc:523]   at com.android.internal.os.ZygoteInit.main(ZygoteInit.java:807)
05-13 12:05:39.236  8741  8794 F zygote64: runtime.cc:523] 
05-13 12:05:39.236  8741  8794 F zygote64: runtime.cc:523] "Jit thread pool worker thread 0" prio=5 tid=2 Native
05-13 12:05:39.236  8741  8794 F zygote64: runtime.cc:523]   | group="" sCount=1 dsCount=0 flags=1 obj=0x130002a8 self=0x79d460e000
05-13 12:05:39.236  8741  8794 F zygote64: runtime.cc:523]   | sysTid=8746 nice=9 cgrp=default sched=0/0 handle=0x79d45ff4f0
05-13 12:05:39.236  8741  8794 F zygote64: runtime.cc:523]   | state=S schedstat=( 1702866129 291714666 1831 ) utm=136 stm=33 core=2 HZ=100
05-13 12:05:39.236  8741  8794 F zygote64: runtime.cc:523]   | stack=0x79d4501000-0x79d4503000 stackSize=1021KB
05-13 12:05:39.236  8741  8794 F zygote64: runtime.cc:523]   | held mutexes=
05-13 12:05:39.236  8741  8794 F zygote64: runtime.cc:523]   kernel: (couldn't read /proc/self/task/8746/stack)
05-13 12:05:39.236  8741  8794 F zygote64: runtime.cc:523]   native: #00 pc 000000000001d4ac  /system/lib64/libc.so (syscall+28)
05-13 12:05:39.236  8741  8794 F zygote64: runtime.cc:523]   native: #01 pc 00000000000e663c  /system/lib64/libart.so (art::ConditionVariable::WaitHoldingLocks(art::Thread*)+152)
05-13 12:05:39.236  8741  8794 F zygote64: runtime.cc:523]   native: #02 pc 00000000004b6324  /system/lib64/libart.so (art::ThreadPool::GetTask(art::Thread*)+256)
05-13 12:05:39.236  8741  8794 F zygote64: runtime.cc:523]   native: #03 pc 00000000004b5a18  /system/lib64/libart.so (art::ThreadPoolWorker::Run()+124)
05-13 12:05:39.236  8741  8794 F zygote64: runtime.cc:523]   native: #04 pc 00000000004b54ec  /system/lib64/libart.so (art::ThreadPoolWorker::Callback(void*)+148)
05-13 12:05:39.236  8741  8794 F zygote64: runtime.cc:523]   native: #05 pc 0000000000067d80  /system/lib64/libc.so (__pthread_start(void*)+36)
05-13 12:05:39.236  8741  8794 F zygote64: runtime.cc:523]   native: #06 pc 000000000001ec18  /system/lib64/libc.so (__start_thread+68)
05-13 12:05:39.236  8741  8794 F zygote64: runtime.cc:523]   (no managed stack frames)
05-13 12:05:39.236  8741  8794 F zygote64: runtime.cc:523] 
05-13 12:05:39.236  8741  8794 F zygote64: runtime.cc:523] "Signal Catcher" prio=5 tid=3 WaitingInMainSignalCatcherLoop
05-13 12:05:39.236  8741  8794 F zygote64: runtime.cc:523]   | group="" sCount=1 dsCount=0 flags=1 obj=0x13000000 self=0x79dccbf400
05-13 12:05:39.236  8741  8794 F zygote64: runtime.cc:523]   | sysTid=8747 nice=0 cgrp=default sched=0/0 handle=0x79d44fe4f0
05-13 12:05:39.236  8741  8794 F zygote64: runtime.cc:523]   | state=S schedstat=( 312667 0 1 ) utm=0 stm=0 core=5 HZ=100
05-13 12:05:39.236  8741  8794 F zygote64: runtime.cc:523]   | stack=0x79d4404000-0x79d4406000 stackSize=1005KB
05-13 12:05:39.236  8741  8794 F zygote64: runtime.cc:523]   | held mutexes=
05-13 12:05:39.236  8741  8794 F zygote64: runtime.cc:523]   kernel: (couldn't read /proc/self/task/8747/stack)
05-13 12:05:39.236  8741  8794 F zygote64: runtime.cc:523]   native: #00 pc 000000000006a64c  /system/lib64/libc.so (__rt_sigtimedwait+8)
05-13 12:05:39.236  8741  8794 F zygote64: runtime.cc:523]   native: #01 pc 00000000000284dc  /system/lib64/libc.so (sigwait+60)
05-13 12:05:39.236  8741  8794 F zygote64: runtime.cc:523]   native: #02 pc 000000000048ba54  /system/lib64/libart.so (art::SignalSet::Wait()+44)
05-13 12:05:39.236  8741  8794 F zygote64: runtime.cc:523]   native: #03 pc 000000000048b54c  /system/lib64/libart.so (art::SignalCatcher::WaitForSignal(art::Thread*, art::SignalSet&)+252)
05-13 12:05:39.236  8741  8794 F zygote64: runtime.cc:523]   native: #04 pc 0000000000489d28  /system/lib64/libart.so (art::SignalCatcher::Run(void*)+268)
05-13 12:05:39.236  8741  8794 F zygote64: runtime.cc:523]   native: #05 pc 0000000000067d80  /system/lib64/libc.so (__pthread_start(void*)+36)
05-13 12:05:39.236  8741  8794 F zygote64: runtime.cc:523]   native: #06 pc 000000000001ec18  /system/lib64/libc.so (__start_thread+68)
05-13 12:05:39.236  8741  8794 F zygote64: runtime.cc:523]   (no managed stack frames)
05-13 12:05:39.236  8741  8794 F zygote64: runtime.cc:523] 
05-13 12:05:39.236  8741  8794 F zygote64: runtime.cc:523] "JDWP" prio=5 tid=4 WaitingInMainDebuggerLoop
05-13 12:05:39.236  8741  8794 F zygote64: runtime.cc:523]   | group="" sCount=1 dsCount=0 flags=1 obj=0x13000088 self=0x79d4614400
05-13 12:05:39.236  8741  8794 F zygote64: runtime.cc:523]   | sysTid=8748 nice=0 cgrp=default sched=0/0 handle=0x79c5da04f0
05-13 12:05:39.236  8741  8794 F zygote64: runtime.cc:523]   | state=S schedstat=( 424083 232167 3 ) utm=0 stm=0 core=5 HZ=100
05-13 12:05:39.236  8741  8794 F zygote64: runtime.cc:523]   | stack=0x79c5ca6000-0x79c5ca8000 stackSize=1005KB
05-13 12:05:39.236  8741  8794 F zygote64: runtime.cc:523]   | held mutexes=
05-13 12:05:39.236  8741  8794 F zygote64: runtime.cc:523]   kernel: (couldn't read /proc/self/task/8748/stack)
05-13 12:05:39.236  8741  8794 F zygote64: runtime.cc:523]   native: #00 pc 000000000006b020  /system/lib64/libc.so (recvmsg+4)
05-13 12:05:39.236  8741  8794 F zygote64: runtime.cc:523]   native: #01 pc 0000000000557930  /system/lib64/libart.so (art::JDWP::JdwpAdbState::ReceiveClientFd()+132)
05-13 12:05:39.236  8741  8794 F zygote64: runtime.cc:523]   native: #02 pc 0000000000557ec8  /system/lib64/libart.so (art::JDWP::JdwpAdbState::Accept()+672)
05-13 12:05:39.236  8741  8794 F zygote64: runtime.cc:523]   native: #03 pc 0000000000312d54  /system/lib64/libart.so (art::JDWP::JdwpState::Run()+388)
05-13 12:05:39.236  8741  8794 F zygote64: runtime.cc:523]   native: #04 pc 0000000000312464  /system/lib64/libart.so (art::JDWP::StartJdwpThread(void*)+40)
05-13 12:05:39.236  8741  8794 F zygote64: runtime.cc:523]   native: #05 pc 0000000000067d80  /system/lib64/libc.so (__pthread_start(void*)+36)
05-13 12:05:39.236  8741  8794 F zygote64: runtime.cc:523]   native: #06 pc 000000000001ec18  /system/lib64/libc.so (__start_thread+68)
05-13 12:05:39.236  8741  8794 F zygote64: runtime.cc:523]   (no managed stack frames)
05-13 12:05:39.237  8741  8794 F zygote64: runtime.cc:523] 
05-13 12:05:39.237  8741  8794 F zygote64: runtime.cc:523] "ReferenceQueueDaemon" prio=5 tid=5 Waiting
05-13 12:05:39.237  8741  8794 F zygote64: runtime.cc:523]   | group="" sCount=1 dsCount=0 flags=1 obj=0x13000110 self=0x79dccd4400
05-13 12:05:39.237  8741  8794 F zygote64: runtime.cc:523]   | sysTid=8749 nice=4 cgrp=default sched=0/0 handle=0x79c5ca34f0
05-13 12:05:39.237  8741  8794 F zygote64: runtime.cc:523]   | state=S schedstat=( 13578248 4523250 21 ) utm=1 stm=0 core=4 HZ=100
05-13 12:05:39.237  8741  8794 F zygote64: runtime.cc:523]   | stack=0x79c5ba1000-0x79c5ba3000 stackSize=1037KB
05-13 12:05:39.237  8741  8794 F zygote64: runtime.cc:523]   | held mutexes=
05-13 12:05:39.237  8741  8794 F zygote64: runtime.cc:523]   kernel: (couldn't read /proc/self/task/8749/stack)
05-13 12:05:39.237  8741  8794 F zygote64: runtime.cc:523]   native: #00 pc 000000000001d4ac  /system/lib64/libc.so (syscall+28)
05-13 12:05:39.237  8741  8794 F zygote64: runtime.cc:523]   native: #01 pc 00000000000e663c  /system/lib64/libart.so (art::ConditionVariable::WaitHoldingLocks(art::Thread*)+152)
05-13 12:05:39.237  8741  8794 F zygote64: runtime.cc:523]   native: #02 pc 00000000003c7dd4  /system/lib64/libart.so (art::Monitor::Wait(art::Thread*, long, int, bool, art::ThreadState)+636)
05-13 12:05:39.237  8741  8794 F zygote64: runtime.cc:523]   native: #03 pc 00000000003c9864  /system/lib64/libart.so (art::Monitor::Wait(art::Thread*, art::mirror::Object*, long, int, bool, art::ThreadState)+376)
05-13 12:05:39.237  8741  8794 F zygote64: runtime.cc:523]   native: #04 pc 000000000000070c  /system/framework/arm64/boot.oat (Java_java_lang_Object_wait__+124)
05-13 12:05:39.237  8741  8794 F zygote64: runtime.cc:523]   at java.lang.Object.wait(Native method)
05-13 12:05:39.237  8741  8794 F zygote64: runtime.cc:523]   - waiting on <0x0fc329c8> (a java.lang.Class<java.lang.ref.ReferenceQueue>)
05-13 12:05:39.237  8741  8794 F zygote64: runtime.cc:523]   at java.lang.Daemons$ReferenceQueueDaemon.runInternal(Daemons.java:178)
05-13 12:05:39.237  8741  8794 F zygote64: runtime.cc:523]   - locked <0x0fc329c8> (a java.lang.Class<java.lang.ref.ReferenceQueue>)
05-13 12:05:39.237  8741  8794 F zygote64: runtime.cc:523]   at java.lang.Daemons$Daemon.run(Daemons.java:103)
05-13 12:05:39.237  8741  8794 F zygote64: runtime.cc:523]   at java.lang.Thread.run(Thread.java:764)
05-13 12:05:39.237  8741  8794 F zygote64: runtime.cc:523] 
05-13 12:05:39.237  8741  8794 F zygote64: runtime.cc:523] "FinalizerDaemon" prio=5 tid=6 Waiting
05-13 12:05:39.237  8741  8794 F zygote64: runtime.cc:523]   | group="" sCount=1 dsCount=0 flags=1 obj=0x13000198 self=0x79dccd4e00
05-13 12:05:39.237  8741  8794 F zygote64: runtime.cc:523]   | sysTid=8750 nice=4 cgrp=default sched=0/0 handle=0x79c5b9e4f0
05-13 12:05:39.237  8741  8794 F zygote64: runtime.cc:523]   | state=S schedstat=( 25140500 12616919 26 ) utm=1 stm=0 core=0 HZ=100
05-13 12:05:39.237  8741  8794 F zygote64: runtime.cc:523]   | stack=0x79c5a9c000-0x79c5a9e000 stackSize=1037KB
05-13 12:05:39.237  8741  8794 F zygote64: runtime.cc:523]   | held mutexes=
05-13 12:05:39.237  8741  8794 F zygote64: runtime.cc:523]   kernel: (couldn't read /proc/self/task/8750/stack)
05-13 12:05:39.237  8741  8794 F zygote64: runtime.cc:523]   native: #00 pc 000000000001d4ac  /system/lib64/libc.so (syscall+28)
05-13 12:05:39.237  8741  8794 F zygote64: runtime.cc:523]   native: #01 pc 00000000000e663c  /system/lib64/libart.so (art::ConditionVariable::WaitHoldingLocks(art::Thread*)+152)
05-13 12:05:39.237  8741  8794 F zygote64: runtime.cc:523]   native: #02 pc 00000000003c7dd4  /system/lib64/libart.so (art::Monitor::Wait(art::Thread*, long, int, bool, art::ThreadState)+636)
05-13 12:05:39.237  8741  8794 F zygote64: runtime.cc:523]   native: #03 pc 00000000003c9864  /system/lib64/libart.so (art::Monitor::Wait(art::Thread*, art::mirror::Object*, long, int, bool, art::ThreadState)+376)
05-13 12:05:39.237  8741  8794 F zygote64: runtime.cc:523]   native: #04 pc 0000000000000aec  /system/framework/arm64/boot.oat (Java_java_lang_Object_wait__JI+140)
05-13 12:05:39.237  8741  8794 F zygote64: runtime.cc:523]   at java.lang.Object.wait(Native method)
05-13 12:05:39.237  8741  8794 F zygote64: runtime.cc:523]   - waiting on <0x0583ea61> (a java.lang.Object)
05-13 12:05:39.237  8741  8794 F zygote64: runtime.cc:523]   at java.lang.Object.wait(Object.java:422)
05-13 12:05:39.237  8741  8794 F zygote64: runtime.cc:523]   at java.lang.ref.ReferenceQueue.remove(ReferenceQueue.java:188)
05-13 12:05:39.237  8741  8794 F zygote64: runtime.cc:523]   - locked <0x0583ea61> (a java.lang.Object)
05-13 12:05:39.237  8741  8794 F zygote64: runtime.cc:523]   at java.lang.ref.ReferenceQueue.remove(ReferenceQueue.java:209)
05-13 12:05:39.237  8741  8794 F zygote64: runtime.cc:523]   at java.lang.Daemons$FinalizerDaemon.runInternal(Daemons.java:232)
05-13 12:05:39.237  8741  8794 F zygote64: runtime.cc:523]   at java.lang.Daemons$Daemon.run(Daemons.java:103)
05-13 12:05:39.237  8741  8794 F zygote64: runtime.cc:523]   at java.lang.Thread.run(Thread.java:764)
05-13 12:05:39.237  8741  8794 F zygote64: runtime.cc:523] 
05-13 12:05:39.237  8741  8794 F zygote64: runtime.cc:523] "FinalizerWatchdogDaemon" prio=5 tid=7 Waiting
05-13 12:05:39.237  8741  8794 F zygote64: runtime.cc:523]   | group="" sCount=1 dsCount=0 flags=1 obj=0x13000220 self=0x79dccd5800
05-13 12:05:39.237  8741  8794 F zygote64: runtime.cc:523]   | sysTid=8751 nice=4 cgrp=default sched=0/0 handle=0x79c5a994f0
05-13 12:05:39.237  8741  8794 F zygote64: runtime.cc:523]   | state=S schedstat=( 660041 300709 9 ) utm=0 stm=0 core=5 HZ=100
05-13 12:05:39.237  8741  8794 F zygote64: runtime.cc:523]   | stack=0x79c5997000-0x79c5999000 stackSize=1037KB
05-13 12:05:39.237  8741  8794 F zygote64: runtime.cc:523]   | held mutexes=
05-13 12:05:39.237  8741  8794 F zygote64: runtime.cc:523]   kernel: (couldn't read /proc/self/task/8751/stack)
05-13 12:05:39.237  8741  8794 F zygote64: runtime.cc:523]   native: #00 pc 000000000001d4ac  /system/lib64/libc.so (syscall+28)
05-13 12:05:39.237  8741  8794 F zygote64: runtime.cc:523]   native: #01 pc 00000000000e663c  /system/lib64/libart.so (art::ConditionVariable::WaitHoldingLocks(art::Thread*)+152)
05-13 12:05:39.237  8741  8794 F zygote64: runtime.cc:523]   native: #02 pc 00000000003c7dd4  /system/lib64/libart.so (art::Monitor::Wait(art::Thread*, long, int, bool, art::ThreadState)+636)
05-13 12:05:39.237  8741  8794 F zygote64: runtime.cc:523]   native: #03 pc 00000000003c9864  /system/lib64/libart.so (art::Monitor::Wait(art::Thread*, art::mirror::Object*, long, int, bool, art::ThreadState)+376)
05-13 12:05:39.237  8741  8794 F zygote64: runtime.cc:523]   native: #04 pc 000000000000070c  /system/framework/arm64/boot.oat (Java_java_lang_Object_wait__+124)
05-13 12:05:39.237  8741  8794 F zygote64: runtime.cc:523]   at java.lang.Object.wait(Native method)
05-13 12:05:39.237  8741  8794 F zygote64: runtime.cc:523]   - waiting on <0x029a8986> (a java.lang.Daemons$FinalizerWatchdogDaemon)
05-13 12:05:39.237  8741  8794 F zygote64: runtime.cc:523]   at java.lang.Daemons$FinalizerWatchdogDaemon.sleepUntilNeeded(Daemons.java:297)
05-13 12:05:39.237  8741  8794 F zygote64: runtime.cc:523]   - locked <0x029a8986> (a java.lang.Daemons$FinalizerWatchdogDaemon)
05-13 12:05:39.237  8741  8794 F zygote64: runtime.cc:523]   at java.lang.Daemons$FinalizerWatchdogDaemon.runInternal(Daemons.java:277)
05-13 12:05:39.237  8741  8794 F zygote64: runtime.cc:523]   at java.lang.Daemons$Daemon.run(Daemons.java:103)
05-13 12:05:39.238  8741  8794 F zygote64: runtime.cc:523]   at java.lang.Thread.run(Thread.java:764)
05-13 12:05:39.238  8741  8794 F zygote64: runtime.cc:523] 
05-13 12:05:39.238  8741  8794 F zygote64: runtime.cc:523] "HeapTaskDaemon" prio=5 tid=8 Blocked
05-13 12:05:39.238  8741  8794 F zygote64: runtime.cc:523]   | group="" sCount=1 dsCount=0 flags=1 obj=0x130017a0 self=0x79dccd6200
05-13 12:05:39.238  8741  8794 F zygote64: runtime.cc:523]   | sysTid=8752 nice=4 cgrp=default sched=0/0 handle=0x79c59944f0
05-13 12:05:39.238  8741  8794 F zygote64: runtime.cc:523]   | state=S schedstat=( 123897411 28752665 131 ) utm=11 stm=0 core=4 HZ=100
05-13 12:05:39.238  8741  8794 F zygote64: runtime.cc:523]   | stack=0x79c5892000-0x79c5894000 stackSize=1037KB
05-13 12:05:39.238  8741  8794 F zygote64: runtime.cc:523]   | held mutexes=
05-13 12:05:39.238  8741  8794 F zygote64: runtime.cc:523]   kernel: (couldn't read /proc/self/task/8752/stack)
05-13 12:05:39.238  8741  8794 F zygote64: runtime.cc:523]   native: #00 pc 000000000001d4ac  /system/lib64/libc.so (syscall+28)
05-13 12:05:39.238  8741  8794 F zygote64: runtime.cc:523]   native: #01 pc 00000000000e663c  /system/lib64/libart.so (art::ConditionVariable::WaitHoldingLocks(art::Thread*)+152)
